Archive member included because of file (symbol)

C:\Users\chatchai\Desktop\my_project\app_lcd\mbed\TARGET_LPC1768\TOOLCHAIN_GCC_CR\libmbed.a(serial_api.o)
                              C:/Users/chatchai/Desktop/my_project/app_lcd/mbed/TARGET_LPC1768/TOOLCHAIN_GCC_CR/retarget.o (serial_getc)
C:\Users\chatchai\Desktop\my_project\app_lcd\mbed\TARGET_LPC1768\TOOLCHAIN_GCC_CR\libmbed.a(FunctionPointer.o)
                              ./main.o (mbed::FunctionPointer::attach(void (*)()))
C:\Users\chatchai\Desktop\my_project\app_lcd\mbed\TARGET_LPC1768\TOOLCHAIN_GCC_CR\libmbed.a(FileSystemLike.o)
                              C:/Users/chatchai/Desktop/my_project/app_lcd/mbed/TARGET_LPC1768/TOOLCHAIN_GCC_CR/retarget.o (mbed::FileSystemLike::opendir())
C:\Users\chatchai\Desktop\my_project\app_lcd\mbed\TARGET_LPC1768\TOOLCHAIN_GCC_CR\libmbed.a(FilePath.o)
                              C:/Users/chatchai/Desktop/my_project/app_lcd/mbed/TARGET_LPC1768/TOOLCHAIN_GCC_CR/retarget.o (mbed::FilePath::fileName())
C:\Users\chatchai\Desktop\my_project\app_lcd\mbed\TARGET_LPC1768\TOOLCHAIN_GCC_CR\libmbed.a(InterruptIn.o)
                              ./main.o (mbed::InterruptIn::rise(void (*)()))
C:\Users\chatchai\Desktop\my_project\app_lcd\mbed\TARGET_LPC1768\TOOLCHAIN_GCC_CR\libmbed.a(SPI.o)
                              ./SPI_TFT_ILI9341/SPI_TFT_ILI9341_NXP.o (mbed::SPI::SPI(PinName, PinName, PinName, PinName))
C:\Users\chatchai\Desktop\my_project\app_lcd\mbed\TARGET_LPC1768\TOOLCHAIN_GCC_CR\libmbed.a(Ticker.o)
                              ./main.o (mbed::Ticker::detach())
C:\Users\chatchai\Desktop\my_project\app_lcd\mbed\TARGET_LPC1768\TOOLCHAIN_GCC_CR\libmbed.a(Stream.o)
                              ./SPI_TFT_ILI9341/GraphicsDisplay.o (mbed::Stream::close())
C:\Users\chatchai\Desktop\my_project\app_lcd\mbed\TARGET_LPC1768\TOOLCHAIN_GCC_CR\libmbed.a(Timeout.o)
                              ./main.o (vtable for mbed::Timeout)
C:\Users\chatchai\Desktop\my_project\app_lcd\mbed\TARGET_LPC1768\TOOLCHAIN_GCC_CR\libmbed.a(TimerEvent.o)
                              ./main.o (mbed::TimerEvent::~TimerEvent())
C:\Users\chatchai\Desktop\my_project\app_lcd\mbed\TARGET_LPC1768\TOOLCHAIN_GCC_CR\libmbed.a(assert.o)
                              ./SPI_TFT_ILI9341/SPI_TFT_ILI9341_NXP.o (mbed_assert_internal)
C:\Users\chatchai\Desktop\my_project\app_lcd\mbed\TARGET_LPC1768\TOOLCHAIN_GCC_CR\libmbed.a(error.o)
                              C:/Users/chatchai/Desktop/my_project/app_lcd/mbed/TARGET_LPC1768/TOOLCHAIN_GCC_CR/retarget.o (error)
C:\Users\chatchai\Desktop\my_project\app_lcd\mbed\TARGET_LPC1768\TOOLCHAIN_GCC_CR\libmbed.a(exit.o)
                              C:/Users/chatchai/Desktop/my_project/app_lcd/mbed/TARGET_LPC1768/TOOLCHAIN_GCC_CR/retarget.o (exit)
C:\Users\chatchai\Desktop\my_project\app_lcd\mbed\TARGET_LPC1768\TOOLCHAIN_GCC_CR\libmbed.a(gpio.o)
                              C:\Users\chatchai\Desktop\my_project\app_lcd\mbed\TARGET_LPC1768\TOOLCHAIN_GCC_CR\libmbed.a(serial_api.o) (gpio_init_in)
C:\Users\chatchai\Desktop\my_project\app_lcd\mbed\TARGET_LPC1768\TOOLCHAIN_GCC_CR\libmbed.a(mbed_interface.o)
                              C:\Users\chatchai\Desktop\my_project\app_lcd\mbed\TARGET_LPC1768\TOOLCHAIN_GCC_CR\libmbed.a(exit.o) (mbed_interface_connected)
C:\Users\chatchai\Desktop\my_project\app_lcd\mbed\TARGET_LPC1768\TOOLCHAIN_GCC_CR\libmbed.a(pinmap_common.o)
                              C:\Users\chatchai\Desktop\my_project\app_lcd\mbed\TARGET_LPC1768\TOOLCHAIN_GCC_CR\libmbed.a(serial_api.o) (pinmap_pinout)
C:\Users\chatchai\Desktop\my_project\app_lcd\mbed\TARGET_LPC1768\TOOLCHAIN_GCC_CR\libmbed.a(us_ticker_api.o)
                              C:\Users\chatchai\Desktop\my_project\app_lcd\mbed\TARGET_LPC1768\TOOLCHAIN_GCC_CR\libmbed.a(TimerEvent.o) (us_ticker_set_handler)
C:\Users\chatchai\Desktop\my_project\app_lcd\mbed\TARGET_LPC1768\TOOLCHAIN_GCC_CR\libmbed.a(semihost_api.o)
                              C:\Users\chatchai\Desktop\my_project\app_lcd\mbed\TARGET_LPC1768\TOOLCHAIN_GCC_CR\libmbed.a(exit.o) (semihost_exit)
C:\Users\chatchai\Desktop\my_project\app_lcd\mbed\TARGET_LPC1768\TOOLCHAIN_GCC_CR\libmbed.a(wait_api.o)
                              ./SPI_TFT_ILI9341/SPI_TFT_ILI9341_NXP.o (wait_us)
C:\Users\chatchai\Desktop\my_project\app_lcd\mbed\TARGET_LPC1768\TOOLCHAIN_GCC_CR\libmbed.a(pinmap.o)
                              C:\Users\chatchai\Desktop\my_project\app_lcd\mbed\TARGET_LPC1768\TOOLCHAIN_GCC_CR\libmbed.a(pinmap_common.o) (pin_function)
C:\Users\chatchai\Desktop\my_project\app_lcd\mbed\TARGET_LPC1768\TOOLCHAIN_GCC_CR\libmbed.a(gpio_api.o)
                              C:\Users\chatchai\Desktop\my_project\app_lcd\mbed\TARGET_LPC1768\TOOLCHAIN_GCC_CR\libmbed.a(gpio.o) (gpio_init)
C:\Users\chatchai\Desktop\my_project\app_lcd\mbed\TARGET_LPC1768\TOOLCHAIN_GCC_CR\libmbed.a(gpio_irq_api.o)
[...]
Memory Configuration

Name             Origin             Length             Attributes
MFlash512        0x00000000         0x00080000         xr
RamLoc32         0x100000c8         0x00007f38         xrw
RamAHB32         0x2007c000         0x00008000         xrw
*default*        0x00000000         0xffffffff

Linker script and memory map

LOAD ./SPI_TFT_ILI9341/GraphicsDisplay.o
LOAD ./SPI_TFT_ILI9341/SPI_TFT_ILI9341.o
LOAD ./SPI_TFT_ILI9341/SPI_TFT_ILI9341_NUCLEO.o
LOAD ./SPI_TFT_ILI9341/SPI_TFT_ILI9341_NXP.o
LOAD ./SPI_TFT_ILI9341/TextDisplay.o
LOAD ./main.o
LOAD C:/Users/chatchai/Desktop/my_project/app_lcd/mbed/TARGET_LPC1768/TOOLCHAIN_GCC_CR/retarget.o
LOAD C:/Users/chatchai/Desktop/my_project/app_lcd/mbed/TARGET_LPC1768/TOOLCHAIN_GCC_CR/system_LPC17xx.o
LOAD C:/Users/chatchai/Desktop/my_project/app_lcd/mbed/TARGET_LPC1768/TOOLCHAIN_GCC_CR/board.o
LOAD C:/Users/chatchai/Desktop/my_project/app_lcd/mbed/TARGET_LPC1768/TOOLCHAIN_GCC_CR/cmsis_nvic.o
LOAD C:/Users/chatchai/Desktop/my_project/app_lcd/mbed/TARGET_LPC1768/TOOLCHAIN_GCC_CR/startup_LPC17xx.o
LOAD C:\Users\chatchai\Desktop\my_project\app_lcd\mbed\TARGET_LPC1768\TOOLCHAIN_GCC_CR\libmbed.a
START GROUP
LOAD c:/nxp/lpcxpresso_7.3.0_186/lpcxpresso/tools/bin/../lib/gcc/arm-none-eabi/4.8.4/armv7-m\libgcc.a
LOAD c:/nxp/lpcxpresso_7.3.0_186/lpcxpresso/tools/bin/../lib/gcc/arm-none-eabi/4.8.4/../../../../arm-none-eabi/lib/armv7-m\libc.a
LOAD c:/nxp/lpcxpresso_7.3.0_186/lpcxpresso/tools/bin/../lib/gcc/arm-none-eabi/4.8.4/../../../../arm-none-eabi/lib/armv7-m\libstdc++.a
LOAD c:/nxp/lpcxpresso_7.3.0_186/lpcxpresso/tools/bin/../lib/gcc/arm-none-eabi/4.8.4/../../../../arm-none-eabi/lib/armv7-m\libm.a
LOAD c:/nxp/lpcxpresso_7.3.0_186/lpcxpresso/tools/bin/../lib/gcc/arm-none-eabi/4.8.4/../../../../arm-none-eabi/lib/armv7-m\libcr_newlib_nohost.a
LOAD c:/nxp/lpcxpresso_7.3.0_186/lpcxpresso/tools/bin/../lib/gcc/arm-none-eabi/4.8.4/armv7-m\crti.o
LOAD c:/nxp/lpcxpresso_7.3.0_186/lpcxpresso/tools/bin/../lib/gcc/arm-none-eabi/4.8.4/armv7-m\crtn.o
LOAD c:/nxp/lpcxpresso_7.3.0_186/lpcxpresso/tools/bin/../lib/gcc/arm-none-eabi/4.8.4/armv7-m\crtbegin.o
LOAD c:/nxp/lpcxpresso_7.3.0_186/lpcxpresso/tools/bin/../lib/gcc/arm-none-eabi/4.8.4/armv7-m\crtend.o
END GROUP
                0x00080000                __top_MFlash512 = 0x80000
                0x10008000                __top_RamLoc32 = 0x10008000
                0x20084000                __top_RamAHB32 = 0x20084000

.text           0x00000000     0xba3c
 FILL mask 0xff
 *(.isr_vector)
 .isr_vector    0x00000000       0xcc C:/Users/chatchai/Desktop/my_project/app_lcd/mbed/TARGET_LPC1768/TOOLCHAIN_GCC_CR/startup_LPC17xx.o
                0x00000000                g_pfnVectors
                0x000000cc                . = ALIGN (0x4)
                0x000000cc                __section_table_start = .
                0x000000cc                __data_section_table = .
                0x000000cc        0x4 LONG 0xbd9c LOADADDR (.data)
                0x000000d0        0x4 LONG 0x100000c8 ADDR (.data)
                0x000000d4        0x4 LONG 0x8d0 SIZEOF (.data)
                0x000000d8        0x4 LONG 0xbd9c LOADADDR (.data_RAM2)
                0x000000dc        0x4 LONG 0x2007c000 ADDR (.data_RAM2)
                0x000000e0        0x4 LONG 0x0 SIZEOF (.data_RAM2)
                0x000000e4                __data_section_table_end = .
                0x000000e4                __bss_section_table = .
                0x000000e4        0x4 LONG 0x10000998 ADDR (.bss)
                0x000000e8        0x4 LONG 0xc60 SIZEOF (.bss)
                0x000000ec        0x4 LONG 0x2007c000 ADDR (.bss_RAM2)
                0x000000f0        0x4 LONG 0x0 SIZEOF (.bss_RAM2)
                0x000000f4                __bss_section_table_end = .
                0x000000f4                __section_table_end = .
 *(.after_vectors*)
 .after_vectors
                0x000000f4      0x138 C:/Users/chatchai/Desktop/my_project/app_lcd/mbed/TARGET_LPC1768/TOOLCHAIN_GCC_CR/startup_LPC17xx.o
                0x000000f4                NMI_Handler
                0x000000f8                HardFault_Handler
                0x000000fc                MemManage_Handler
                0x00000100                BusFault_Handler
                0x00000104                UsageFault_Handler
                0x00000108                SVC_Handler
                0x0000010c                DebugMon_Handler
                0x00000110                PendSV_Handler
                0x00000114                SysTick_Handler
                0x00000118                ResetISR
                0x000001c4                data_init
                0x000001f8                bss_init
                0x00000228                EINT3_IRQHandler
                0x00000228                CANActivity_IRQHandler
                0x00000228                TIMER3_IRQHandler
                0x00000228                UART0_IRQHandler
                0x00000228                UART1_IRQHandler
                0x00000228                EINT2_IRQHandler
                0x00000228                PWM1_IRQHandler
                0x00000228                IntDefaultHandler
                0x00000228                PLL0_IRQHandler
                0x00000228                USBActivity_IRQHandler
                0x00000228                PLL1_IRQHandler
                0x00000228                SSP0_IRQHandler
                0x00000228                I2S_IRQHandler
                0x00000228                I2C2_IRQHandler
                0x00000228                RTC_IRQHandler
                0x00000228                TIMER0_IRQHandler
                0x00000228                SPI_IRQHandler
                0x00000228                I2C1_IRQHandler
                0x00000228                EINT1_IRQHandler
                0x00000228                TIMER1_IRQHandler
                0x00000228                UART2_IRQHandler
                0x00000228                ADC_IRQHandler
                0x00000228                SSP1_IRQHandler
                0x00000228                USB_IRQHandler
                0x00000228                BOD_IRQHandler
                0x00000228                I2C0_IRQHandler
                0x00000228                WDT_IRQHandler
                0x00000228                RIT_IRQHandler
                0x00000228                QEI_IRQHandler
                0x00000228                EINT0_IRQHandler
                0x00000228                CAN_IRQHandler
                0x00000228                DMA_IRQHandler
                0x00000228                TIMER2_IRQHandler
                0x00000228                UART3_IRQHandler
                0x00000228                MCPWM_IRQHandler
                0x00000228                ENET_IRQHandler
 *(.text*)
 .text._ZNSt6vectorIN4mbed10DigitalOutESaIS1_EED2Ev
                0x0000022c       0x10 ./main.o
                0x0000022c                std::vector<mbed::DigitalOut, std::allocator<mbed::DigitalOut> >::~vector()
                0x0000022c                std::vector<mbed::DigitalOut, std::allocator<mbed::DigitalOut> >::~vector()
 .text._ZN4mbed6TickerD2Ev
                0x0000023c       0x1c ./main.o
                0x0000023c                mbed::Ticker::~Ticker()
                0x0000023c                mbed::Ticker::~Ticker()
 .text._ZN4mbed6TickerD0Ev
                0x00000258       0x20 ./main.o
                0x00000258                mbed::Ticker::~Ticker()
 .text._ZN4mbed7TimeoutD2Ev
                0x00000278       0x1c ./main.o
                0x00000278                mbed::Timeout::~Timeout()
                0x00000278                mbed::Timeout::~Timeout()
 .text._ZN4mbed7TimeoutD0Ev
                0x00000294       0x20 ./main.o
                0x00000294                mbed::Timeout::~Timeout()
 .text.gpio_write
                0x000002b4       0x34 ./main.o
 .text._Z12led_line_hopv
                0x000002e8       0xb4 ./main.o
                0x000002e8                led_line_hop()
 .text._ZN4mbed6TickerC2Ev
                0x0000039c       0x20 ./main.o
                0x0000039c                mbed::Ticker::Ticker()
                0x0000039c                mbed::Ticker::Ticker()
 .text._Z41__static_initialization_and_destruction_0ii
                0x000003bc       0xc8 ./main.o
 .text._Z20hopper_ticker_enablev
                0x00000484       0x3c ./main.o
                0x00000484                hopper_ticker_enable()
 .text._Z24clicker_interrupt_enablev
                0x000004c0       0x1c ./main.o
                0x000004c0                clicker_interrupt_enable()
 .text._Z30_clicker_interrupt_routine_endv
                0x000004dc       0x30 ./main.o
                0x000004dc                _clicker_interrupt_routine_end()
 .text._Z25clicker_interrupt_disablev
                0x0000050c       0x10 ./main.o
                0x0000050c                clicker_interrupt_disable()
 .text._Z32_clicker_interrupt_routine_beginv
                0x0000051c       0x30 ./main.o
                0x0000051c                _clicker_interrupt_routine_begin()
 .text._Z25clicker_interrupt_routinev
                0x0000054c       0x2c ./main.o
                0x0000054c                clicker_interrupt_routine()
 .text._ZNSt6vectorIN4mbed10DigitalOutESaIS1_EE13_M_insert_auxEN9__gnu_cxx17__normal_iteratorIPS1_S3_EERKS1_
                0x00000578      0x20c ./main.o
                0x00000578                std::vector<mbed::DigitalOut, std::allocator<mbed::DigitalOut> >::_M_insert_aux(__gnu_cxx::__normal_iterator<mbed::DigitalOut*, std::vector<mbed::DigitalOut, std::allocator<mbed::DigitalOut> > >, mbed::DigitalOut const&)
 .text._Z19led_line_initializev
                0x00000784       0x70 ./main.o
                0x00000784                led_line_initialize()
 .text.main     0x000007f4       0x98 ./main.o
                0x000007f4                main
 .text._GLOBAL__sub_I_ALWAYS_HIGH
                0x0000088c       0x10 ./main.o
 .text._ZL11init_serialv
                0x0000089c       0x28 C:/Users/chatchai/Desktop/my_project/app_lcd/mbed/TARGET_LPC1768/TOOLCHAIN_GCC_CR/retarget.o
 .text._close   0x000008c4       0x2c C:/Users/chatchai/Desktop/my_project/app_lcd/mbed/TARGET_LPC1768/TOOLCHAIN_GCC_CR/retarget.o
                0x000008c4                _close
 .text._write   0x000008f0       0x88 C:/Users/chatchai/Desktop/my_project/app_lcd/mbed/TARGET_LPC1768/TOOLCHAIN_GCC_CR/retarget.o
                0x000008f0                _write
 .text._read    0x00000978       0x50 C:/Users/chatchai/Desktop/my_project/app_lcd/mbed/TARGET_LPC1768/TOOLCHAIN_GCC_CR/retarget.o
                0x00000978                _read
 .text._isatty  0x000009c8       0x28 C:/Users/chatchai/Desktop/my_project/app_lcd/mbed/TARGET_LPC1768/TOOLCHAIN_GCC_CR/retarget.o
                0x000009c8                _isatty
 .text._lseek   0x000009f0       0x28 C:/Users/chatchai/Desktop/my_project/app_lcd/mbed/TARGET_LPC1768/TOOLCHAIN_GCC_CR/retarget.o
                0x000009f0                _lseek
 .text._fstat   0x00000a18       0x20 C:/Users/chatchai/Desktop/my_project/app_lcd/mbed/TARGET_LPC1768/TOOLCHAIN_GCC_CR/retarget.o
                0x00000a18                _fstat
 .text._ZN9__gnu_cxx27__verbose_terminate_handlerEv
                0x00000a38        0xc C:/Users/chatchai/Desktop/my_project/app_lcd/mbed/TARGET_LPC1768/TOOLCHAIN_GCC_CR/retarget.o
                0x00000a38                __gnu_cxx::__verbose_terminate_handler()
 .text.__cxa_pure_virtual
                0x00000a44        0x8 C:/Users/chatchai/Desktop/my_project/app_lcd/mbed/TARGET_LPC1768/TOOLCHAIN_GCC_CR/retarget.o
                0x00000a44                __cxa_pure_virtual
 .text.SystemInit
                0x00000a4c       0xd0 C:/Users/chatchai/Desktop/my_project/app_lcd/mbed/TARGET_LPC1768/TOOLCHAIN_GCC_CR/system_LPC17xx.o
                0x00000a4c                SystemInit
 .text.mbed_die
                0x00000b1c      0x160 C:/Users/chatchai/Desktop/my_project/app_lcd/mbed/TARGET_LPC1768/TOOLCHAIN_GCC_CR/board.o
                0x00000b1c                mbed_die
 .text.NVIC_SetVector
                0x00000c7c       0x54 C:/Users/chatchai/Desktop/my_project/app_lcd/mbed/TARGET_LPC1768/TOOLCHAIN_GCC_CR/cmsis_nvic.o
                0x00000c7c                NVIC_SetVector
 .text.__aeabi_atexit
                0x00000cd0        0x4 C:/Users/chatchai/Desktop/my_project/app_lcd/mbed/TARGET_LPC1768/TOOLCHAIN_GCC_CR/startup_LPC17xx.o
                0x00000cd0                __aeabi_atexit
 .text._Znwj    0x00000cd4        0x4 C:/Users/chatchai/Desktop/my_project/app_lcd/mbed/TARGET_LPC1768/TOOLCHAIN_GCC_CR/startup_LPC17xx.o
                0x00000cd4                operator new(unsigned int)
 .text._ZdlPv   0x00000cd8        0x4 C:/Users/chatchai/Desktop/my_project/app_lcd/mbed/TARGET_LPC1768/TOOLCHAIN_GCC_CR/startup_LPC17xx.o
                0x00000cd8                operator delete(void*)
 .text.serial_irq_set_internal
                0x00000cdc       0xe8 C:\Users\chatchai\Desktop\my_project\app_lcd\mbed\TARGET_LPC1768\TOOLCHAIN_GCC_CR\libmbed.a(serial_api.o)
 .text.uart0_irq
                0x00000dc4       0x60 C:\Users\chatchai\Desktop\my_project\app_lcd\mbed\TARGET_LPC1768\TOOLCHAIN_GCC_CR\libmbed.a(serial_api.o)
                0x00000dc4                uart0_irq
 .text.uart3_irq
                0x00000e24       0x68 C:\Users\chatchai\Desktop\my_project\app_lcd\mbed\TARGET_LPC1768\TOOLCHAIN_GCC_CR\libmbed.a(serial_api.o)
                0x00000e24                uart3_irq
 .text.uart2_irq
                0x00000e8c       0x64 C:\Users\chatchai\Desktop\my_project\app_lcd\mbed\TARGET_LPC1768\TOOLCHAIN_GCC_CR\libmbed.a(serial_api.o)
                0x00000e8c                uart2_irq
 .text.uart1_irq
                0x00000ef0       0x60 C:\Users\chatchai\Desktop\my_project\app_lcd\mbed\TARGET_LPC1768\TOOLCHAIN_GCC_CR\libmbed.a(serial_api.o)
                0x00000ef0                uart1_irq
 .text.serial_baud
                0x00000f50      0x3a8 C:\Users\chatchai\Desktop\my_project\app_lcd\mbed\TARGET_LPC1768\TOOLCHAIN_GCC_CR\libmbed.a(serial_api.o)
                0x00000f50                serial_baud
 .text.serial_format
                0x000012f8       0x7c C:\Users\chatchai\Desktop\my_project\app_lcd\mbed\TARGET_LPC1768\TOOLCHAIN_GCC_CR\libmbed.a(serial_api.o)
                0x000012f8                serial_format
 .text.serial_getc
                0x00001374       0x34 C:\Users\chatchai\Desktop\my_project\app_lcd\mbed\TARGET_LPC1768\TOOLCHAIN_GCC_CR\libmbed.a(serial_api.o)
                0x00001374                serial_getc
 .text.serial_writable
                0x000013a8       0x78 C:\Users\chatchai\Desktop\my_project\app_lcd\mbed\TARGET_LPC1768\TOOLCHAIN_GCC_CR\libmbed.a(serial_api.o)
                0x000013a8                serial_writable
 .text.serial_putc
                0x00001420       0x34 C:\Users\chatchai\Desktop\my_project\app_lcd\mbed\TARGET_LPC1768\TOOLCHAIN_GCC_CR\libmbed.a(serial_api.o)
                0x00001420                serial_putc
 .text.serial_set_flow_control
                0x00001454      0x140 C:\Users\chatchai\Desktop\my_project\app_lcd\mbed\TARGET_LPC1768\TOOLCHAIN_GCC_CR\libmbed.a(serial_api.o)
                0x00001454                serial_set_flow_control
 .text.serial_init
                0x00001594      0x34c C:\Users\chatchai\Desktop\my_project\app_lcd\mbed\TARGET_LPC1768\TOOLCHAIN_GCC_CR\libmbed.a(serial_api.o)
                0x00001594                serial_init
 .text._ZN4mbed15FunctionPointerC2EPFvvE
                0x000018e0        0xc C:\Users\chatchai\Desktop\my_project\app_lcd\mbed\TARGET_LPC1768\TOOLCHAIN_GCC_CR\libmbed.a(FunctionPointer.o)
                0x000018e0                mbed::FunctionPointer::FunctionPointer(void (*)())
                0x000018e0                mbed::FunctionPointer::FunctionPointer(void (*)())
 .text._ZN4mbed15FunctionPointer6attachEPFvvE
                0x000018ec        0x8 C:\Users\chatchai\Desktop\my_project\app_lcd\mbed\TARGET_LPC1768\TOOLCHAIN_GCC_CR\libmbed.a(FunctionPointer.o)
                0x000018ec                mbed::FunctionPointer::attach(void (*)())
 .text._ZN4mbed15FunctionPointer4callEv
                0x000018f4       0x1c C:\Users\chatchai\Desktop\my_project\app_lcd\mbed\TARGET_LPC1768\TOOLCHAIN_GCC_CR\libmbed.a(FunctionPointer.o)
                0x000018f4                mbed::FunctionPointer::call()
 .text._ZN4mbed11InterruptIn12_irq_handlerEm14gpio_irq_event
                0x00001910       0x18 C:\Users\chatchai\Desktop\my_project\app_lcd\mbed\TARGET_LPC1768\TOOLCHAIN_GCC_CR\libmbed.a(InterruptIn.o)
                0x00001910                mbed::InterruptIn::_irq_handler(unsigned long, gpio_irq_event)
 .text._ZN4mbed11InterruptInD2Ev
                0x00001928       0x18 C:\Users\chatchai\Desktop\my_project\app_lcd\mbed\TARGET_LPC1768\TOOLCHAIN_GCC_CR\libmbed.a(InterruptIn.o)
                0x00001928                mbed::InterruptIn::~InterruptIn()
                0x00001928                mbed::InterruptIn::~InterruptIn()
 .text._ZN4mbed11InterruptInD0Ev
                0x00001940       0x1c C:\Users\chatchai\Desktop\my_project\app_lcd\mbed\TARGET_LPC1768\TOOLCHAIN_GCC_CR\libmbed.a(InterruptIn.o)
                0x00001940                mbed::InterruptIn::~InterruptIn()
 .text._ZN4mbed11InterruptInC2E7PinName
                0x0000195c       0x58 C:\Users\chatchai\Desktop\my_project\app_lcd\mbed\TARGET_LPC1768\TOOLCHAIN_GCC_CR\libmbed.a(InterruptIn.o)
                0x0000195c                mbed::InterruptIn::InterruptIn(PinName)
                0x0000195c                mbed::InterruptIn::InterruptIn(PinName)
 .text._ZN4mbed11InterruptIn4riseEPFvvE
                0x000019b4       0x30 C:\Users\chatchai\Desktop\my_project\app_lcd\mbed\TARGET_LPC1768\TOOLCHAIN_GCC_CR\libmbed.a(InterruptIn.o)
                0x000019b4                mbed::InterruptIn::rise(void (*)())
 .text._ZN4mbed11InterruptIn10enable_irqEv
                0x000019e4        0x8 C:\Users\chatchai\Desktop\my_project\app_lcd\mbed\TARGET_LPC1768\TOOLCHAIN_GCC_CR\libmbed.a(InterruptIn.o)
                0x000019e4                mbed::InterruptIn::enable_irq()
 .text._ZN4mbed11InterruptIn11disable_irqEv
                0x000019ec        0x8 C:\Users\chatchai\Desktop\my_project\app_lcd\mbed\TARGET_LPC1768\TOOLCHAIN_GCC_CR\libmbed.a(InterruptIn.o)
                0x000019ec                mbed::InterruptIn::disable_irq()
 .text._ZN4mbed6Ticker7handlerEv
                0x000019f4       0x28 C:\Users\chatchai\Desktop\my_project\app_lcd\mbed\TARGET_LPC1768\TOOLCHAIN_GCC_CR\libmbed.a(Ticker.o)
                0x000019f4                mbed::Ticker::handler()
 .text._ZN4mbed6Ticker6detachEv
                0x00001a1c       0x18 C:\Users\chatchai\Desktop\my_project\app_lcd\mbed\TARGET_LPC1768\TOOLCHAIN_GCC_CR\libmbed.a(Ticker.o)
                0x00001a1c                mbed::Ticker::detach()
 .text._ZN4mbed6Ticker5setupEy
                0x00001a34       0x24 C:\Users\chatchai\Desktop\my_project\app_lcd\mbed\TARGET_LPC1768\TOOLCHAIN_GCC_CR\libmbed.a(Ticker.o)
                0x00001a34                mbed::Ticker::setup(unsigned long long)
 .text._ZN4mbed7Timeout7handlerEv
                0x00001a58        0x8 C:\Users\chatchai\Desktop\my_project\app_lcd\mbed\TARGET_LPC1768\TOOLCHAIN_GCC_CR\libmbed.a(Timeout.o)
                0x00001a58                mbed::Timeout::handler()
 .text._ZN4mbed10TimerEvent3irqEm
                0x00001a60        0xc C:\Users\chatchai\Desktop\my_project\app_lcd\mbed\TARGET_LPC1768\TOOLCHAIN_GCC_CR\libmbed.a(TimerEvent.o)
                0x00001a60                mbed::TimerEvent::irq(unsigned long)
 .text._ZN4mbed10TimerEventD2Ev
                0x00001a6c       0x18 C:\Users\chatchai\Desktop\my_project\app_lcd\mbed\TARGET_LPC1768\TOOLCHAIN_GCC_CR\libmbed.a(TimerEvent.o)
                0x00001a6c                mbed::TimerEvent::~TimerEvent()
                0x00001a6c                mbed::TimerEvent::~TimerEvent()
 .text._ZN4mbed10TimerEventD0Ev
                0x00001a84       0x1c C:\Users\chatchai\Desktop\my_project\app_lcd\mbed\TARGET_LPC1768\TOOLCHAIN_GCC_CR\libmbed.a(TimerEvent.o)
                0x00001a84                mbed::TimerEvent::~TimerEvent()
 .text._ZN4mbed10TimerEventC2Ev
                0x00001aa0       0x2c C:\Users\chatchai\Desktop\my_project\app_lcd\mbed\TARGET_LPC1768\TOOLCHAIN_GCC_CR\libmbed.a(TimerEvent.o)
                0x00001aa0                mbed::TimerEvent::TimerEvent()
                0x00001aa0                mbed::TimerEvent::TimerEvent()
 .text._ZN4mbed10TimerEvent6insertEy
                0x00001acc       0x14 C:\Users\chatchai\Desktop\my_project\app_lcd\mbed\TARGET_LPC1768\TOOLCHAIN_GCC_CR\libmbed.a(TimerEvent.o)
                0x00001acc                mbed::TimerEvent::insert(unsigned long long)
 .text._ZN4mbed10TimerEvent6removeEv
                0x00001ae0        0x8 C:\Users\chatchai\Desktop\my_project\app_lcd\mbed\TARGET_LPC1768\TOOLCHAIN_GCC_CR\libmbed.a(TimerEvent.o)
                0x00001ae0                mbed::TimerEvent::remove()
 .text.mbed_assert_internal
                0x00001ae8       0x34 C:\Users\chatchai\Desktop\my_project\app_lcd\mbed\TARGET_LPC1768\TOOLCHAIN_GCC_CR\libmbed.a(assert.o)
                0x00001ae8                mbed_assert_internal
 .text.error    0x00001b1c       0x24 C:\Users\chatchai\Desktop\my_project\app_lcd\mbed\TARGET_LPC1768\TOOLCHAIN_GCC_CR\libmbed.a(error.o)
                0x00001b1c                error
 .text.exit     0x00001b40       0x30 C:\Users\chatchai\Desktop\my_project\app_lcd\mbed\TARGET_LPC1768\TOOLCHAIN_GCC_CR\libmbed.a(exit.o)
                0x00001b40                exit
 .text.gpio_init_in_ex
                0x00001b70       0x28 C:\Users\chatchai\Desktop\my_project\app_lcd\mbed\TARGET_LPC1768\TOOLCHAIN_GCC_CR\libmbed.a(gpio.o)
                0x00001b70                gpio_init_in_ex
 .text.gpio_init_in
                0x00001b98        0x8 C:\Users\chatchai\Desktop\my_project\app_lcd\mbed\TARGET_LPC1768\TOOLCHAIN_GCC_CR\libmbed.a(gpio.o)
                0x00001b98                gpio_init_in
 .text.gpio_init_out_ex
                0x00001ba0       0x54 C:\Users\chatchai\Desktop\my_project\app_lcd\mbed\TARGET_LPC1768\TOOLCHAIN_GCC_CR\libmbed.a(gpio.o)
                0x00001ba0                gpio_init_out_ex
 .text.gpio_init_out
                0x00001bf4        0x8 C:\Users\chatchai\Desktop\my_project\app_lcd\mbed\TARGET_LPC1768\TOOLCHAIN_GCC_CR\libmbed.a(gpio.o)
                0x00001bf4                gpio_init_out
 .text.mbed_interface_connected
                0x00001bfc        0x4 C:\Users\chatchai\Desktop\my_project\app_lcd\mbed\TARGET_LPC1768\TOOLCHAIN_GCC_CR\libmbed.a(mbed_interface.o)
                0x00001bfc                mbed_interface_connected
 .text.pinmap_pinout
                0x00001c00       0x50 C:\Users\chatchai\Desktop\my_project\app_lcd\mbed\TARGET_LPC1768\TOOLCHAIN_GCC_CR\libmbed.a(pinmap_common.o)
                0x00001c00                pinmap_pinout
 .text.pinmap_merge
                0x00001c50       0x24 C:\Users\chatchai\Desktop\my_project\app_lcd\mbed\TARGET_LPC1768\TOOLCHAIN_GCC_CR\libmbed.a(pinmap_common.o)
                0x00001c50                pinmap_merge
 .text.pinmap_find_peripheral
                0x00001c74       0x30 C:\Users\chatchai\Desktop\my_project\app_lcd\mbed\TARGET_LPC1768\TOOLCHAIN_GCC_CR\libmbed.a(pinmap_common.o)
                0x00001c74                pinmap_find_peripheral
 .text.pinmap_peripheral
                0x00001ca4       0x40 C:\Users\chatchai\Desktop\my_project\app_lcd\mbed\TARGET_LPC1768\TOOLCHAIN_GCC_CR\libmbed.a(pinmap_common.o)
                0x00001ca4                pinmap_peripheral
 .text.us_ticker_set_handler
                0x00001ce4       0x14 C:\Users\chatchai\Desktop\my_project\app_lcd\mbed\TARGET_LPC1768\TOOLCHAIN_GCC_CR\libmbed.a(us_ticker_api.o)
                0x00001ce4                us_ticker_set_handler
 .text.us_ticker_irq_handler
                0x00001cf8       0x4c C:\Users\chatchai\Desktop\my_project\app_lcd\mbed\TARGET_LPC1768\TOOLCHAIN_GCC_CR\libmbed.a(us_ticker_api.o)
                0x00001cf8                us_ticker_irq_handler
 .text.us_ticker_insert_event
                0x00001d44       0x48 C:\Users\chatchai\Desktop\my_project\app_lcd\mbed\TARGET_LPC1768\TOOLCHAIN_GCC_CR\libmbed.a(us_ticker_api.o)
                0x00001d44                us_ticker_insert_event
 .text.us_ticker_remove_event
                0x00001d8c       0x4c C:\Users\chatchai\Desktop\my_project\app_lcd\mbed\TARGET_LPC1768\TOOLCHAIN_GCC_CR\libmbed.a(us_ticker_api.o)
                0x00001d8c                us_ticker_remove_event
 .text.semihost_exit
                0x00001dd8       0x18 C:\Users\chatchai\Desktop\my_project\app_lcd\mbed\TARGET_LPC1768\TOOLCHAIN_GCC_CR\libmbed.a(semihost_api.o)
                0x00001dd8                semihost_exit
 .text.semihost_connected
                0x00001df0       0x10 C:\Users\chatchai\Desktop\my_project\app_lcd\mbed\TARGET_LPC1768\TOOLCHAIN_GCC_CR\libmbed.a(semihost_api.o)
                0x00001df0                semihost_connected
 .text.wait_us  0x00001e00       0x18 C:\Users\chatchai\Desktop\my_project\app_lcd\mbed\TARGET_LPC1768\TOOLCHAIN_GCC_CR\libmbed.a(wait_api.o)
                0x00001e00                wait_us
 .text.wait_ms  0x00001e18        0xc C:\Users\chatchai\Desktop\my_project\app_lcd\mbed\TARGET_LPC1768\TOOLCHAIN_GCC_CR\libmbed.a(wait_api.o)
                0x00001e18                wait_ms
 .text.wait     0x00001e24       0x1c C:\Users\chatchai\Desktop\my_project\app_lcd\mbed\TARGET_LPC1768\TOOLCHAIN_GCC_CR\libmbed.a(wait_api.o)
                0x00001e24                wait
 .text.pin_function
                0x00001e40       0x5c C:\Users\chatchai\Desktop\my_project\app_lcd\mbed\TARGET_LPC1768\TOOLCHAIN_GCC_CR\libmbed.a(pinmap.o)
                0x00001e40                pin_function
 .text.pin_mode
                0x00001e9c       0x88 C:\Users\chatchai\Desktop\my_project\app_lcd\mbed\TARGET_LPC1768\TOOLCHAIN_GCC_CR\libmbed.a(pinmap.o)
                0x00001e9c                pin_mode
 .text.gpio_set
                0x00001f24       0x44 C:\Users\chatchai\Desktop\my_project\app_lcd\mbed\TARGET_LPC1768\TOOLCHAIN_GCC_CR\libmbed.a(gpio_api.o)
                0x00001f24                gpio_set
 .text.gpio_init
                0x00001f68       0x30 C:\Users\chatchai\Desktop\my_project\app_lcd\mbed\TARGET_LPC1768\TOOLCHAIN_GCC_CR\libmbed.a(gpio_api.o)
                0x00001f68                gpio_init
 .text.gpio_mode
                0x00001f98        0x8 C:\Users\chatchai\Desktop\my_project\app_lcd\mbed\TARGET_LPC1768\TOOLCHAIN_GCC_CR\libmbed.a(gpio_api.o)
                0x00001f98                gpio_mode
 .text.gpio_dir
                0x00001fa0       0x44 C:\Users\chatchai\Desktop\my_project\app_lcd\mbed\TARGET_LPC1768\TOOLCHAIN_GCC_CR\libmbed.a(gpio_api.o)
                0x00001fa0                gpio_dir
 .text.handle_interrupt_in
                0x00001fe4      0x154 C:\Users\chatchai\Desktop\my_project\app_lcd\mbed\TARGET_LPC1768\TOOLCHAIN_GCC_CR\libmbed.a(gpio_irq_api.o)
 .text.gpio_irq_init
                0x00002138       0x78 C:\Users\chatchai\Desktop\my_project\app_lcd\mbed\TARGET_LPC1768\TOOLCHAIN_GCC_CR\libmbed.a(gpio_irq_api.o)
                0x00002138                gpio_irq_init
 .text.gpio_irq_free
                0x000021b0       0x14 C:\Users\chatchai\Desktop\my_project\app_lcd\mbed\TARGET_LPC1768\TOOLCHAIN_GCC_CR\libmbed.a(gpio_irq_api.o)
                0x000021b0                gpio_irq_free
 .text.gpio_irq_set
                0x000021c4      0x164 C:\Users\chatchai\Desktop\my_project\app_lcd\mbed\TARGET_LPC1768\TOOLCHAIN_GCC_CR\libmbed.a(gpio_irq_api.o)
                0x000021c4                gpio_irq_set
 .text.gpio_irq_enable
                0x00002328       0x10 C:\Users\chatchai\Desktop\my_project\app_lcd\mbed\TARGET_LPC1768\TOOLCHAIN_GCC_CR\libmbed.a(gpio_irq_api.o)
                0x00002328                gpio_irq_enable
 .text.gpio_irq_disable
                0x00002338       0x14 C:\Users\chatchai\Desktop\my_project\app_lcd\mbed\TARGET_LPC1768\TOOLCHAIN_GCC_CR\libmbed.a(gpio_irq_api.o)
                0x00002338                gpio_irq_disable
 .text.us_ticker_init
                0x0000234c       0x74 C:\Users\chatchai\Desktop\my_project\app_lcd\mbed\TARGET_LPC1768\TOOLCHAIN_GCC_CR\libmbed.a(us_ticker.o)
                0x0000234c                us_ticker_init
 .text.us_ticker_read
                0x000023c0       0x1c C:\Users\chatchai\Desktop\my_project\app_lcd\mbed\TARGET_LPC1768\TOOLCHAIN_GCC_CR\libmbed.a(us_ticker.o)
                0x000023c0                us_ticker_read
 .text.us_ticker_set_interrupt
                0x000023dc       0x14 C:\Users\chatchai\Desktop\my_project\app_lcd\mbed\TARGET_LPC1768\TOOLCHAIN_GCC_CR\libmbed.a(us_ticker.o)
                0x000023dc                us_ticker_set_interrupt
 .text.us_ticker_disable_interrupt
                0x000023f0       0x14 C:\Users\chatchai\Desktop\my_project\app_lcd\mbed\TARGET_LPC1768\TOOLCHAIN_GCC_CR\libmbed.a(us_ticker.o)
                0x000023f0                us_ticker_disable_interrupt
 .text.us_ticker_clear_interrupt
                0x00002404       0x10 C:\Users\chatchai\Desktop\my_project\app_lcd\mbed\TARGET_LPC1768\TOOLCHAIN_GCC_CR\libmbed.a(us_ticker.o)
                0x00002404                us_ticker_clear_interrupt
 .text          0x00002414      0x370 c:/nxp/lpcxpresso_7.3.0_186/lpcxpresso/tools/bin/../lib/gcc/arm-none-eabi/4.8.4/armv7-m\libgcc.a(_arm_addsubdf3.o)
                0x00002414                __aeabi_drsub
                0x0000241c                __aeabi_dsub
                0x0000241c                __subdf3
                0x00002420                __aeabi_dadd
                0x00002420                __adddf3
                0x00002698                __floatunsidf
                0x00002698                __aeabi_ui2d
                0x000026b8                __floatsidf
                0x000026b8                __aeabi_i2d
                0x000026dc                __aeabi_f2d
                0x000026dc                __extendsfdf2
                0x00002718                __floatundidf
                0x00002718                __aeabi_ul2d
                0x00002728                __floatdidf
                0x00002728                __aeabi_l2d
 .text          0x00002784       0x50 c:/nxp/lpcxpresso_7.3.0_186/lpcxpresso/tools/bin/../lib/gcc/arm-none-eabi/4.8.4/armv7-m\libgcc.a(_arm_fixdfsi.o)
                0x00002784                __aeabi_d2iz
                0x00002784                __fixdfsi
 .text          0x000027d4      0x2a0 c:/nxp/lpcxpresso_7.3.0_186/lpcxpresso/tools/bin/../lib/gcc/arm-none-eabi/4.8.4/armv7-m\libgcc.a(_arm_muldivsf3.o)
                0x000027d4                __mulsf3
                0x000027d4                __aeabi_fmul
                0x0000293c                __aeabi_fdiv
                0x0000293c                __divsf3
 .text          0x00002a74       0x4c c:/nxp/lpcxpresso_7.3.0_186/lpcxpresso/tools/bin/../lib/gcc/arm-none-eabi/4.8.4/armv7-m\libgcc.a(_arm_fixsfsi.o)
                0x00002a74                __aeabi_f2iz
                0x00002a74                __fixsfsi
 .text          0x00002ac0       0x2c c:/nxp/lpcxpresso_7.3.0_186/lpcxpresso/tools/bin/../lib/gcc/arm-none-eabi/4.8.4/armv7-m\libgcc.a(_aeabi_uldivmod.o)
                0x00002ac0                __aeabi_uldivmod
 .text          0x00002aec       0x48 c:/nxp/lpcxpresso_7.3.0_186/lpcxpresso/tools/bin/../lib/gcc/arm-none-eabi/4.8.4/armv7-m\libgcc.a(_fixunssfdi.o)
                0x00002aec                __fixunssfdi
                0x00002aec                __aeabi_f2ulz
 .text          0x00002b34       0x60 c:/nxp/lpcxpresso_7.3.0_186/lpcxpresso/tools/bin/../lib/gcc/arm-none-eabi/4.8.4/armv7-m\libgcc.a(bpabi.o)
                0x00002b34                __gnu_ldivmod_helper
                0x00002b64                __gnu_uldivmod_helper
 .text          0x00002b94        0x4 c:/nxp/lpcxpresso_7.3.0_186/lpcxpresso/tools/bin/../lib/gcc/arm-none-eabi/4.8.4/armv7-m\libgcc.a(_dvmd_tls.o)
                0x00002b94                __aeabi_idiv0
                0x00002b94                __aeabi_ldiv0
 .text          0x00002b98      0x424 c:/nxp/lpcxpresso_7.3.0_186/lpcxpresso/tools/bin/../lib/gcc/arm-none-eabi/4.8.4/armv7-m\libgcc.a(_arm_muldivdf3.o)
                0x00002b98                __aeabi_dmul
                0x00002b98                __muldf3
                0x00002dec                __divdf3
                0x00002dec                __aeabi_ddiv
 .text          0x00002fbc       0x40 c:/nxp/lpcxpresso_7.3.0_186/lpcxpresso/tools/bin/../lib/gcc/arm-none-eabi/4.8.4/armv7-m\libgcc.a(_arm_fixunsdfsi.o)
                0x00002fbc                __aeabi_d2uiz
                0x00002fbc                __fixunsdfsi
 .text          0x00002ffc      0x2a0 c:/nxp/lpcxpresso_7.3.0_186/lpcxpresso/tools/bin/../lib/gcc/arm-none-eabi/4.8.4/armv7-m\libgcc.a(_divdi3.o)
                0x00002ffc                __divdi3
 .text          0x0000329c      0x290 c:/nxp/lpcxpresso_7.3.0_186/lpcxpresso/tools/bin/../lib/gcc/arm-none-eabi/4.8.4/armv7-m\libgcc.a(_udivdi3.o)
                0x0000329c                __udivdi3
 .text.abs      0x0000352c        0x8 c:/nxp/lpcxpresso_7.3.0_186/lpcxpresso/tools/bin/../lib/gcc/arm-none-eabi/4.8.4/../../../../arm-none-eabi/lib/armv7-m\libc.a(lib_a-abs.o)
                0x0000352c                abs
 .text.__errno  0x00003534        0xc c:/nxp/lpcxpresso_7.3.0_186/lpcxpresso/tools/bin/../lib/gcc/arm-none-eabi/4.8.4/../../../../arm-none-eabi/lib/armv7-m\libc.a(lib_a-errno.o)
                0x00003534                __errno
 .text._fclose_r
                0x00003540       0x80 c:/nxp/lpcxpresso_7.3.0_186/lpcxpresso/tools/bin/../lib/gcc/arm-none-eabi/4.8.4/../../../../arm-none-eabi/lib/armv7-m\libc.a(lib_a-fclose.o)
                0x00003540                _fclose_r
 .text.fclose   0x000035c0       0x10 c:/nxp/lpcxpresso_7.3.0_186/lpcxpresso/tools/bin/../lib/gcc/arm-none-eabi/4.8.4/../../../../arm-none-eabi/lib/armv7-m\libc.a(lib_a-fclose.o)
                0x000035c0                fclose
 .text.__sflush_r
                0x000035d0      0x148 c:/nxp/lpcxpresso_7.3.0_186/lpcxpresso/tools/bin/../lib/gcc/arm-none-eabi/4.8.4/../../../../arm-none-eabi/lib/armv7-m\libc.a(lib_a-fflush.o)
                0x000035d0                __sflush_r
 .text._fflush_r
                0x00003718       0x2c c:/nxp/lpcxpresso_7.3.0_186/lpcxpresso/tools/bin/../lib/gcc/arm-none-eabi/4.8.4/../../../../arm-none-eabi/lib/armv7-m\libc.a(lib_a-fflush.o)
                0x00003718                _fflush_r
 .text.fflush   0x00003744       0x24 c:/nxp/lpcxpresso_7.3.0_186/lpcxpresso/tools/bin/../lib/gcc/arm-none-eabi/4.8.4/../../../../arm-none-eabi/lib/armv7-m\libc.a(lib_a-fflush.o)
                0x00003744                fflush
 .text._cleanup_r
                0x00003768        0xc c:/nxp/lpcxpresso_7.3.0_186/lpcxpresso/tools/bin/../lib/gcc/arm-none-eabi/4.8.4/../../../../arm-none-eabi/lib/armv7-m\libc.a(lib_a-findfp.o)
                0x00003768                _cleanup_r
 .text.__sinit  0x00003774       0xf4 c:/nxp/lpcxpresso_7.3.0_186/lpcxpresso/tools/bin/../lib/gcc/arm-none-eabi/4.8.4/../../../../arm-none-eabi/lib/armv7-m\libc.a(lib_a-findfp.o)
                0x00003774                __sinit
 .text.__sfp_lock_acquire
                0x00003868        0x4 c:/nxp/lpcxpresso_7.3.0_186/lpcxpresso/tools/bin/../lib/gcc/arm-none-eabi/4.8.4/../../../../arm-none-eabi/lib/armv7-m\libc.a(lib_a-findfp.o)
                0x00003868                __sfp_lock_acquire
 .text.__sfp_lock_release
                0x0000386c        0x4 c:/nxp/lpcxpresso_7.3.0_186/lpcxpresso/tools/bin/../lib/gcc/arm-none-eabi/4.8.4/../../../../arm-none-eabi/lib/armv7-m\libc.a(lib_a-findfp.o)
                0x0000386c                __sfp_lock_release
 .text.fprintf  0x00003870       0x28 c:/nxp/lpcxpresso_7.3.0_186/lpcxpresso/tools/bin/../lib/gcc/arm-none-eabi/4.8.4/../../../../arm-none-eabi/lib/armv7-m\libc.a(lib_a-fprintf.o)
                0x00003870                fprintf
 .text._malloc_trim_r
                0x00003898       0x9c c:/nxp/lpcxpresso_7.3.0_186/lpcxpresso/tools/bin/../lib/gcc/arm-none-eabi/4.8.4/../../../../arm-none-eabi/lib/armv7-m\libc.a(lib_a-freer.o)
                0x00003898                _malloc_trim_r
 .text._free_r  0x00003934      0x198 c:/nxp/lpcxpresso_7.3.0_186/lpcxpresso/tools/bin/../lib/gcc/arm-none-eabi/4.8.4/../../../../arm-none-eabi/lib/armv7-m\libc.a(lib_a-freer.o)
                0x00003934                _free_r
 .text._fstat_r
                0x00003acc       0x28 c:/nxp/lpcxpresso_7.3.0_186/lpcxpresso/tools/bin/../lib/gcc/arm-none-eabi/4.8.4/../../../../arm-none-eabi/lib/armv7-m\libc.a(lib_a-fstatr.o)
                0x00003acc                _fstat_r
 .text.__sfvwrite_r
                0x00003af4      0x318 c:/nxp/lpcxpresso_7.3.0_186/lpcxpresso/tools/bin/../lib/gcc/arm-none-eabi/4.8.4/../../../../arm-none-eabi/lib/armv7-m\libc.a(lib_a-fvwrite.o)
                0x00003af4                __sfvwrite_r
 .text._fwalk   0x00003e0c       0x48 c:/nxp/lpcxpresso_7.3.0_186/lpcxpresso/tools/bin/../lib/gcc/arm-none-eabi/4.8.4/../../../../arm-none-eabi/lib/armv7-m\libc.a(lib_a-fwalk.o)
                0x00003e0c                _fwalk
 .text._fwalk_reent
                0x00003e54       0x4c c:/nxp/lpcxpresso_7.3.0_186/lpcxpresso/tools/bin/../lib/gcc/arm-none-eabi/4.8.4/../../../../arm-none-eabi/lib/armv7-m\libc.a(lib_a-fwalk.o)
                0x00003e54                _fwalk_reent
 .text.__libc_init_array
                0x00003ea0       0x50 c:/nxp/lpcxpresso_7.3.0_186/lpcxpresso/tools/bin/../lib/gcc/arm-none-eabi/4.8.4/../../../../arm-none-eabi/lib/armv7-m\libc.a(lib_a-init.o)
                0x00003ea0                __libc_init_array
 .text.__smakebuf_r
                0x00003ef0       0xe0 c:/nxp/lpcxpresso_7.3.0_186/lpcxpresso/tools/bin/../lib/gcc/arm-none-eabi/4.8.4/../../../../arm-none-eabi/lib/armv7-m\libc.a(lib_a-makebuf.o)
                0x00003ef0                __smakebuf_r
 .text.malloc   0x00003fd0       0x10 c:/nxp/lpcxpresso_7.3.0_186/lpcxpresso/tools/bin/../lib/gcc/arm-none-eabi/4.8.4/../../../../arm-none-eabi/lib/armv7-m\libc.a(lib_a-malloc.o)
                0x00003fd0                malloc
 .text.free     0x00003fe0       0x10 c:/nxp/lpcxpresso_7.3.0_186/lpcxpresso/tools/bin/../lib/gcc/arm-none-eabi/4.8.4/../../../../arm-none-eabi/lib/armv7-m\libc.a(lib_a-malloc.o)
                0x00003fe0                free
 .text._malloc_r
                0x00003ff0      0x538 c:/nxp/lpcxpresso_7.3.0_186/lpcxpresso/tools/bin/../lib/gcc/arm-none-eabi/4.8.4/../../../../arm-none-eabi/lib/armv7-m\libc.a(lib_a-mallocr.o)
                0x00003ff0                _malloc_r
 .text.memchr   0x00004528       0x94 c:/nxp/lpcxpresso_7.3.0_186/lpcxpresso/tools/bin/../lib/gcc/arm-none-eabi/4.8.4/../../../../arm-none-eabi/lib/armv7-m\libc.a(lib_a-memchr-stub.o)
                0x00004528                memchr
 .text          0x000045bc       0xec c:/nxp/lpcxpresso_7.3.0_186/lpcxpresso/tools/bin/../lib/gcc/arm-none-eabi/4.8.4/../../../../arm-none-eabi/lib/armv7-m\libc.a(lib_a-memcpy.o)
                0x000045bc                memcpy
 .text.memmove  0x000046a8       0xcc c:/nxp/lpcxpresso_7.3.0_186/lpcxpresso/tools/bin/../lib/gcc/arm-none-eabi/4.8.4/../../../../arm-none-eabi/lib/armv7-m\libc.a(lib_a-memmove.o)
                0x000046a8                memmove
 .text.memset   0x00004774       0x94 c:/nxp/lpcxpresso_7.3.0_186/lpcxpresso/tools/bin/../lib/gcc/arm-none-eabi/4.8.4/../../../../arm-none-eabi/lib/armv7-m\libc.a(lib_a-memset.o)
                0x00004774                memset
 .text.__malloc_lock
                0x00004808        0x4 c:/nxp/lpcxpresso_7.3.0_186/lpcxpresso/tools/bin/../lib/gcc/arm-none-eabi/4.8.4/../../../../arm-none-eabi/lib/armv7-m\libc.a(lib_a-mlock.o)
                0x00004808                __malloc_lock
 .text.__malloc_unlock
                0x0000480c        0x4 c:/nxp/lpcxpresso_7.3.0_186/lpcxpresso/tools/bin/../lib/gcc/arm-none-eabi/4.8.4/../../../../arm-none-eabi/lib/armv7-m\libc.a(lib_a-mlock.o)
                0x0000480c                __malloc_unlock
 .text._realloc_r
                0x00004810      0x3c0 c:/nxp/lpcxpresso_7.3.0_186/lpcxpresso/tools/bin/../lib/gcc/arm-none-eabi/4.8.4/../../../../arm-none-eabi/lib/armv7-m\libc.a(lib_a-reallocr.o)
                0x00004810                _realloc_r
 .text._sbrk_r  0x00004bd0       0x24 c:/nxp/lpcxpresso_7.3.0_186/lpcxpresso/tools/bin/../lib/gcc/arm-none-eabi/4.8.4/../../../../arm-none-eabi/lib/armv7-m\libc.a(lib_a-sbrkr.o)
                0x00004bd0                _sbrk_r
 .text.__sread  0x00004bf4       0x24 c:/nxp/lpcxpresso_7.3.0_186/lpcxpresso/tools/bin/../lib/gcc/arm-none-eabi/4.8.4/../../../../arm-none-eabi/lib/armv7-m\libc.a(lib_a-stdio.o)
                0x00004bf4                __sread
 .text.__swrite
                0x00004c18       0x38 c:/nxp/lpcxpresso_7.3.0_186/lpcxpresso/tools/bin/../lib/gcc/arm-none-eabi/4.8.4/../../../../arm-none-eabi/lib/armv7-m\libc.a(lib_a-stdio.o)
                0x00004c18                __swrite
 .text.__sseek  0x00004c50       0x20 c:/nxp/lpcxpresso_7.3.0_186/lpcxpresso/tools/bin/../lib/gcc/arm-none-eabi/4.8.4/../../../../arm-none-eabi/lib/armv7-m\libc.a(lib_a-stdio.o)
                0x00004c50                __sseek
 .text.__sclose
                0x00004c70        0x8 c:/nxp/lpcxpresso_7.3.0_186/lpcxpresso/tools/bin/../lib/gcc/arm-none-eabi/4.8.4/../../../../arm-none-eabi/lib/armv7-m\libc.a(lib_a-stdio.o)
                0x00004c70                __sclose
 .text          0x00004c78      0x23c c:/nxp/lpcxpresso_7.3.0_186/lpcxpresso/tools/bin/../lib/gcc/arm-none-eabi/4.8.4/../../../../arm-none-eabi/lib/armv7-m\libc.a(lib_a-strcmp.o)
                0x00004c78                strcmp
 .text.strlen   0x00004eb4       0x60 c:/nxp/lpcxpresso_7.3.0_186/lpcxpresso/tools/bin/../lib/gcc/arm-none-eabi/4.8.4/../../../../arm-none-eabi/lib/armv7-m\libc.a(lib_a-strlen.o)
                0x00004eb4                strlen
 .text._vfprintf_r
                0x00004f14     0x1524 c:/nxp/lpcxpresso_7.3.0_186/lpcxpresso/tools/bin/../lib/gcc/arm-none-eabi/4.8.4/../../../../arm-none-eabi/lib/armv7-m\libc.a(lib_a-vfprintf.o)
                0x00004f14                _vfprintf_r
 .text.vfprintf
                0x00006438       0x18 c:/nxp/lpcxpresso_7.3.0_186/lpcxpresso/tools/bin/../lib/gcc/arm-none-eabi/4.8.4/../../../../arm-none-eabi/lib/armv7-m\libc.a(lib_a-vfprintf.o)
                0x00006438                vfprintf
 .text.__sbprintf
                0x00006450       0x7c c:/nxp/lpcxpresso_7.3.0_186/lpcxpresso/tools/bin/../lib/gcc/arm-none-eabi/4.8.4/../../../../arm-none-eabi/lib/armv7-m\libc.a(lib_a-vfprintf.o)
 .text.__swbuf_r
                0x000064cc       0xa8 c:/nxp/lpcxpresso_7.3.0_186/lpcxpresso/tools/bin/../lib/gcc/arm-none-eabi/4.8.4/../../../../arm-none-eabi/lib/armv7-m\libc.a(lib_a-wbuf.o)
                0x000064cc                __swbuf_r
 .text._write_r
                0x00006574       0x28 c:/nxp/lpcxpresso_7.3.0_186/lpcxpresso/tools/bin/../lib/gcc/arm-none-eabi/4.8.4/../../../../arm-none-eabi/lib/armv7-m\libc.a(lib_a-writer.o)
                0x00006574                _write_r
 .text.__swsetup_r
                0x0000659c       0xc4 c:/nxp/lpcxpresso_7.3.0_186/lpcxpresso/tools/bin/../lib/gcc/arm-none-eabi/4.8.4/../../../../arm-none-eabi/lib/armv7-m\libc.a(lib_a-wsetup.o)
                0x0000659c                __swsetup_r
 .text._close_r
                0x00006660       0x24 c:/nxp/lpcxpresso_7.3.0_186/lpcxpresso/tools/bin/../lib/gcc/arm-none-eabi/4.8.4/../../../../arm-none-eabi/lib/armv7-m\libc.a(lib_a-closer.o)
                0x00006660                _close_r
 .text.quorem   0x00006684      0x134 c:/nxp/lpcxpresso_7.3.0_186/lpcxpresso/tools/bin/../lib/gcc/arm-none-eabi/4.8.4/../../../../arm-none-eabi/lib/armv7-m\libc.a(lib_a-dtoa.o)
 .text._dtoa_r  0x000067b8      0xe38 c:/nxp/lpcxpresso_7.3.0_186/lpcxpresso/tools/bin/../lib/gcc/arm-none-eabi/4.8.4/../../../../arm-none-eabi/lib/armv7-m\libc.a(lib_a-dtoa.o)
                0x000067b8                _dtoa_r
 .text._isatty_r
                0x000075f0       0x24 c:/nxp/lpcxpresso_7.3.0_186/lpcxpresso/tools/bin/../lib/gcc/arm-none-eabi/4.8.4/../../../../arm-none-eabi/lib/armv7-m\libc.a(lib_a-isattyr.o)
                0x000075f0                _isatty_r
 .text.__locale_charset
                0x00007614        0x8 c:/nxp/lpcxpresso_7.3.0_186/lpcxpresso/tools/bin/../lib/gcc/arm-none-eabi/4.8.4/../../../../arm-none-eabi/lib/armv7-m\libc.a(lib_a-locale.o)
                0x00007614                __locale_charset
 .text.__locale_mb_cur_max
                0x0000761c        0xc c:/nxp/lpcxpresso_7.3.0_186/lpcxpresso/tools/bin/../lib/gcc/arm-none-eabi/4.8.4/../../../../arm-none-eabi/lib/armv7-m\libc.a(lib_a-locale.o)
                0x0000761c                __locale_mb_cur_max
 .text._localeconv_r
                0x00007628        0x8 c:/nxp/lpcxpresso_7.3.0_186/lpcxpresso/tools/bin/../lib/gcc/arm-none-eabi/4.8.4/../../../../arm-none-eabi/lib/armv7-m\libc.a(lib_a-locale.o)
                0x00007628                _localeconv_r
 .text._lseek_r
                0x00007630       0x28 c:/nxp/lpcxpresso_7.3.0_186/lpcxpresso/tools/bin/../lib/gcc/arm-none-eabi/4.8.4/../../../../arm-none-eabi/lib/armv7-m\libc.a(lib_a-lseekr.o)
                0x00007630                _lseek_r
 .text._Balloc  0x00007658       0x4c c:/nxp/lpcxpresso_7.3.0_186/lpcxpresso/tools/bin/../lib/gcc/arm-none-eabi/4.8.4/../../../../arm-none-eabi/lib/armv7-m\libc.a(lib_a-mprec.o)
                0x00007658                _Balloc
 .text._Bfree   0x000076a4       0x14 c:/nxp/lpcxpresso_7.3.0_186/lpcxpresso/tools/bin/../lib/gcc/arm-none-eabi/4.8.4/../../../../arm-none-eabi/lib/armv7-m\libc.a(lib_a-mprec.o)
                0x000076a4                _Bfree
 .text.__multadd
                0x000076b8       0x94 c:/nxp/lpcxpresso_7.3.0_186/lpcxpresso/tools/bin/../lib/gcc/arm-none-eabi/4.8.4/../../../../arm-none-eabi/lib/armv7-m\libc.a(lib_a-mprec.o)
                0x000076b8                __multadd
 .text.__hi0bits
                0x0000774c       0x40 c:/nxp/lpcxpresso_7.3.0_186/lpcxpresso/tools/bin/../lib/gcc/arm-none-eabi/4.8.4/../../../../arm-none-eabi/lib/armv7-m\libc.a(lib_a-mprec.o)
                0x0000774c                __hi0bits
 .text.__lo0bits
                0x0000778c       0x5c c:/nxp/lpcxpresso_7.3.0_186/lpcxpresso/tools/bin/../lib/gcc/arm-none-eabi/4.8.4/../../../../arm-none-eabi/lib/armv7-m\libc.a(lib_a-mprec.o)
                0x0000778c                __lo0bits
 .text.__i2b    0x000077e8       0x14 c:/nxp/lpcxpresso_7.3.0_186/lpcxpresso/tools/bin/../lib/gcc/arm-none-eabi/4.8.4/../../../../arm-none-eabi/lib/armv7-m\libc.a(lib_a-mprec.o)
                0x000077e8                __i2b
 .text.__multiply
                0x000077fc      0x13c c:/nxp/lpcxpresso_7.3.0_186/lpcxpresso/tools/bin/../lib/gcc/arm-none-eabi/4.8.4/../../../../arm-none-eabi/lib/armv7-m\libc.a(lib_a-mprec.o)
                0x000077fc                __multiply
 .text.__pow5mult
                0x00007938       0x9c c:/nxp/lpcxpresso_7.3.0_186/lpcxpresso/tools/bin/../lib/gcc/arm-none-eabi/4.8.4/../../../../arm-none-eabi/lib/armv7-m\libc.a(lib_a-mprec.o)
                0x00007938                __pow5mult
 .text.__lshift
                0x000079d4       0xbc c:/nxp/lpcxpresso_7.3.0_186/lpcxpresso/tools/bin/../lib/gcc/arm-none-eabi/4.8.4/../../../../arm-none-eabi/lib/armv7-m\libc.a(lib_a-mprec.o)
                0x000079d4                __lshift
 .text.__mcmp   0x00007a90       0x48 c:/nxp/lpcxpresso_7.3.0_186/lpcxpresso/tools/bin/../lib/gcc/arm-none-eabi/4.8.4/../../../../arm-none-eabi/lib/armv7-m\libc.a(lib_a-mprec.o)
                0x00007a90                __mcmp
 .text.__mdiff  0x00007ad8       0xd8 c:/nxp/lpcxpresso_7.3.0_186/lpcxpresso/tools/bin/../lib/gcc/arm-none-eabi/4.8.4/../../../../arm-none-eabi/lib/armv7-m\libc.a(lib_a-mprec.o)
                0x00007ad8                __mdiff
 .text.__d2b    0x00007bb0       0xbc c:/nxp/lpcxpresso_7.3.0_186/lpcxpresso/tools/bin/../lib/gcc/arm-none-eabi/4.8.4/../../../../arm-none-eabi/lib/armv7-m\libc.a(lib_a-mprec.o)
                0x00007bb0                __d2b
 .text._read_r  0x00007c6c       0x28 c:/nxp/lpcxpresso_7.3.0_186/lpcxpresso/tools/bin/../lib/gcc/arm-none-eabi/4.8.4/../../../../arm-none-eabi/lib/armv7-m\libc.a(lib_a-readr.o)
                0x00007c6c                _read_r
 .text.__fpclassifyd
                0x00007c94       0x50 c:/nxp/lpcxpresso_7.3.0_186/lpcxpresso/tools/bin/../lib/gcc/arm-none-eabi/4.8.4/../../../../arm-none-eabi/lib/armv7-m\libc.a(lib_a-s_fpclassify.o)
                0x00007c94                __fpclassifyd
 .text.__sprint_r.part.0
                0x00007ce4       0x78 c:/nxp/lpcxpresso_7.3.0_186/lpcxpresso/tools/bin/../lib/gcc/arm-none-eabi/4.8.4/../../../../arm-none-eabi/lib/armv7-m\libc.a(lib_a-vfiprintf.o)
 .text.__sprint_r
                0x00007d5c       0x18 c:/nxp/lpcxpresso_7.3.0_186/lpcxpresso/tools/bin/../lib/gcc/arm-none-eabi/4.8.4/../../../../arm-none-eabi/lib/armv7-m\libc.a(lib_a-vfiprintf.o)
                0x00007d5c                __sprint_r
 .text._calloc_r
                0x00007d74       0x60 c:/nxp/lpcxpresso_7.3.0_186/lpcxpresso/tools/bin/../lib/gcc/arm-none-eabi/4.8.4/../../../../arm-none-eabi/lib/armv7-m\libc.a(lib_a-callocr.o)
                0x00007d74                _calloc_r
 .text._fputwc_r
                0x00007dd4       0xc0 c:/nxp/lpcxpresso_7.3.0_186/lpcxpresso/tools/bin/../lib/gcc/arm-none-eabi/4.8.4/../../../../arm-none-eabi/lib/armv7-m\libc.a(lib_a-fputwc.o)
                0x00007dd4                _fputwc_r
 .text._wcrtomb_r
                0x00007e94       0x50 c:/nxp/lpcxpresso_7.3.0_186/lpcxpresso/tools/bin/../lib/gcc/arm-none-eabi/4.8.4/../../../../arm-none-eabi/lib/armv7-m\libc.a(lib_a-wcrtomb.o)
                0x00007e94                _wcrtomb_r
 .text.__ascii_wctomb
                0x00007ee4       0x1c c:/nxp/lpcxpresso_7.3.0_186/lpcxpresso/tools/bin/../lib/gcc/arm-none-eabi/4.8.4/../../../../arm-none-eabi/lib/armv7-m\libc.a(lib_a-wctomb_r.o)
                0x00007ee4                __ascii_wctomb
 .text._ZSt17__throw_bad_allocv
                0x00007f00       0x20 c:/nxp/lpcxpresso_7.3.0_186/lpcxpresso/tools/bin/../lib/gcc/arm-none-eabi/4.8.4/../../../../arm-none-eabi/lib/armv7-m\libstdc++.a(functexcept.o)
                0x00007f00                std::__throw_bad_alloc()
 .text._ZSt19__throw_logic_errorPKc
                0x00007f20       0x54 c:/nxp/lpcxpresso_7.3.0_186/lpcxpresso/tools/bin/../lib/gcc/arm-none-eabi/4.8.4/../../../../arm-none-eabi/lib/armv7-m\libstdc++.a(functexcept.o)
                0x00007f20                std::__throw_logic_error(char const*)
 .text._ZSt20__throw_length_errorPKc
                0x00007f74       0x54 c:/nxp/lpcxpresso_7.3.0_186/lpcxpresso/tools/bin/../lib/gcc/arm-none-eabi/4.8.4/../../../../arm-none-eabi/lib/armv7-m\libstdc++.a(functexcept.o)
                0x00007f74                std::__throw_length_error(char const*)
 .text._ZSt20__throw_out_of_rangePKc
                0x00007fc8       0x54 c:/nxp/lpcxpresso_7.3.0_186/lpcxpresso/tools/bin/../lib/gcc/arm-none-eabi/4.8.4/../../../../arm-none-eabi/lib/armv7-m\libstdc++.a(functexcept.o)
                0x00007fc8                std::__throw_out_of_range(char const*)
 .text._ZNK12_GLOBAL__N_122generic_error_category4nameEv
                0x0000801c        0x8 c:/nxp/lpcxpresso_7.3.0_186/lpcxpresso/tools/bin/../lib/gcc/arm-none-eabi/4.8.4/../../../../arm-none-eabi/lib/armv7-m\libstdc++.a(system_error.o)
 .text._ZNK12_GLOBAL__N_121system_error_category4nameEv
                0x00008024        0x8 c:/nxp/lpcxpresso_7.3.0_186/lpcxpresso/tools/bin/../lib/gcc/arm-none-eabi/4.8.4/../../../../arm-none-eabi/lib/armv7-m\libstdc++.a(system_error.o)
 .text._ZNSt14error_categoryD2Ev
                0x0000802c        0xc c:/nxp/lpcxpresso_7.3.0_186/lpcxpresso/tools/bin/../lib/gcc/arm-none-eabi/4.8.4/../../../../arm-none-eabi/lib/armv7-m\libstdc++.a(system_error.o)
                0x0000802c                std::error_category::~error_category()
                0x0000802c                std::error_category::~error_category()
 .text._ZNKSt14error_category23default_error_conditionEi
                0x00008038        0x8 c:/nxp/lpcxpresso_7.3.0_186/lpcxpresso/tools/bin/../lib/gcc/arm-none-eabi/4.8.4/../../../../arm-none-eabi/lib/armv7-m\libstdc++.a(system_error.o)
                0x00008038                std::error_category::default_error_condition(int) const
 .text._ZNKSt14error_category10equivalentEiRKSt15error_condition
                0x00008040       0x30 c:/nxp/lpcxpresso_7.3.0_186/lpcxpresso/tools/bin/../lib/gcc/arm-none-eabi/4.8.4/../../../../arm-none-eabi/lib/armv7-m\libstdc++.a(system_error.o)
                0x00008040                std::error_category::equivalent(int, std::error_condition const&) const
 .text._ZNKSt14error_category10equivalentERKSt10error_codei
                0x00008070       0x14 c:/nxp/lpcxpresso_7.3.0_186/lpcxpresso/tools/bin/../lib/gcc/arm-none-eabi/4.8.4/../../../../arm-none-eabi/lib/armv7-m\libstdc++.a(system_error.o)
                0x00008070                std::error_category::equivalent(std::error_code const&, int) const
 .text._ZN12_GLOBAL__N_121system_error_categoryD2Ev
                0x00008084        0xc c:/nxp/lpcxpresso_7.3.0_186/lpcxpresso/tools/bin/../lib/gcc/arm-none-eabi/4.8.4/../../../../arm-none-eabi/lib/armv7-m\libstdc++.a(system_error.o)
 .text._ZN12_GLOBAL__N_122generic_error_categoryD2Ev
                0x00008090        0xc c:/nxp/lpcxpresso_7.3.0_186/lpcxpresso/tools/bin/../lib/gcc/arm-none-eabi/4.8.4/../../../../arm-none-eabi/lib/armv7-m\libstdc++.a(system_error.o)
 .text._ZNSt14error_categoryD0Ev
                0x0000809c       0x14 c:/nxp/lpcxpresso_7.3.0_186/lpcxpresso/tools/bin/../lib/gcc/arm-none-eabi/4.8.4/../../../../arm-none-eabi/lib/armv7-m\libstdc++.a(system_error.o)
                0x0000809c                std::error_category::~error_category()
 .text._ZN12_GLOBAL__N_121system_error_categoryD0Ev
                0x000080b0       0x14 c:/nxp/lpcxpresso_7.3.0_186/lpcxpresso/tools/bin/../lib/gcc/arm-none-eabi/4.8.4/../../../../arm-none-eabi/lib/armv7-m\libstdc++.a(system_error.o)
 .text._ZN12_GLOBAL__N_122generic_error_categoryD0Ev
                0x000080c4       0x14 c:/nxp/lpcxpresso_7.3.0_186/lpcxpresso/tools/bin/../lib/gcc/arm-none-eabi/4.8.4/../../../../arm-none-eabi/lib/armv7-m\libstdc++.a(system_error.o)
 .text._ZNK12_GLOBAL__N_121system_error_category7messageEi
                0x000080d8       0x1c c:/nxp/lpcxpresso_7.3.0_186/lpcxpresso/tools/bin/../lib/gcc/arm-none-eabi/4.8.4/../../../../arm-none-eabi/lib/armv7-m\libstdc++.a(system_error.o)
 .text._ZNK12_GLOBAL__N_122generic_error_category7messageEi
                0x000080f4       0x1c c:/nxp/lpcxpresso_7.3.0_186/lpcxpresso/tools/bin/../lib/gcc/arm-none-eabi/4.8.4/../../../../arm-none-eabi/lib/armv7-m\libstdc++.a(system_error.o)
 .text.startup._GLOBAL__sub_I__ZNSt14error_categoryC2Ev
                0x00008110       0x44 c:/nxp/lpcxpresso_7.3.0_186/lpcxpresso/tools/bin/../lib/gcc/arm-none-eabi/4.8.4/../../../../arm-none-eabi/lib/armv7-m\libstdc++.a(system_error.o)
 .text.__cxa_allocate_exception
                0x00008154       0x58 c:/nxp/lpcxpresso_7.3.0_186/lpcxpresso/tools/bin/../lib/gcc/arm-none-eabi/4.8.4/../../../../arm-none-eabi/lib/armv7-m\libstdc++.a(eh_alloc.o)
                0x00008154                __cxa_allocate_exception
 .text.__cxa_free_exception
                0x000081ac       0x34 c:/nxp/lpcxpresso_7.3.0_186/lpcxpresso/tools/bin/../lib/gcc/arm-none-eabi/4.8.4/../../../../arm-none-eabi/lib/armv7-m\libstdc++.a(eh_alloc.o)
                0x000081ac                __cxa_free_exception
 .text._ZL12read_sleb128PKhPl
                0x000081e0       0x34 c:/nxp/lpcxpresso_7.3.0_186/lpcxpresso/tools/bin/../lib/gcc/arm-none-eabi/4.8.4/../../../../arm-none-eabi/lib/armv7-m\libstdc++.a(eh_personality.o)
 .text._ZL28read_encoded_value_with_basehjPKhPj
                0x00008214       0xb0 c:/nxp/lpcxpresso_7.3.0_186/lpcxpresso/tools/bin/../lib/gcc/arm-none-eabi/4.8.4/../../../../arm-none-eabi/lib/armv7-m\libstdc++.a(eh_personality.o)
 .text._ZL21base_of_encoded_valuehP15_Unwind_Context
                0x000082c4       0x4c c:/nxp/lpcxpresso_7.3.0_186/lpcxpresso/tools/bin/../lib/gcc/arm-none-eabi/4.8.4/../../../../arm-none-eabi/lib/armv7-m\libstdc++.a(eh_personality.o)
 .text._ZL17parse_lsda_headerP15_Unwind_ContextPKhP16lsda_header_info
                0x00008310       0x94 c:/nxp/lpcxpresso_7.3.0_186/lpcxpresso/tools/bin/../lib/gcc/arm-none-eabi/4.8.4/../../../../arm-none-eabi/lib/armv7-m\libstdc++.a(eh_personality.o)
 .text.__gxx_personality_v0
                0x000083a4      0x40c c:/nxp/lpcxpresso_7.3.0_186/lpcxpresso/tools/bin/../lib/gcc/arm-none-eabi/4.8.4/../../../../arm-none-eabi/lib/armv7-m\libstdc++.a(eh_personality.o)
                0x000083a4                __gxx_personality_v0
 .text._ZL23__gxx_exception_cleanup19_Unwind_Reason_CodeP21_Unwind_Control_Block
                0x000087b0       0x44 c:/nxp/lpcxpresso_7.3.0_186/lpcxpresso/tools/bin/../lib/gcc/arm-none-eabi/4.8.4/../../../../arm-none-eabi/lib/armv7-m\libstdc++.a(eh_throw.o)
 .text.__cxa_throw
                0x000087f4       0x90 c:/nxp/lpcxpresso_7.3.0_186/lpcxpresso/tools/bin/../lib/gcc/arm-none-eabi/4.8.4/../../../../arm-none-eabi/lib/armv7-m\libstdc++.a(eh_throw.o)
                0x000087f4                __cxa_throw
 .text.__cxa_rethrow
                0x00008884       0x70 c:/nxp/lpcxpresso_7.3.0_186/lpcxpresso/tools/bin/../lib/gcc/arm-none-eabi/4.8.4/../../../../arm-none-eabi/lib/armv7-m\libstdc++.a(eh_throw.o)
                0x00008884                __cxa_rethrow
 .text.__cxa_end_cleanup
                0x000088f4        0xc c:/nxp/lpcxpresso_7.3.0_186/lpcxpresso/tools/bin/../lib/gcc/arm-none-eabi/4.8.4/../../../../arm-none-eabi/lib/armv7-m\libstdc++.a(eh_arm.o)
                0x000088f4                __cxa_end_cleanup
 .text.__cxa_type_match
                0x00008900       0xac c:/nxp/lpcxpresso_7.3.0_186/lpcxpresso/tools/bin/../lib/gcc/arm-none-eabi/4.8.4/../../../../arm-none-eabi/lib/armv7-m\libstdc++.a(eh_arm.o)
                0x00008900                __cxa_type_match
 .text.__cxa_begin_cleanup
                0x000089ac       0x64 c:/nxp/lpcxpresso_7.3.0_186/lpcxpresso/tools/bin/../lib/gcc/arm-none-eabi/4.8.4/../../../../arm-none-eabi/lib/armv7-m\libstdc++.a(eh_arm.o)
                0x000089ac                __cxa_begin_cleanup
 .text.__gnu_end_cleanup
                0x00008a10       0x70 c:/nxp/lpcxpresso_7.3.0_186/lpcxpresso/tools/bin/../lib/gcc/arm-none-eabi/4.8.4/../../../../arm-none-eabi/lib/armv7-m\libstdc++.a(eh_arm.o)
                0x00008a10                __gnu_end_cleanup
 .text._ZNKSt9bad_alloc4whatEv
                0x00008a80        0x8 c:/nxp/lpcxpresso_7.3.0_186/lpcxpresso/tools/bin/../lib/gcc/arm-none-eabi/4.8.4/../../../../arm-none-eabi/lib/armv7-m\libstdc++.a(bad_alloc.o)
                0x00008a80                std::bad_alloc::what() const
 .text._ZNSt9bad_allocD2Ev
                0x00008a88       0x14 c:/nxp/lpcxpresso_7.3.0_186/lpcxpresso/tools/bin/../lib/gcc/arm-none-eabi/4.8.4/../../../../arm-none-eabi/lib/armv7-m\libstdc++.a(bad_alloc.o)
                0x00008a88                std::bad_alloc::~bad_alloc()
                0x00008a88                std::bad_alloc::~bad_alloc()
 .text._ZNSt9bad_allocD0Ev
                0x00008a9c       0x1c c:/nxp/lpcxpresso_7.3.0_186/lpcxpresso/tools/bin/../lib/gcc/arm-none-eabi/4.8.4/../../../../arm-none-eabi/lib/armv7-m\libstdc++.a(bad_alloc.o)
                0x00008a9c                std::bad_alloc::~bad_alloc()
 .text.__cxa_get_globals_fast
                0x00008ab8        0x8 c:/nxp/lpcxpresso_7.3.0_186/lpcxpresso/tools/bin/../lib/gcc/arm-none-eabi/4.8.4/../../../../arm-none-eabi/lib/armv7-m\libstdc++.a(eh_globals.o)
                0x00008ab8                __cxa_get_globals_fast
 .text.__cxa_get_globals
                0x00008ac0        0x8 c:/nxp/lpcxpresso_7.3.0_186/lpcxpresso/tools/bin/../lib/gcc/arm-none-eabi/4.8.4/../../../../arm-none-eabi/lib/armv7-m\libstdc++.a(eh_globals.o)
                0x00008ac0                __cxa_get_globals
 .text._ZN10__cxxabiv1L24__is_gxx_exception_classEPc
                0x00008ac8       0x3c c:/nxp/lpcxpresso_7.3.0_186/lpcxpresso/tools/bin/../lib/gcc/arm-none-eabi/4.8.4/../../../../arm-none-eabi/lib/armv7-m\libstdc++.a(eh_call.o)
 .text.__cxa_call_terminate
                0x00008b04       0x20 c:/nxp/lpcxpresso_7.3.0_186/lpcxpresso/tools/bin/../lib/gcc/arm-none-eabi/4.8.4/../../../../arm-none-eabi/lib/armv7-m\libstdc++.a(eh_call.o)
                0x00008b04                __cxa_call_terminate
 .text.__cxa_call_unexpected
                0x00008b24       0xdc c:/nxp/lpcxpresso_7.3.0_186/lpcxpresso/tools/bin/../lib/gcc/arm-none-eabi/4.8.4/../../../../arm-none-eabi/lib/armv7-m\libstdc++.a(eh_call.o)
                0x00008b24                __cxa_call_unexpected
 .text._ZNK10__cxxabiv117__class_type_info11__do_upcastEPKS0_PPv
                0x00008c00       0x38 c:/nxp/lpcxpresso_7.3.0_186/lpcxpresso/tools/bin/../lib/gcc/arm-none-eabi/4.8.4/../../../../arm-none-eabi/lib/armv7-m\libstdc++.a(class_type_info.o)
                0x00008c00                __cxxabiv1::__class_type_info::__do_upcast(__cxxabiv1::__class_type_info const*, void**) const
 .text._ZNK10__cxxabiv117__class_type_info20__do_find_public_srcEiPKvPKS0_S2_
                0x00008c38        0xc c:/nxp/lpcxpresso_7.3.0_186/lpcxpresso/tools/bin/../lib/gcc/arm-none-eabi/4.8.4/../../../../arm-none-eabi/lib/armv7-m\libstdc++.a(class_type_info.o)
                0x00008c38                __cxxabiv1::__class_type_info::__do_find_public_src(int, void const*, __cxxabiv1::__class_type_info const*, void const*) const
 .text._ZN10__cxxabiv117__class_type_infoD2Ev
                0x00008c44       0x14 c:/nxp/lpcxpresso_7.3.0_186/lpcxpresso/tools/bin/../lib/gcc/arm-none-eabi/4.8.4/../../../../arm-none-eabi/lib/armv7-m\libstdc++.a(class_type_info.o)
                0x00008c44                __cxxabiv1::__class_type_info::~__class_type_info()
                0x00008c44                __cxxabiv1::__class_type_info::~__class_type_info()
 .text._ZN10__cxxabiv117__class_type_infoD0Ev
                0x00008c58       0x1c c:/nxp/lpcxpresso_7.3.0_186/lpcxpresso/tools/bin/../lib/gcc/arm-none-eabi/4.8.4/../../../../arm-none-eabi/lib/armv7-m\libstdc++.a(class_type_info.o)
                0x00008c58                __cxxabiv1::__class_type_info::~__class_type_info()
 .text._ZNK10__cxxabiv117__class_type_info11__do_upcastEPKS0_PKvRNS0_15__upcast_resultE
                0x00008c74       0x18 c:/nxp/lpcxpresso_7.3.0_186/lpcxpresso/tools/bin/../lib/gcc/arm-none-eabi/4.8.4/../../../../arm-none-eabi/lib/armv7-m\libstdc++.a(class_type_info.o)
                0x00008c74                __cxxabiv1::__class_type_info::__do_upcast(__cxxabiv1::__class_type_info const*, void const*, __cxxabiv1::__class_type_info::__upcast_result&) const
 .text._ZNK10__cxxabiv117__class_type_info10__do_catchEPKSt9type_infoPPvj
                0x00008c8c       0x24 c:/nxp/lpcxpresso_7.3.0_186/lpcxpresso/tools/bin/../lib/gcc/arm-none-eabi/4.8.4/../../../../arm-none-eabi/lib/armv7-m\libstdc++.a(class_type_info.o)
                0x00008c8c                __cxxabiv1::__class_type_info::__do_catch(std::type_info const*, void**, unsigned int) const
 .text._ZNK10__cxxabiv117__class_type_info12__do_dyncastEiNS0_10__sub_kindEPKS0_PKvS3_S5_RNS0_16__dyncast_resultE
                0x00008cb0       0x40 c:/nxp/lpcxpresso_7.3.0_186/lpcxpresso/tools/bin/../lib/gcc/arm-none-eabi/4.8.4/../../../../arm-none-eabi/lib/armv7-m\libstdc++.a(class_type_info.o)
                0x00008cb0                __cxxabiv1::__class_type_info::__do_dyncast(int, __cxxabiv1::__class_type_info::__sub_kind, __cxxabiv1::__class_type_info const*, void const*, __cxxabiv1::__class_type_info const*, void const*, __cxxabiv1::__class_type_info::__dyncast_result&) const
 .text._ZNSt9exceptionD2Ev
                0x00008cf0        0xc c:/nxp/lpcxpresso_7.3.0_186/lpcxpresso/tools/bin/../lib/gcc/arm-none-eabi/4.8.4/../../../../arm-none-eabi/lib/armv7-m\libstdc++.a(eh_exception.o)
                0x00008cf0                std::exception::~exception()
                0x00008cf0                std::exception::~exception()
 .text._ZNSt13bad_exceptionD2Ev
                0x00008cfc        0xc c:/nxp/lpcxpresso_7.3.0_186/lpcxpresso/tools/bin/../lib/gcc/arm-none-eabi/4.8.4/../../../../arm-none-eabi/lib/armv7-m\libstdc++.a(eh_exception.o)
                0x00008cfc                std::bad_exception::~bad_exception()
                0x00008cfc                std::bad_exception::~bad_exception()
 .text._ZNKSt9exception4whatEv
                0x00008d08        0x8 c:/nxp/lpcxpresso_7.3.0_186/lpcxpresso/tools/bin/../lib/gcc/arm-none-eabi/4.8.4/../../../../arm-none-eabi/lib/armv7-m\libstdc++.a(eh_exception.o)
                0x00008d08                std::exception::what() const
 .text._ZNKSt13bad_exception4whatEv
                0x00008d10        0x8 c:/nxp/lpcxpresso_7.3.0_186/lpcxpresso/tools/bin/../lib/gcc/arm-none-eabi/4.8.4/../../../../arm-none-eabi/lib/armv7-m\libstdc++.a(eh_exception.o)
                0x00008d10                std::bad_exception::what() const
 .text._ZNSt9exceptionD0Ev
                0x00008d18       0x14 c:/nxp/lpcxpresso_7.3.0_186/lpcxpresso/tools/bin/../lib/gcc/arm-none-eabi/4.8.4/../../../../arm-none-eabi/lib/armv7-m\libstdc++.a(eh_exception.o)
                0x00008d18                std::exception::~exception()
 .text._ZNSt13bad_exceptionD0Ev
                0x00008d2c       0x14 c:/nxp/lpcxpresso_7.3.0_186/lpcxpresso/tools/bin/../lib/gcc/arm-none-eabi/4.8.4/../../../../arm-none-eabi/lib/armv7-m\libstdc++.a(eh_exception.o)
                0x00008d2c                std::bad_exception::~bad_exception()
 .text._ZN10__cxxabiv120__si_class_type_infoD2Ev
                0x00008d40       0x14 c:/nxp/lpcxpresso_7.3.0_186/lpcxpresso/tools/bin/../lib/gcc/arm-none-eabi/4.8.4/../../../../arm-none-eabi/lib/armv7-m\libstdc++.a(si_class_type_info.o)
                0x00008d40                __cxxabiv1::__si_class_type_info::~__si_class_type_info()
                0x00008d40                __cxxabiv1::__si_class_type_info::~__si_class_type_info()
 .text._ZN10__cxxabiv120__si_class_type_infoD0Ev
                0x00008d54       0x1c c:/nxp/lpcxpresso_7.3.0_186/lpcxpresso/tools/bin/../lib/gcc/arm-none-eabi/4.8.4/../../../../arm-none-eabi/lib/armv7-m\libstdc++.a(si_class_type_info.o)
                0x00008d54                __cxxabiv1::__si_class_type_info::~__si_class_type_info()
 .text._ZNK10__cxxabiv120__si_class_type_info20__do_find_public_srcEiPKvPKNS_17__class_type_infoES2_
                0x00008d70       0x34 c:/nxp/lpcxpresso_7.3.0_186/lpcxpresso/tools/bin/../lib/gcc/arm-none-eabi/4.8.4/../../../../arm-none-eabi/lib/armv7-m\libstdc++.a(si_class_type_info.o)
                0x00008d70                __cxxabiv1::__si_class_type_info::__do_find_public_src(int, void const*, __cxxabiv1::__class_type_info const*, void const*) const
 .text._ZNK10__cxxabiv120__si_class_type_info12__do_dyncastEiNS_17__class_type_info10__sub_kindEPKS1_PKvS4_S6_RNS1_16__dyncast_resultE
                0x00008da4       0x98 c:/nxp/lpcxpresso_7.3.0_186/lpcxpresso/tools/bin/../lib/gcc/arm-none-eabi/4.8.4/../../../../arm-none-eabi/lib/armv7-m\libstdc++.a(si_class_type_info.o)
                0x00008da4                __cxxabiv1::__si_class_type_info::__do_dyncast(int, __cxxabiv1::__class_type_info::__sub_kind, __cxxabiv1::__class_type_info const*, void const*, __cxxabiv1::__class_type_info const*, void const*, __cxxabiv1::__class_type_info::__dyncast_result&) const
 .text._ZNK10__cxxabiv120__si_class_type_info11__do_upcastEPKNS_17__class_type_infoEPKvRNS1_15__upcast_resultE
                0x00008e3c       0x20 c:/nxp/lpcxpresso_7.3.0_186/lpcxpresso/tools/bin/../lib/gcc/arm-none-eabi/4.8.4/../../../../arm-none-eabi/lib/armv7-m\libstdc++.a(si_class_type_info.o)
                0x00008e3c                __cxxabiv1::__si_class_type_info::__do_upcast(__cxxabiv1::__class_type_info const*, void const*, __cxxabiv1::__class_type_info::__upcast_result&) const
 .text._ZN10__cxxabiv111__terminateEPFvvE
                0x00008e5c       0x28 c:/nxp/lpcxpresso_7.3.0_186/lpcxpresso/tools/bin/../lib/gcc/arm-none-eabi/4.8.4/../../../../arm-none-eabi/lib/armv7-m\libstdc++.a(eh_terminate.o)
                0x00008e5c                __cxxabiv1::__terminate(void (*)())
 .text._ZSt9terminatev
                0x00008e84       0x10 c:/nxp/lpcxpresso_7.3.0_186/lpcxpresso/tools/bin/../lib/gcc/arm-none-eabi/4.8.4/../../../../arm-none-eabi/lib/armv7-m\libstdc++.a(eh_terminate.o)
                0x00008e84                std::terminate()
 .text._ZN10__cxxabiv112__unexpectedEPFvvE
                0x00008e94        0x8 c:/nxp/lpcxpresso_7.3.0_186/lpcxpresso/tools/bin/../lib/gcc/arm-none-eabi/4.8.4/../../../../arm-none-eabi/lib/armv7-m\libstdc++.a(eh_terminate.o)
                0x00008e94                __cxxabiv1::__unexpected(void (*)())
 .text._ZSt10unexpectedv
                0x00008e9c       0x10 c:/nxp/lpcxpresso_7.3.0_186/lpcxpresso/tools/bin/../lib/gcc/arm-none-eabi/4.8.4/../../../../arm-none-eabi/lib/armv7-m\libstdc++.a(eh_terminate.o)
                0x00008e9c                std::unexpected()
 .text._ZNKSt11logic_error4whatEv
                0x00008eac        0x4 c:/nxp/lpcxpresso_7.3.0_186/lpcxpresso/tools/bin/../lib/gcc/arm-none-eabi/4.8.4/../../../../arm-none-eabi/lib/armv7-m\libstdc++.a(stdexcept.o)
                0x00008eac                std::logic_error::what() const
 .text._ZNSt11logic_errorD2Ev
                0x00008eb0       0x40 c:/nxp/lpcxpresso_7.3.0_186/lpcxpresso/tools/bin/../lib/gcc/arm-none-eabi/4.8.4/../../../../arm-none-eabi/lib/armv7-m\libstdc++.a(stdexcept.o)
                0x00008eb0                std::logic_error::~logic_error()
                0x00008eb0                std::logic_error::~logic_error()
 .text._ZNSt11logic_errorD0Ev
                0x00008ef0       0x14 c:/nxp/lpcxpresso_7.3.0_186/lpcxpresso/tools/bin/../lib/gcc/arm-none-eabi/4.8.4/../../../../arm-none-eabi/lib/armv7-m\libstdc++.a(stdexcept.o)
                0x00008ef0                std::logic_error::~logic_error()
 .text._ZNSt12length_errorD2Ev
                0x00008f04       0x14 c:/nxp/lpcxpresso_7.3.0_186/lpcxpresso/tools/bin/../lib/gcc/arm-none-eabi/4.8.4/../../../../arm-none-eabi/lib/armv7-m\libstdc++.a(stdexcept.o)
                0x00008f04                std::length_error::~length_error()
                0x00008f04                std::length_error::~length_error()
 .text._ZNSt12length_errorD0Ev
                0x00008f18       0x1c c:/nxp/lpcxpresso_7.3.0_186/lpcxpresso/tools/bin/../lib/gcc/arm-none-eabi/4.8.4/../../../../arm-none-eabi/lib/armv7-m\libstdc++.a(stdexcept.o)
                0x00008f18                std::length_error::~length_error()
 .text._ZNSt12out_of_rangeD2Ev
                0x00008f34       0x14 c:/nxp/lpcxpresso_7.3.0_186/lpcxpresso/tools/bin/../lib/gcc/arm-none-eabi/4.8.4/../../../../arm-none-eabi/lib/armv7-m\libstdc++.a(stdexcept.o)
                0x00008f34                std::out_of_range::~out_of_range()
                0x00008f34                std::out_of_range::~out_of_range()
 .text._ZNSt12out_of_rangeD0Ev
                0x00008f48       0x1c c:/nxp/lpcxpresso_7.3.0_186/lpcxpresso/tools/bin/../lib/gcc/arm-none-eabi/4.8.4/../../../../arm-none-eabi/lib/armv7-m\libstdc++.a(stdexcept.o)
                0x00008f48                std::out_of_range::~out_of_range()
 .text._ZNSt11logic_errorC2ERKSs
                0x00008f64       0x20 c:/nxp/lpcxpresso_7.3.0_186/lpcxpresso/tools/bin/../lib/gcc/arm-none-eabi/4.8.4/../../../../arm-none-eabi/lib/armv7-m\libstdc++.a(stdexcept.o)
                0x00008f64                std::logic_error::logic_error(std::string const&)
                0x00008f64                std::logic_error::logic_error(std::string const&)
 .text._ZNSt12length_errorC2ERKSs
                0x00008f84       0x14 c:/nxp/lpcxpresso_7.3.0_186/lpcxpresso/tools/bin/../lib/gcc/arm-none-eabi/4.8.4/../../../../arm-none-eabi/lib/armv7-m\libstdc++.a(stdexcept.o)
                0x00008f84                std::length_error::length_error(std::string const&)
                0x00008f84                std::length_error::length_error(std::string const&)
 .text._ZNSt12out_of_rangeC2ERKSs
                0x00008f98       0x14 c:/nxp/lpcxpresso_7.3.0_186/lpcxpresso/tools/bin/../lib/gcc/arm-none-eabi/4.8.4/../../../../arm-none-eabi/lib/armv7-m\libstdc++.a(stdexcept.o)
                0x00008f98                std::out_of_range::out_of_range(std::string const&)
                0x00008f98                std::out_of_range::out_of_range(std::string const&)
 .text._ZNSs4_Rep9_S_createEjjRKSaIcE
                0x00008fac       0x58 c:/nxp/lpcxpresso_7.3.0_186/lpcxpresso/tools/bin/../lib/gcc/arm-none-eabi/4.8.4/../../../../arm-none-eabi/lib/armv7-m\libstdc++.a(string-inst.o)
                0x00008fac                std::string::_Rep::_S_create(unsigned int, unsigned int, std::allocator<char> const&)
 .text._ZNSs4_Rep10_M_destroyERKSaIcE
                0x00009004        0x4 c:/nxp/lpcxpresso_7.3.0_186/lpcxpresso/tools/bin/../lib/gcc/arm-none-eabi/4.8.4/../../../../arm-none-eabi/lib/armv7-m\libstdc++.a(string-inst.o)
                0x00009004                std::string::_Rep::_M_destroy(std::allocator<char> const&)
 .text.unlikely._ZNSs4_Rep10_M_disposeERKSaIcE.part.11
                0x00009008       0x14 c:/nxp/lpcxpresso_7.3.0_186/lpcxpresso/tools/bin/../lib/gcc/arm-none-eabi/4.8.4/../../../../arm-none-eabi/lib/armv7-m\libstdc++.a(string-inst.o)
 .text._ZNSs4_Rep10_M_disposeERKSaIcE
                0x0000901c       0x10 c:/nxp/lpcxpresso_7.3.0_186/lpcxpresso/tools/bin/../lib/gcc/arm-none-eabi/4.8.4/../../../../arm-none-eabi/lib/armv7-m\libstdc++.a(string-inst.o)
                0x0000901c                std::string::_Rep::_M_dispose(std::allocator<char> const&)
 .text._ZNSs4_Rep8_M_cloneERKSaIcEj
                0x0000902c       0x50 c:/nxp/lpcxpresso_7.3.0_186/lpcxpresso/tools/bin/../lib/gcc/arm-none-eabi/4.8.4/../../../../arm-none-eabi/lib/armv7-m\libstdc++.a(string-inst.o)
                0x0000902c                std::string::_Rep::_M_clone(std::allocator<char> const&, unsigned int)
 .text._ZNSsC2ERKSs
                0x0000907c       0x40 c:/nxp/lpcxpresso_7.3.0_186/lpcxpresso/tools/bin/../lib/gcc/arm-none-eabi/4.8.4/../../../../arm-none-eabi/lib/armv7-m\libstdc++.a(string-inst.o)
                0x0000907c                std::basic_string<char, std::char_traits<char>, std::allocator<char> >::basic_string(std::string const&)
                0x0000907c                std::basic_string<char, std::char_traits<char>, std::allocator<char> >::basic_string(std::string const&)
 .text._ZNSs12_S_constructIPKcEEPcT_S3_RKSaIcESt20forward_iterator_tag
                0x000090bc       0x70 c:/nxp/lpcxpresso_7.3.0_186/lpcxpresso/tools/bin/../lib/gcc/arm-none-eabi/4.8.4/../../../../arm-none-eabi/lib/armv7-m\libstdc++.a(string-inst.o)
                0x000090bc                char* std::string::_S_construct<char const*>(char const*, char const*, std::allocator<char> const&, std::forward_iterator_tag)
 .text._ZNSsC2EPKcRKSaIcE
                0x0000912c       0x2c c:/nxp/lpcxpresso_7.3.0_186/lpcxpresso/tools/bin/../lib/gcc/arm-none-eabi/4.8.4/../../../../arm-none-eabi/lib/armv7-m\libstdc++.a(string-inst.o)
                0x0000912c                std::basic_string<char, std::char_traits<char>, std::allocator<char> >::basic_string(char const*, std::allocator<char> const&)
                0x0000912c                std::basic_string<char, std::char_traits<char>, std::allocator<char> >::basic_string(char const*, std::allocator<char> const&)
 .text.__cxa_begin_catch
                0x00009158       0x8c c:/nxp/lpcxpresso_7.3.0_186/lpcxpresso/tools/bin/../lib/gcc/arm-none-eabi/4.8.4/../../../../arm-none-eabi/lib/armv7-m\libstdc++.a(eh_catch.o)
                0x00009158                __cxa_begin_catch
 .text.__cxa_end_catch
                0x000091e4       0x8c c:/nxp/lpcxpresso_7.3.0_186/lpcxpresso/tools/bin/../lib/gcc/arm-none-eabi/4.8.4/../../../../arm-none-eabi/lib/armv7-m\libstdc++.a(eh_catch.o)
                0x000091e4                __cxa_end_catch
 .text._ZNSt9type_infoD2Ev
                0x00009270        0xc c:/nxp/lpcxpresso_7.3.0_186/lpcxpresso/tools/bin/../lib/gcc/arm-none-eabi/4.8.4/../../../../arm-none-eabi/lib/armv7-m\libstdc++.a(tinfo.o)
                0x00009270                std::type_info::~type_info()
                0x00009270                std::type_info::~type_info()
 .text._ZNKSt9type_info14__is_pointer_pEv
                0x0000927c        0x4 c:/nxp/lpcxpresso_7.3.0_186/lpcxpresso/tools/bin/../lib/gcc/arm-none-eabi/4.8.4/../../../../arm-none-eabi/lib/armv7-m\libstdc++.a(tinfo.o)
                0x0000927c                std::type_info::__is_pointer_p() const
 .text._ZNKSt9type_info15__is_function_pEv
                0x00009280        0x4 c:/nxp/lpcxpresso_7.3.0_186/lpcxpresso/tools/bin/../lib/gcc/arm-none-eabi/4.8.4/../../../../arm-none-eabi/lib/armv7-m\libstdc++.a(tinfo.o)
                0x00009280                std::type_info::__is_function_p() const
 .text._ZNKSt9type_info11__do_upcastEPKN10__cxxabiv117__class_type_infoEPPv
                0x00009284        0x4 c:/nxp/lpcxpresso_7.3.0_186/lpcxpresso/tools/bin/../lib/gcc/arm-none-eabi/4.8.4/../../../../arm-none-eabi/lib/armv7-m\libstdc++.a(tinfo.o)
                0x00009284                std::type_info::__do_upcast(__cxxabiv1::__class_type_info const*, void**) const
 .text._ZNSt9type_infoD0Ev
                0x00009288       0x14 c:/nxp/lpcxpresso_7.3.0_186/lpcxpresso/tools/bin/../lib/gcc/arm-none-eabi/4.8.4/../../../../arm-none-eabi/lib/armv7-m\libstdc++.a(tinfo.o)
                0x00009288                std::type_info::~type_info()
 .text._ZNKSt9type_infoeqERKS_
                0x0000929c       0x30 c:/nxp/lpcxpresso_7.3.0_186/lpcxpresso/tools/bin/../lib/gcc/arm-none-eabi/4.8.4/../../../../arm-none-eabi/lib/armv7-m\libstdc++.a(tinfo.o)
                0x0000929c                std::type_info::operator==(std::type_info const&) const
 .text._ZNKSt9type_info10__do_catchEPKS_PPvj
                0x000092cc        0x4 c:/nxp/lpcxpresso_7.3.0_186/lpcxpresso/tools/bin/../lib/gcc/arm-none-eabi/4.8.4/../../../../arm-none-eabi/lib/armv7-m\libstdc++.a(tinfo.o)
                0x000092cc                std::type_info::__do_catch(std::type_info const*, void**, unsigned int) const
 .text._sbrk    0x000092d0       0x3c c:/nxp/lpcxpresso_7.3.0_186/lpcxpresso/tools/bin/../lib/gcc/arm-none-eabi/4.8.4/../../../../arm-none-eabi/lib/armv7-m\libcr_newlib_nohost.a(_cr_sbrk.o)
                0x000092d0                _sbrk
 .text.abort    0x0000930c        0x2 c:/nxp/lpcxpresso_7.3.0_186/lpcxpresso/tools/bin/../lib/gcc/arm-none-eabi/4.8.4/../../../../arm-none-eabi/lib/armv7-m\libcr_newlib_nohost.a(cr_abort.o)
                0x0000930c                abort
 *fill*         0x0000930e        0x2 
 .text.__check_heap_overflow
                0x00009310       0x18 c:/nxp/lpcxpresso_7.3.0_186/lpcxpresso/tools/bin/../lib/gcc/arm-none-eabi/4.8.4/../../../../arm-none-eabi/lib/armv7-m\libcr_newlib_nohost.a(_cr_check_heap.o)
                0x00009310                __check_heap_overflow
 .text          0x00009328       0x54 c:/nxp/lpcxpresso_7.3.0_186/lpcxpresso/tools/bin/../lib/gcc/arm-none-eabi/4.8.4/armv7-m\crtbegin.o
 .text          0x0000937c      0x110 c:/nxp/lpcxpresso_7.3.0_186/lpcxpresso/tools/bin/../lib/gcc/arm-none-eabi/4.8.4/armv7-m\libgcc.a(_arm_cmpdf2.o)
                0x0000937c                __gtdf2
                0x0000937c                __gedf2
                0x00009384                __ltdf2
                0x00009384                __ledf2
                0x0000938c                __nedf2
                0x0000938c                __eqdf2
                0x0000938c                __cmpdf2
                0x00009408                __aeabi_cdrcmple
                0x00009418                __aeabi_cdcmpeq
                0x00009418                __aeabi_cdcmple
                0x00009428                __aeabi_dcmpeq
                0x0000943c                __aeabi_dcmplt
                0x00009450                __aeabi_dcmple
                0x00009464                __aeabi_dcmpge
                0x00009478                __aeabi_dcmpgt
 .text          0x0000948c      0xa28 c:/nxp/lpcxpresso_7.3.0_186/lpcxpresso/tools/bin/../lib/gcc/arm-none-eabi/4.8.4/armv7-m\libgcc.a(unwind-arm.o)
                0x00009770                _Unwind_GetCFA
                0x00009774                __gnu_Unwind_RaiseException
                0x000097d4                __gnu_Unwind_ForcedUnwind
                0x000097e8                __gnu_Unwind_Resume
                0x0000982c                __gnu_Unwind_Resume_or_Rethrow
                0x00009848                _Unwind_Complete
                0x0000984c                _Unwind_DeleteException
                0x0000985c                _Unwind_VRS_Get
                0x000098ac                _Unwind_VRS_Set
                0x000098fc                __gnu_Unwind_Backtrace
                0x00009c50                __aeabi_unwind_cpp_pr0
                0x00009c58                __aeabi_unwind_cpp_pr1
                0x00009c60                __aeabi_unwind_cpp_pr2
                0x00009c68                _Unwind_VRS_Pop
 .text          0x00009eb4      0x1ac c:/nxp/lpcxpresso_7.3.0_186/lpcxpresso/tools/bin/../lib/gcc/arm-none-eabi/4.8.4/armv7-m\libgcc.a(libunwind.o)
                0x00009eb4                __restore_core_regs
                0x00009eb4                restore_core_regs
                0x00009ecc                __gnu_Unwind_Restore_VFP
                0x00009ed4                __gnu_Unwind_Save_VFP
                0x00009edc                __gnu_Unwind_Restore_VFP_D
                0x00009ee4                __gnu_Unwind_Save_VFP_D
                0x00009eec                __gnu_Unwind_Restore_VFP_D_16_to_31
                0x00009ef4                __gnu_Unwind_Save_VFP_D_16_to_31
                0x00009efc                __gnu_Unwind_Restore_WMMXD
                0x00009f40                __gnu_Unwind_Save_WMMXD
                0x00009f84                __gnu_Unwind_Restore_WMMXC
                0x00009f98                __gnu_Unwind_Save_WMMXC
                0x00009fac                ___Unwind_RaiseException
                0x00009fac                _Unwind_RaiseException
                0x00009fd0                _Unwind_Resume
                0x00009fd0                ___Unwind_Resume
                0x00009ff4                _Unwind_Resume_or_Rethrow
                0x00009ff4                ___Unwind_Resume_or_Rethrow
                0x0000a018                _Unwind_ForcedUnwind
                0x0000a018                ___Unwind_ForcedUnwind
                0x0000a03c                ___Unwind_Backtrace
                0x0000a03c                _Unwind_Backtrace
 .text          0x0000a060      0x33c c:/nxp/lpcxpresso_7.3.0_186/lpcxpresso/tools/bin/../lib/gcc/arm-none-eabi/4.8.4/armv7-m\libgcc.a(pr-support.o)
                0x0000a0b4                __gnu_unwind_execute
                0x0000a344                __gnu_unwind_frame
                0x0000a36c                _Unwind_GetRegionStart
                0x0000a378                _Unwind_GetLanguageSpecificData
                0x0000a38c                _Unwind_GetDataRelBase
                0x0000a394                _Unwind_GetTextRelBase
 .text._strerror_r
                0x0000a39c      0x39c c:/nxp/lpcxpresso_7.3.0_186/lpcxpresso/tools/bin/../lib/gcc/arm-none-eabi/4.8.4/../../../../arm-none-eabi/lib/armv7-m\libc.a(lib_a-strerror.o)
                0x0000a39c                _strerror_r
 .text.strerror
                0x0000a738       0x14 c:/nxp/lpcxpresso_7.3.0_186/lpcxpresso/tools/bin/../lib/gcc/arm-none-eabi/4.8.4/../../../../arm-none-eabi/lib/armv7-m\libc.a(lib_a-strerror.o)
                0x0000a738                strerror
 .text._user_strerror
                0x0000a74c        0x4 c:/nxp/lpcxpresso_7.3.0_186/lpcxpresso/tools/bin/../lib/gcc/arm-none-eabi/4.8.4/../../../../arm-none-eabi/lib/armv7-m\libc.a(lib_a-u_strerr.o)
                0x0000a74c                _user_strerror
 *(.rodata .rodata.*)
 .rodata.str1.4
                0x0000a750       0xb2 ./main.o
                                 0xb4 (size before relaxing)
 *fill*         0x0000a802        0x2 
 .rodata.str1.4
                0x0000a804        0xe C:/Users/chatchai/Desktop/my_project/app_lcd/mbed/TARGET_LPC1768/TOOLCHAIN_GCC_CR/retarget.o
                                 0x10 (size before relaxing)
 *fill*         0x0000a812        0x2 
 .rodata.str1.4
                0x0000a814       0x4f C:/Users/chatchai/Desktop/my_project/app_lcd/mbed/TARGET_LPC1768/TOOLCHAIN_GCC_CR/board.o
                                 0x68 (size before relaxing)
 *fill*         0x0000a863        0x1 
 .rodata.PinMap_UART_RTS
                0x0000a864       0x24 C:\Users\chatchai\Desktop\my_project\app_lcd\mbed\TARGET_LPC1768\TOOLCHAIN_GCC_CR\libmbed.a(serial_api.o)
 .rodata.PinMap_UART_RX
                0x0000a888       0x6c C:\Users\chatchai\Desktop\my_project\app_lcd\mbed\TARGET_LPC1768\TOOLCHAIN_GCC_CR\libmbed.a(serial_api.o)
 .rodata.CSWTCH.9
                0x0000a8f4       0x10 C:\Users\chatchai\Desktop\my_project\app_lcd\mbed\TARGET_LPC1768\TOOLCHAIN_GCC_CR\libmbed.a(serial_api.o)
 .rodata.str1.4
                0x0000a904      0x1ac C:\Users\chatchai\Desktop\my_project\app_lcd\mbed\TARGET_LPC1768\TOOLCHAIN_GCC_CR\libmbed.a(serial_api.o)
                                0x1c4 (size before relaxing)
 .rodata.PinMap_UART_TX
                0x0000aab0       0x6c C:\Users\chatchai\Desktop\my_project\app_lcd\mbed\TARGET_LPC1768\TOOLCHAIN_GCC_CR\libmbed.a(serial_api.o)
 .rodata.PinMap_UART_CTS
                0x0000ab1c       0x24 C:\Users\chatchai\Desktop\my_project\app_lcd\mbed\TARGET_LPC1768\TOOLCHAIN_GCC_CR\libmbed.a(serial_api.o)
 .rodata._ZTVN4mbed11InterruptInE
                0x0000ab40       0x10 C:\Users\chatchai\Desktop\my_project\app_lcd\mbed\TARGET_LPC1768\TOOLCHAIN_GCC_CR\libmbed.a(InterruptIn.o)
                0x0000ab40                vtable for mbed::InterruptIn
 .rodata._ZTVN4mbed6TickerE
                0x0000ab50       0x18 C:\Users\chatchai\Desktop\my_project\app_lcd\mbed\TARGET_LPC1768\TOOLCHAIN_GCC_CR\libmbed.a(Ticker.o)
                0x0000ab50                vtable for mbed::Ticker
 .rodata._ZTVN4mbed7TimeoutE
                0x0000ab68       0x18 C:\Users\chatchai\Desktop\my_project\app_lcd\mbed\TARGET_LPC1768\TOOLCHAIN_GCC_CR\libmbed.a(Timeout.o)
                0x0000ab68                vtable for mbed::Timeout
 .rodata._ZTVN4mbed10TimerEventE
                0x0000ab80       0x18 C:\Users\chatchai\Desktop\my_project\app_lcd\mbed\TARGET_LPC1768\TOOLCHAIN_GCC_CR\libmbed.a(TimerEvent.o)
                0x0000ab80                vtable for mbed::TimerEvent
 .rodata.str1.4
                0x0000ab98       0x31 C:\Users\chatchai\Desktop\my_project\app_lcd\mbed\TARGET_LPC1768\TOOLCHAIN_GCC_CR\libmbed.a(assert.o)
                                 0x34 (size before relaxing)
 .rodata.str1.4
                0x00000000       0x68 C:\Users\chatchai\Desktop\my_project\app_lcd\mbed\TARGET_LPC1768\TOOLCHAIN_GCC_CR\libmbed.a(gpio.o)
 *fill*         0x0000abc9        0x3 
 .rodata.str1.4
                0x0000abcc       0x48 C:\Users\chatchai\Desktop\my_project\app_lcd\mbed\TARGET_LPC1768\TOOLCHAIN_GCC_CR\libmbed.a(pinmap_common.o)
 .rodata.str1.4
                0x0000ac14       0x66 C:\Users\chatchai\Desktop\my_project\app_lcd\mbed\TARGET_LPC1768\TOOLCHAIN_GCC_CR\libmbed.a(pinmap.o)
                                 0x68 (size before relaxing)
 *fill*         0x0000ac7a        0x2 
 .rodata.str1.4
                0x0000ac7c       0x54 C:\Users\chatchai\Desktop\my_project\app_lcd\mbed\TARGET_LPC1768\TOOLCHAIN_GCC_CR\libmbed.a(gpio_api.o)
                                 0x80 (size before relaxing)
 .rodata.str1.4
                0x0000acd0       0x2d C:\Users\chatchai\Desktop\my_project\app_lcd\mbed\TARGET_LPC1768\TOOLCHAIN_GCC_CR\libmbed.a(gpio_irq_api.o)
                                 0x30 (size before relaxing)
 *fill*         0x0000acfd        0x3 
 .rodata.str1.4
                0x0000ad00        0x2 c:/nxp/lpcxpresso_7.3.0_186/lpcxpresso/tools/bin/../lib/gcc/arm-none-eabi/4.8.4/../../../../arm-none-eabi/lib/armv7-m\libc.a(lib_a-impure.o)
                                  0x4 (size before relaxing)
 *fill*         0x0000ad02        0x2 
 .rodata._global_impure_ptr
                0x0000ad04        0x4 c:/nxp/lpcxpresso_7.3.0_186/lpcxpresso/tools/bin/../lib/gcc/arm-none-eabi/4.8.4/../../../../arm-none-eabi/lib/armv7-m\libc.a(lib_a-impure.o)
                0x0000ad04                _global_impure_ptr
 .rodata.blanks.6777
                0x0000ad08       0x10 c:/nxp/lpcxpresso_7.3.0_186/lpcxpresso/tools/bin/../lib/gcc/arm-none-eabi/4.8.4/../../../../arm-none-eabi/lib/armv7-m\libc.a(lib_a-vfprintf.o)
 .rodata.str1.4
                0x0000ad18       0x42 c:/nxp/lpcxpresso_7.3.0_186/lpcxpresso/tools/bin/../lib/gcc/arm-none-eabi/4.8.4/../../../../arm-none-eabi/lib/armv7-m\libc.a(lib_a-vfprintf.o)
                                 0x44 (size before relaxing)
 *fill*         0x0000ad5a        0x2 
 .rodata.zeroes.6778
                0x0000ad5c       0x10 c:/nxp/lpcxpresso_7.3.0_186/lpcxpresso/tools/bin/../lib/gcc/arm-none-eabi/4.8.4/../../../../arm-none-eabi/lib/armv7-m\libc.a(lib_a-vfprintf.o)
 .rodata.str1.4
                0x0000ad6c       0x10 c:/nxp/lpcxpresso_7.3.0_186/lpcxpresso/tools/bin/../lib/gcc/arm-none-eabi/4.8.4/../../../../arm-none-eabi/lib/armv7-m\libc.a(lib_a-dtoa.o)
                                 0x14 (size before relaxing)
 .rodata.str1.4
                0x0000ad7c        0xa c:/nxp/lpcxpresso_7.3.0_186/lpcxpresso/tools/bin/../lib/gcc/arm-none-eabi/4.8.4/../../../../arm-none-eabi/lib/armv7-m\libc.a(lib_a-locale.o)
                                 0x14 (size before relaxing)
 *fill*         0x0000ad86        0x2 
 .rodata.__mprec_tens
                0x0000ad88       0xc8 c:/nxp/lpcxpresso_7.3.0_186/lpcxpresso/tools/bin/../lib/gcc/arm-none-eabi/4.8.4/../../../../arm-none-eabi/lib/armv7-m\libc.a(lib_a-mprec.o)
                0x0000ad88                __mprec_tens
 .rodata.__mprec_bigtens
                0x0000ae50       0x28 c:/nxp/lpcxpresso_7.3.0_186/lpcxpresso/tools/bin/../lib/gcc/arm-none-eabi/4.8.4/../../../../arm-none-eabi/lib/armv7-m\libc.a(lib_a-mprec.o)
                0x0000ae50                __mprec_bigtens
 .rodata.p05.5269
                0x0000ae78        0xc c:/nxp/lpcxpresso_7.3.0_186/lpcxpresso/tools/bin/../lib/gcc/arm-none-eabi/4.8.4/../../../../arm-none-eabi/lib/armv7-m\libc.a(lib_a-mprec.o)
 .rodata._ZTSN12_GLOBAL__N_121system_error_categoryE
                0x0000ae84       0x2c c:/nxp/lpcxpresso_7.3.0_186/lpcxpresso/tools/bin/../lib/gcc/arm-none-eabi/4.8.4/../../../../arm-none-eabi/lib/armv7-m\libstdc++.a(system_error.o)
 .rodata._ZTVSt14error_category
                0x0000aeb0       0x28 c:/nxp/lpcxpresso_7.3.0_186/lpcxpresso/tools/bin/../lib/gcc/arm-none-eabi/4.8.4/../../../../arm-none-eabi/lib/armv7-m\libstdc++.a(system_error.o)
                0x0000aeb0                vtable for std::error_category
 .rodata._ZTVN12_GLOBAL__N_121system_error_categoryE
                0x0000aed8       0x28 c:/nxp/lpcxpresso_7.3.0_186/lpcxpresso/tools/bin/../lib/gcc/arm-none-eabi/4.8.4/../../../../arm-none-eabi/lib/armv7-m\libstdc++.a(system_error.o)
 .rodata._ZTSSt14error_category
                0x0000af00       0x14 c:/nxp/lpcxpresso_7.3.0_186/lpcxpresso/tools/bin/../lib/gcc/arm-none-eabi/4.8.4/../../../../arm-none-eabi/lib/armv7-m\libstdc++.a(system_error.o)
                0x0000af00                typeinfo name for std::error_category
 *fill*         0x0000af14        0x4 
 .rodata._ZTVN12_GLOBAL__N_122generic_error_categoryE
                0x0000af18       0x28 c:/nxp/lpcxpresso_7.3.0_186/lpcxpresso/tools/bin/../lib/gcc/arm-none-eabi/4.8.4/../../../../arm-none-eabi/lib/armv7-m\libstdc++.a(system_error.o)
 .rodata.str1.4
                0x0000af40        0xf c:/nxp/lpcxpresso_7.3.0_186/lpcxpresso/tools/bin/../lib/gcc/arm-none-eabi/4.8.4/../../../../arm-none-eabi/lib/armv7-m\libstdc++.a(system_error.o)
                                 0x10 (size before relaxing)
 *fill*         0x0000af4f        0x1 
 .rodata._ZTISt14error_category
                0x0000af50        0x8 c:/nxp/lpcxpresso_7.3.0_186/lpcxpresso/tools/bin/../lib/gcc/arm-none-eabi/4.8.4/../../../../arm-none-eabi/lib/armv7-m\libstdc++.a(system_error.o)
                0x0000af50                typeinfo for std::error_category
 .rodata._ZTSN12_GLOBAL__N_122generic_error_categoryE
                0x0000af58       0x2c c:/nxp/lpcxpresso_7.3.0_186/lpcxpresso/tools/bin/../lib/gcc/arm-none-eabi/4.8.4/../../../../arm-none-eabi/lib/armv7-m\libstdc++.a(system_error.o)
 .rodata._ZTIN12_GLOBAL__N_121system_error_categoryE
                0x0000af84        0xc c:/nxp/lpcxpresso_7.3.0_186/lpcxpresso/tools/bin/../lib/gcc/arm-none-eabi/4.8.4/../../../../arm-none-eabi/lib/armv7-m\libstdc++.a(system_error.o)
 .rodata._ZTIN12_GLOBAL__N_122generic_error_categoryE
                0x0000af90        0xc c:/nxp/lpcxpresso_7.3.0_186/lpcxpresso/tools/bin/../lib/gcc/arm-none-eabi/4.8.4/../../../../arm-none-eabi/lib/armv7-m\libstdc++.a(system_error.o)
 *fill*         0x0000af9c        0x4 
 .rodata._ZTVSt9bad_alloc
                0x0000afa0       0x18 c:/nxp/lpcxpresso_7.3.0_186/lpcxpresso/tools/bin/../lib/gcc/arm-none-eabi/4.8.4/../../../../arm-none-eabi/lib/armv7-m\libstdc++.a(bad_alloc.o)
                0x0000afa0                vtable for std::bad_alloc
 .rodata._ZTISt9bad_alloc
                0x0000afb8        0xc c:/nxp/lpcxpresso_7.3.0_186/lpcxpresso/tools/bin/../lib/gcc/arm-none-eabi/4.8.4/../../../../arm-none-eabi/lib/armv7-m\libstdc++.a(bad_alloc.o)
                0x0000afb8                typeinfo for std::bad_alloc
 .rodata.str1.4
                0x0000afc4        0xf c:/nxp/lpcxpresso_7.3.0_186/lpcxpresso/tools/bin/../lib/gcc/arm-none-eabi/4.8.4/../../../../arm-none-eabi/lib/armv7-m\libstdc++.a(bad_alloc.o)
                                 0x10 (size before relaxing)
 *fill*         0x0000afd3        0x1 
 .rodata._ZTSSt9bad_alloc