Archive member included because of file (symbol)

C:\Users\chatchai\Desktop\my_project\app_lcd\mbed\TARGET_LPC1768\TOOLCHAIN_GCC_CR\libmbed.a(serial_api.o)
                              C:/Users/chatchai/Desktop/my_project/app_lcd/mbed/TARGET_LPC1768/TOOLCHAIN_GCC_CR/retarget.o (serial_getc)
C:\Users\chatchai\Desktop\my_project\app_lcd\mbed\TARGET_LPC1768\TOOLCHAIN_GCC_CR\libmbed.a(FileSystemLike.o)
                              C:/Users/chatchai/Desktop/my_project/app_lcd/mbed/TARGET_LPC1768/TOOLCHAIN_GCC_CR/retarget.o (mbed::FileSystemLike::opendir())
C:\Users\chatchai\Desktop\my_project\app_lcd\mbed\TARGET_LPC1768\TOOLCHAIN_GCC_CR\libmbed.a(FilePath.o)
                              C:/Users/chatchai/Desktop/my_project/app_lcd/mbed/TARGET_LPC1768/TOOLCHAIN_GCC_CR/retarget.o (mbed::FilePath::fileName())
C:\Users\chatchai\Desktop\my_project\app_lcd\mbed\TARGET_LPC1768\TOOLCHAIN_GCC_CR\libmbed.a(SPI.o)
                              ./SPI_TFT_ILI9341/SPI_TFT_ILI9341_NXP.o (mbed::SPI::SPI(PinName, PinName, PinName, PinName))
C:\Users\chatchai\Desktop\my_project\app_lcd\mbed\TARGET_LPC1768\TOOLCHAIN_GCC_CR\libmbed.a(Stream.o)
                              ./SPI_TFT_ILI9341/GraphicsDisplay.o (mbed::Stream::close())
C:\Users\chatchai\Desktop\my_project\app_lcd\mbed\TARGET_LPC1768\TOOLCHAIN_GCC_CR\libmbed.a(assert.o)
                              ./SPI_TFT_ILI9341/SPI_TFT_ILI9341_NXP.o (mbed_assert_internal)
C:\Users\chatchai\Desktop\my_project\app_lcd\mbed\TARGET_LPC1768\TOOLCHAIN_GCC_CR\libmbed.a(error.o)
                              C:/Users/chatchai/Desktop/my_project/app_lcd/mbed/TARGET_LPC1768/TOOLCHAIN_GCC_CR/retarget.o (error)
C:\Users\chatchai\Desktop\my_project\app_lcd\mbed\TARGET_LPC1768\TOOLCHAIN_GCC_CR\libmbed.a(exit.o)
                              C:/Users/chatchai/Desktop/my_project/app_lcd/mbed/TARGET_LPC1768/TOOLCHAIN_GCC_CR/retarget.o (exit)
C:\Users\chatchai\Desktop\my_project\app_lcd\mbed\TARGET_LPC1768\TOOLCHAIN_GCC_CR\libmbed.a(gpio.o)
                              C:\Users\chatchai\Desktop\my_project\app_lcd\mbed\TARGET_LPC1768\TOOLCHAIN_GCC_CR\libmbed.a(serial_api.o) (gpio_init_in)
C:\Users\chatchai\Desktop\my_project\app_lcd\mbed\TARGET_LPC1768\TOOLCHAIN_GCC_CR\libmbed.a(mbed_interface.o)
                              C:\Users\chatchai\Desktop\my_project\app_lcd\mbed\TARGET_LPC1768\TOOLCHAIN_GCC_CR\libmbed.a(exit.o) (mbed_interface_connected)
C:\Users\chatchai\Desktop\my_project\app_lcd\mbed\TARGET_LPC1768\TOOLCHAIN_GCC_CR\libmbed.a(pinmap_common.o)
                              C:\Users\chatchai\Desktop\my_project\app_lcd\mbed\TARGET_LPC1768\TOOLCHAIN_GCC_CR\libmbed.a(serial_api.o) (pinmap_pinout)
C:\Users\chatchai\Desktop\my_project\app_lcd\mbed\TARGET_LPC1768\TOOLCHAIN_GCC_CR\libmbed.a(semihost_api.o)
                              C:\Users\chatchai\Desktop\my_project\app_lcd\mbed\TARGET_LPC1768\TOOLCHAIN_GCC_CR\libmbed.a(exit.o) (semihost_exit)
C:\Users\chatchai\Desktop\my_project\app_lcd\mbed\TARGET_LPC1768\TOOLCHAIN_GCC_CR\libmbed.a(wait_api.o)
                              ./SPI_TFT_ILI9341/SPI_TFT_ILI9341_NXP.o (wait_us)
C:\Users\chatchai\Desktop\my_project\app_lcd\mbed\TARGET_LPC1768\TOOLCHAIN_GCC_CR\libmbed.a(pinmap.o)
                              C:\Users\chatchai\Desktop\my_project\app_lcd\mbed\TARGET_LPC1768\TOOLCHAIN_GCC_CR\libmbed.a(pinmap_common.o) (pin_function)
C:\Users\chatchai\Desktop\my_project\app_lcd\mbed\TARGET_LPC1768\TOOLCHAIN_GCC_CR\libmbed.a(gpio_api.o)
                              C:\Users\chatchai\Desktop\my_project\app_lcd\mbed\TARGET_LPC1768\TOOLCHAIN_GCC_CR\libmbed.a(gpio.o) (gpio_init)
C:\Users\chatchai\Desktop\my_project\app_lcd\mbed\TARGET_LPC1768\TOOLCHAIN_GCC_CR\libmbed.a(us_ticker.o)
                              C:\Users\chatchai\Desktop\my_project\app_lcd\mbed\TARGET_LPC1768\TOOLCHAIN_GCC_CR\libmbed.a(wait_api.o) (us_ticker_read)
C:\Users\chatchai\Desktop\my_project\app_lcd\mbed\TARGET_LPC1768\TOOLCHAIN_GCC_CR\libmbed.a(spi_api.o)
                              C:\Users\chatchai\Desktop\my_project\app_lcd\mbed\TARGET_LPC1768\TOOLCHAIN_GCC_CR\libmbed.a(SPI.o) (spi_format)
C:\Users\chatchai\Desktop\my_project\app_lcd\mbed\TARGET_LPC1768\TOOLCHAIN_GCC_CR\libmbed.a(FileBase.o)
                              C:\Users\chatchai\Desktop\my_project\app_lcd\mbed\TARGET_LPC1768\TOOLCHAIN_GCC_CR\libmbed.a(FileSystemLike.o) (mbed::FileBase::~FileBase())
C:\Users\chatchai\Desktop\my_project\app_lcd\mbed\TARGET_LPC1768\TOOLCHAIN_GCC_CR\libmbed.a(FileLike.o)
                              C:\Users\chatchai\Desktop\my_project\app_lcd\mbed\TARGET_LPC1768\TOOLCHAIN_GCC_CR\libmbed.a(Stream.o) (mbed::FileLike::~FileLike())
C:\Users\chatchai\Desktop\my_project\app_lcd\mbed\TARGET_LPC1768\TOOLCHAIN_GCC_CR\libmbed.a(us_ticker_api.o)
                              C:\Users\chatchai\Desktop\my_project\app_lcd\mbed\TARGET_LPC1768\TOOLCHAIN_GCC_CR\libmbed.a(us_ticker.o) (us_ticker_irq_handler)
[...]
Memory Configuration

Name             Origin             Length             Attributes
MFlash512        0x00000000         0x00080000         xr
RamLoc32         0x100000c8         0x00007f38         xrw
RamAHB32         0x2007c000         0x00008000         xrw
*default*        0x00000000         0xffffffff

Linker script and memory map

LOAD ./SPI_TFT_ILI9341/GraphicsDisplay.o
LOAD ./SPI_TFT_ILI9341/SPI_TFT_ILI9341.o
LOAD ./SPI_TFT_ILI9341/SPI_TFT_ILI9341_NUCLEO.o
LOAD ./SPI_TFT_ILI9341/SPI_TFT_ILI9341_NXP.o
LOAD ./SPI_TFT_ILI9341/TextDisplay.o
LOAD ./main.o
LOAD C:/Users/chatchai/Desktop/my_project/app_lcd/mbed/TARGET_LPC1768/TOOLCHAIN_GCC_CR/retarget.o
LOAD C:/Users/chatchai/Desktop/my_project/app_lcd/mbed/TARGET_LPC1768/TOOLCHAIN_GCC_CR/system_LPC17xx.o
LOAD C:/Users/chatchai/Desktop/my_project/app_lcd/mbed/TARGET_LPC1768/TOOLCHAIN_GCC_CR/board.o
LOAD C:/Users/chatchai/Desktop/my_project/app_lcd/mbed/TARGET_LPC1768/TOOLCHAIN_GCC_CR/cmsis_nvic.o
LOAD C:/Users/chatchai/Desktop/my_project/app_lcd/mbed/TARGET_LPC1768/TOOLCHAIN_GCC_CR/startup_LPC17xx.o
LOAD C:\Users\chatchai\Desktop\my_project\app_lcd\mbed\TARGET_LPC1768\TOOLCHAIN_GCC_CR\libmbed.a
START GROUP
LOAD c:/nxp/lpcxpresso_7.3.0_186/lpcxpresso/tools/bin/../lib/gcc/arm-none-eabi/4.8.4/armv7-m\libgcc.a
LOAD c:/nxp/lpcxpresso_7.3.0_186/lpcxpresso/tools/bin/../lib/gcc/arm-none-eabi/4.8.4/../../../../arm-none-eabi/lib/armv7-m\libc.a
LOAD c:/nxp/lpcxpresso_7.3.0_186/lpcxpresso/tools/bin/../lib/gcc/arm-none-eabi/4.8.4/../../../../arm-none-eabi/lib/armv7-m\libstdc++.a
LOAD c:/nxp/lpcxpresso_7.3.0_186/lpcxpresso/tools/bin/../lib/gcc/arm-none-eabi/4.8.4/../../../../arm-none-eabi/lib/armv7-m\libm.a
LOAD c:/nxp/lpcxpresso_7.3.0_186/lpcxpresso/tools/bin/../lib/gcc/arm-none-eabi/4.8.4/../../../../arm-none-eabi/lib/armv7-m\libcr_newlib_nohost.a
LOAD c:/nxp/lpcxpresso_7.3.0_186/lpcxpresso/tools/bin/../lib/gcc/arm-none-eabi/4.8.4/armv7-m\crti.o
LOAD c:/nxp/lpcxpresso_7.3.0_186/lpcxpresso/tools/bin/../lib/gcc/arm-none-eabi/4.8.4/armv7-m\crtn.o
LOAD c:/nxp/lpcxpresso_7.3.0_186/lpcxpresso/tools/bin/../lib/gcc/arm-none-eabi/4.8.4/armv7-m\crtbegin.o
LOAD c:/nxp/lpcxpresso_7.3.0_186/lpcxpresso/tools/bin/../lib/gcc/arm-none-eabi/4.8.4/armv7-m\crtend.o
END GROUP
                0x00080000                __top_MFlash512 = 0x80000
                0x10008000                __top_RamLoc32 = 0x10008000
                0x20084000                __top_RamAHB32 = 0x20084000

.text           0x00000000     0xb378
 FILL mask 0xff
 *(.isr_vector)
 .isr_vector    0x00000000       0xcc C:/Users/chatchai/Desktop/my_project/app_lcd/mbed/TARGET_LPC1768/TOOLCHAIN_GCC_CR/startup_LPC17xx.o
                0x00000000                g_pfnVectors
                0x000000cc                . = ALIGN (0x4)
                0x000000cc                __section_table_start = .
                0x000000cc                __data_section_table = .
                0x000000cc        0x4 LONG 0xb6d8 LOADADDR (.data)
                0x000000d0        0x4 LONG 0x100000c8 ADDR (.data)
                0x000000d4        0x4 LONG 0x8b0 SIZEOF (.data)
                0x000000d8        0x4 LONG 0xb6d8 LOADADDR (.data_RAM2)
                0x000000dc        0x4 LONG 0x2007c000 ADDR (.data_RAM2)
                0x000000e0        0x4 LONG 0x0 SIZEOF (.data_RAM2)
                0x000000e4                __data_section_table_end = .
                0x000000e4                __bss_section_table = .
                0x000000e4        0x4 LONG 0x10000978 ADDR (.bss)
                0x000000e8        0x4 LONG 0xa80 SIZEOF (.bss)
                0x000000ec        0x4 LONG 0x2007c000 ADDR (.bss_RAM2)
                0x000000f0        0x4 LONG 0x0 SIZEOF (.bss_RAM2)
                0x000000f4                __bss_section_table_end = .
                0x000000f4                __section_table_end = .
 *(.after_vectors*)
 .after_vectors
                0x000000f4      0x138 C:/Users/chatchai/Desktop/my_project/app_lcd/mbed/TARGET_LPC1768/TOOLCHAIN_GCC_CR/startup_LPC17xx.o
                0x000000f4                NMI_Handler
                0x000000f8                HardFault_Handler
                0x000000fc                MemManage_Handler
                0x00000100                BusFault_Handler
                0x00000104                UsageFault_Handler
                0x00000108                SVC_Handler
                0x0000010c                DebugMon_Handler
                0x00000110                PendSV_Handler
                0x00000114                SysTick_Handler
                0x00000118                ResetISR
                0x000001c4                data_init
                0x000001f8                bss_init
                0x00000228                EINT3_IRQHandler
                0x00000228                CANActivity_IRQHandler
                0x00000228                TIMER3_IRQHandler
                0x00000228                UART0_IRQHandler
                0x00000228                UART1_IRQHandler
                0x00000228                EINT2_IRQHandler
                0x00000228                PWM1_IRQHandler
                0x00000228                IntDefaultHandler
                0x00000228                PLL0_IRQHandler
                0x00000228                USBActivity_IRQHandler
                0x00000228                PLL1_IRQHandler
                0x00000228                SSP0_IRQHandler
                0x00000228                I2S_IRQHandler
                0x00000228                I2C2_IRQHandler
                0x00000228                RTC_IRQHandler
                0x00000228                TIMER0_IRQHandler
                0x00000228                SPI_IRQHandler
                0x00000228                I2C1_IRQHandler
                0x00000228                EINT1_IRQHandler
                0x00000228                TIMER1_IRQHandler
                0x00000228                UART2_IRQHandler
                0x00000228                ADC_IRQHandler
                0x00000228                SSP1_IRQHandler
                0x00000228                USB_IRQHandler
                0x00000228                BOD_IRQHandler
                0x00000228                I2C0_IRQHandler
                0x00000228                WDT_IRQHandler
                0x00000228                RIT_IRQHandler
                0x00000228                QEI_IRQHandler
                0x00000228                EINT0_IRQHandler
                0x00000228                CAN_IRQHandler
                0x00000228                DMA_IRQHandler
                0x00000228                TIMER2_IRQHandler
                0x00000228                UART3_IRQHandler
                0x00000228                MCPWM_IRQHandler
                0x00000228                ENET_IRQHandler
 *(.text*)
 .text._ZNSt6vectorIiSaIiEEaSERKS1_
                0x0000022c       0xb4 ./main.o
                0x0000022c                std::vector<int, std::allocator<int> >::operator=(std::vector<int, std::allocator<int> > const&)
 .text._ZNSt6vectorI7PinNameSaIS0_EEC2ERKS2_
                0x000002e0       0x54 ./main.o
                0x000002e0                std::vector<PinName, std::allocator<PinName> >::vector(std::vector<PinName, std::allocator<PinName> > const&)
                0x000002e0                std::vector<PinName, std::allocator<PinName> >::vector(std::vector<PinName, std::allocator<PinName> > const&)
 .text._ZNSt6vectorIiSaIiEEC2ERKS1_
                0x00000334       0x54 ./main.o
                0x00000334                std::vector<int, std::allocator<int> >::vector(std::vector<int, std::allocator<int> > const&)
                0x00000334                std::vector<int, std::allocator<int> >::vector(std::vector<int, std::allocator<int> > const&)
 .text._ZNSt6vectorIN4mbed10DigitalOutESaIS1_EE13_M_insert_auxEN9__gnu_cxx17__normal_iteratorIPS1_S3_EERKS1_
                0x00000388      0x20c ./main.o
                0x00000388                std::vector<mbed::DigitalOut, std::allocator<mbed::DigitalOut> >::_M_insert_aux(__gnu_cxx::__normal_iterator<mbed::DigitalOut*, std::vector<mbed::DigitalOut, std::allocator<mbed::DigitalOut> > >, mbed::DigitalOut const&)
 .text._ZN7LEDLineC2ESt6vectorI7PinNameSaIS1_EES0_IiSaIiEE
                0x00000594       0xa4 ./main.o
                0x00000594                LEDLine::LEDLine(std::vector<PinName, std::allocator<PinName> >, std::vector<int, std::allocator<int> >)
                0x00000594                LEDLine::LEDLine(std::vector<PinName, std::allocator<PinName> >, std::vector<int, std::allocator<int> >)
 .text._ZNSt6vectorI7PinNameSaIS0_EE13_M_insert_auxEN9__gnu_cxx17__normal_iteratorIPS0_S2_EERKS0_
                0x00000638       0xe4 ./main.o
                0x00000638                std::vector<PinName, std::allocator<PinName> >::_M_insert_aux(__gnu_cxx::__normal_iterator<PinName*, std::vector<PinName, std::allocator<PinName> > >, PinName const&)
 .text._ZNSt6vectorI7PinNameSaIS0_EE9push_backERKS0_
                0x0000071c       0x20 ./main.o
                0x0000071c                std::vector<PinName, std::allocator<PinName> >::push_back(PinName const&)
 .text.main     0x0000073c      0x1c0 ./main.o
                0x0000073c                main
 .text._ZL11init_serialv
                0x000008fc       0x28 C:/Users/chatchai/Desktop/my_project/app_lcd/mbed/TARGET_LPC1768/TOOLCHAIN_GCC_CR/retarget.o
 .text._close   0x00000924       0x2c C:/Users/chatchai/Desktop/my_project/app_lcd/mbed/TARGET_LPC1768/TOOLCHAIN_GCC_CR/retarget.o
                0x00000924                _close
 .text._write   0x00000950       0x88 C:/Users/chatchai/Desktop/my_project/app_lcd/mbed/TARGET_LPC1768/TOOLCHAIN_GCC_CR/retarget.o
                0x00000950                _write
 .text._read    0x000009d8       0x50 C:/Users/chatchai/Desktop/my_project/app_lcd/mbed/TARGET_LPC1768/TOOLCHAIN_GCC_CR/retarget.o
                0x000009d8                _read
 .text._isatty  0x00000a28       0x28 C:/Users/chatchai/Desktop/my_project/app_lcd/mbed/TARGET_LPC1768/TOOLCHAIN_GCC_CR/retarget.o
                0x00000a28                _isatty
 .text._lseek   0x00000a50       0x28 C:/Users/chatchai/Desktop/my_project/app_lcd/mbed/TARGET_LPC1768/TOOLCHAIN_GCC_CR/retarget.o
                0x00000a50                _lseek
 .text._fstat   0x00000a78       0x20 C:/Users/chatchai/Desktop/my_project/app_lcd/mbed/TARGET_LPC1768/TOOLCHAIN_GCC_CR/retarget.o
                0x00000a78                _fstat
 .text._ZN9__gnu_cxx27__verbose_terminate_handlerEv
                0x00000a98        0xc C:/Users/chatchai/Desktop/my_project/app_lcd/mbed/TARGET_LPC1768/TOOLCHAIN_GCC_CR/retarget.o
                0x00000a98                __gnu_cxx::__verbose_terminate_handler()
 .text.__cxa_pure_virtual
                0x00000aa4        0x8 C:/Users/chatchai/Desktop/my_project/app_lcd/mbed/TARGET_LPC1768/TOOLCHAIN_GCC_CR/retarget.o
                0x00000aa4                __cxa_pure_virtual
 .text.SystemInit
                0x00000aac       0xd0 C:/Users/chatchai/Desktop/my_project/app_lcd/mbed/TARGET_LPC1768/TOOLCHAIN_GCC_CR/system_LPC17xx.o
                0x00000aac                SystemInit
 .text.mbed_die
                0x00000b7c      0x160 C:/Users/chatchai/Desktop/my_project/app_lcd/mbed/TARGET_LPC1768/TOOLCHAIN_GCC_CR/board.o
                0x00000b7c                mbed_die
 .text.NVIC_SetVector
                0x00000cdc       0x54 C:/Users/chatchai/Desktop/my_project/app_lcd/mbed/TARGET_LPC1768/TOOLCHAIN_GCC_CR/cmsis_nvic.o
                0x00000cdc                NVIC_SetVector
 .text.__aeabi_atexit
                0x00000d30        0x4 C:/Users/chatchai/Desktop/my_project/app_lcd/mbed/TARGET_LPC1768/TOOLCHAIN_GCC_CR/startup_LPC17xx.o
                0x00000d30                __aeabi_atexit
 .text._Znwj    0x00000d34        0x4 C:/Users/chatchai/Desktop/my_project/app_lcd/mbed/TARGET_LPC1768/TOOLCHAIN_GCC_CR/startup_LPC17xx.o
                0x00000d34                operator new(unsigned int)
 .text._ZdlPv   0x00000d38        0x4 C:/Users/chatchai/Desktop/my_project/app_lcd/mbed/TARGET_LPC1768/TOOLCHAIN_GCC_CR/startup_LPC17xx.o
                0x00000d38                operator delete(void*)
 .text.serial_irq_set_internal
                0x00000d3c       0xe8 C:\Users\chatchai\Desktop\my_project\app_lcd\mbed\TARGET_LPC1768\TOOLCHAIN_GCC_CR\libmbed.a(serial_api.o)
 .text.uart0_irq
                0x00000e24       0x60 C:\Users\chatchai\Desktop\my_project\app_lcd\mbed\TARGET_LPC1768\TOOLCHAIN_GCC_CR\libmbed.a(serial_api.o)
                0x00000e24                uart0_irq
 .text.uart3_irq
                0x00000e84       0x68 C:\Users\chatchai\Desktop\my_project\app_lcd\mbed\TARGET_LPC1768\TOOLCHAIN_GCC_CR\libmbed.a(serial_api.o)
                0x00000e84                uart3_irq
 .text.uart2_irq
                0x00000eec       0x64 C:\Users\chatchai\Desktop\my_project\app_lcd\mbed\TARGET_LPC1768\TOOLCHAIN_GCC_CR\libmbed.a(serial_api.o)
                0x00000eec                uart2_irq
 .text.uart1_irq
                0x00000f50       0x60 C:\Users\chatchai\Desktop\my_project\app_lcd\mbed\TARGET_LPC1768\TOOLCHAIN_GCC_CR\libmbed.a(serial_api.o)
                0x00000f50                uart1_irq
 .text.serial_baud
                0x00000fb0      0x3a8 C:\Users\chatchai\Desktop\my_project\app_lcd\mbed\TARGET_LPC1768\TOOLCHAIN_GCC_CR\libmbed.a(serial_api.o)
                0x00000fb0                serial_baud
 .text.serial_format
                0x00001358       0x7c C:\Users\chatchai\Desktop\my_project\app_lcd\mbed\TARGET_LPC1768\TOOLCHAIN_GCC_CR\libmbed.a(serial_api.o)
                0x00001358                serial_format
 .text.serial_getc
                0x000013d4       0x34 C:\Users\chatchai\Desktop\my_project\app_lcd\mbed\TARGET_LPC1768\TOOLCHAIN_GCC_CR\libmbed.a(serial_api.o)
                0x000013d4                serial_getc
 .text.serial_writable
                0x00001408       0x78 C:\Users\chatchai\Desktop\my_project\app_lcd\mbed\TARGET_LPC1768\TOOLCHAIN_GCC_CR\libmbed.a(serial_api.o)
                0x00001408                serial_writable
 .text.serial_putc
                0x00001480       0x34 C:\Users\chatchai\Desktop\my_project\app_lcd\mbed\TARGET_LPC1768\TOOLCHAIN_GCC_CR\libmbed.a(serial_api.o)
                0x00001480                serial_putc
 .text.serial_set_flow_control
                0x000014b4      0x140 C:\Users\chatchai\Desktop\my_project\app_lcd\mbed\TARGET_LPC1768\TOOLCHAIN_GCC_CR\libmbed.a(serial_api.o)
                0x000014b4                serial_set_flow_control
 .text.serial_init
                0x000015f4      0x34c C:\Users\chatchai\Desktop\my_project\app_lcd\mbed\TARGET_LPC1768\TOOLCHAIN_GCC_CR\libmbed.a(serial_api.o)
                0x000015f4                serial_init
 .text.mbed_assert_internal
                0x00001940       0x34 C:\Users\chatchai\Desktop\my_project\app_lcd\mbed\TARGET_LPC1768\TOOLCHAIN_GCC_CR\libmbed.a(assert.o)
                0x00001940                mbed_assert_internal
 .text.error    0x00001974       0x24 C:\Users\chatchai\Desktop\my_project\app_lcd\mbed\TARGET_LPC1768\TOOLCHAIN_GCC_CR\libmbed.a(error.o)
                0x00001974                error
 .text.exit     0x00001998       0x30 C:\Users\chatchai\Desktop\my_project\app_lcd\mbed\TARGET_LPC1768\TOOLCHAIN_GCC_CR\libmbed.a(exit.o)
                0x00001998                exit
 .text.gpio_init_in_ex
                0x000019c8       0x28 C:\Users\chatchai\Desktop\my_project\app_lcd\mbed\TARGET_LPC1768\TOOLCHAIN_GCC_CR\libmbed.a(gpio.o)
                0x000019c8                gpio_init_in_ex
 .text.gpio_init_in
                0x000019f0        0x8 C:\Users\chatchai\Desktop\my_project\app_lcd\mbed\TARGET_LPC1768\TOOLCHAIN_GCC_CR\libmbed.a(gpio.o)
                0x000019f0                gpio_init_in
 .text.gpio_init_out_ex
                0x000019f8       0x54 C:\Users\chatchai\Desktop\my_project\app_lcd\mbed\TARGET_LPC1768\TOOLCHAIN_GCC_CR\libmbed.a(gpio.o)
                0x000019f8                gpio_init_out_ex
 .text.gpio_init_out
                0x00001a4c        0x8 C:\Users\chatchai\Desktop\my_project\app_lcd\mbed\TARGET_LPC1768\TOOLCHAIN_GCC_CR\libmbed.a(gpio.o)
                0x00001a4c                gpio_init_out
 .text.mbed_interface_connected
                0x00001a54        0x4 C:\Users\chatchai\Desktop\my_project\app_lcd\mbed\TARGET_LPC1768\TOOLCHAIN_GCC_CR\libmbed.a(mbed_interface.o)
                0x00001a54                mbed_interface_connected
 .text.pinmap_pinout
                0x00001a58       0x50 C:\Users\chatchai\Desktop\my_project\app_lcd\mbed\TARGET_LPC1768\TOOLCHAIN_GCC_CR\libmbed.a(pinmap_common.o)
                0x00001a58                pinmap_pinout
 .text.pinmap_merge
                0x00001aa8       0x24 C:\Users\chatchai\Desktop\my_project\app_lcd\mbed\TARGET_LPC1768\TOOLCHAIN_GCC_CR\libmbed.a(pinmap_common.o)
                0x00001aa8                pinmap_merge
 .text.pinmap_find_peripheral
                0x00001acc       0x30 C:\Users\chatchai\Desktop\my_project\app_lcd\mbed\TARGET_LPC1768\TOOLCHAIN_GCC_CR\libmbed.a(pinmap_common.o)
                0x00001acc                pinmap_find_peripheral
 .text.pinmap_peripheral
                0x00001afc       0x40 C:\Users\chatchai\Desktop\my_project\app_lcd\mbed\TARGET_LPC1768\TOOLCHAIN_GCC_CR\libmbed.a(pinmap_common.o)
                0x00001afc                pinmap_peripheral
 .text.semihost_exit
                0x00001b3c       0x18 C:\Users\chatchai\Desktop\my_project\app_lcd\mbed\TARGET_LPC1768\TOOLCHAIN_GCC_CR\libmbed.a(semihost_api.o)
                0x00001b3c                semihost_exit
 .text.semihost_connected
                0x00001b54       0x10 C:\Users\chatchai\Desktop\my_project\app_lcd\mbed\TARGET_LPC1768\TOOLCHAIN_GCC_CR\libmbed.a(semihost_api.o)
                0x00001b54                semihost_connected
 .text.wait_us  0x00001b64       0x18 C:\Users\chatchai\Desktop\my_project\app_lcd\mbed\TARGET_LPC1768\TOOLCHAIN_GCC_CR\libmbed.a(wait_api.o)
                0x00001b64                wait_us
 .text.wait_ms  0x00001b7c        0xc C:\Users\chatchai\Desktop\my_project\app_lcd\mbed\TARGET_LPC1768\TOOLCHAIN_GCC_CR\libmbed.a(wait_api.o)
                0x00001b7c                wait_ms
 .text.wait     0x00001b88       0x1c C:\Users\chatchai\Desktop\my_project\app_lcd\mbed\TARGET_LPC1768\TOOLCHAIN_GCC_CR\libmbed.a(wait_api.o)
                0x00001b88                wait
 .text.pin_function
                0x00001ba4       0x5c C:\Users\chatchai\Desktop\my_project\app_lcd\mbed\TARGET_LPC1768\TOOLCHAIN_GCC_CR\libmbed.a(pinmap.o)
                0x00001ba4                pin_function
 .text.pin_mode
                0x00001c00       0x88 C:\Users\chatchai\Desktop\my_project\app_lcd\mbed\TARGET_LPC1768\TOOLCHAIN_GCC_CR\libmbed.a(pinmap.o)
                0x00001c00                pin_mode
 .text.gpio_set
                0x00001c88       0x44 C:\Users\chatchai\Desktop\my_project\app_lcd\mbed\TARGET_LPC1768\TOOLCHAIN_GCC_CR\libmbed.a(gpio_api.o)
                0x00001c88                gpio_set
 .text.gpio_init
                0x00001ccc       0x30 C:\Users\chatchai\Desktop\my_project\app_lcd\mbed\TARGET_LPC1768\TOOLCHAIN_GCC_CR\libmbed.a(gpio_api.o)
                0x00001ccc                gpio_init
 .text.gpio_mode
                0x00001cfc        0x8 C:\Users\chatchai\Desktop\my_project\app_lcd\mbed\TARGET_LPC1768\TOOLCHAIN_GCC_CR\libmbed.a(gpio_api.o)
                0x00001cfc                gpio_mode
 .text.gpio_dir
                0x00001d04       0x44 C:\Users\chatchai\Desktop\my_project\app_lcd\mbed\TARGET_LPC1768\TOOLCHAIN_GCC_CR\libmbed.a(gpio_api.o)
                0x00001d04                gpio_dir
 .text.us_ticker_init
                0x00001d48       0x74 C:\Users\chatchai\Desktop\my_project\app_lcd\mbed\TARGET_LPC1768\TOOLCHAIN_GCC_CR\libmbed.a(us_ticker.o)
                0x00001d48                us_ticker_init
 .text.us_ticker_read
                0x00001dbc       0x1c C:\Users\chatchai\Desktop\my_project\app_lcd\mbed\TARGET_LPC1768\TOOLCHAIN_GCC_CR\libmbed.a(us_ticker.o)
                0x00001dbc                us_ticker_read
 .text.us_ticker_set_interrupt
                0x00001dd8       0x14 C:\Users\chatchai\Desktop\my_project\app_lcd\mbed\TARGET_LPC1768\TOOLCHAIN_GCC_CR\libmbed.a(us_ticker.o)
                0x00001dd8                us_ticker_set_interrupt
 .text.us_ticker_disable_interrupt
                0x00001dec       0x14 C:\Users\chatchai\Desktop\my_project\app_lcd\mbed\TARGET_LPC1768\TOOLCHAIN_GCC_CR\libmbed.a(us_ticker.o)
                0x00001dec                us_ticker_disable_interrupt
 .text.us_ticker_clear_interrupt
                0x00001e00       0x10 C:\Users\chatchai\Desktop\my_project\app_lcd\mbed\TARGET_LPC1768\TOOLCHAIN_GCC_CR\libmbed.a(us_ticker.o)
                0x00001e00                us_ticker_clear_interrupt
 .text.us_ticker_irq_handler
                0x00001e10       0x4c C:\Users\chatchai\Desktop\my_project\app_lcd\mbed\TARGET_LPC1768\TOOLCHAIN_GCC_CR\libmbed.a(us_ticker_api.o)
                0x00001e10                us_ticker_irq_handler
 .text          0x00001e5c      0x370 c:/nxp/lpcxpresso_7.3.0_186/lpcxpresso/tools/bin/../lib/gcc/arm-none-eabi/4.8.4/armv7-m\libgcc.a(_arm_addsubdf3.o)
                0x00001e5c                __aeabi_drsub
                0x00001e64                __aeabi_dsub
                0x00001e64                __subdf3
                0x00001e68                __aeabi_dadd
                0x00001e68                __adddf3
                0x000020e0                __floatunsidf
                0x000020e0                __aeabi_ui2d
                0x00002100                __floatsidf
                0x00002100                __aeabi_i2d
                0x00002124                __aeabi_f2d
                0x00002124                __extendsfdf2
                0x00002160                __floatundidf
                0x00002160                __aeabi_ul2d
                0x00002170                __floatdidf
                0x00002170                __aeabi_l2d
 .text          0x000021cc       0x50 c:/nxp/lpcxpresso_7.3.0_186/lpcxpresso/tools/bin/../lib/gcc/arm-none-eabi/4.8.4/armv7-m\libgcc.a(_arm_fixdfsi.o)
                0x000021cc                __aeabi_d2iz
                0x000021cc                __fixdfsi
 .text          0x0000221c      0x2a0 c:/nxp/lpcxpresso_7.3.0_186/lpcxpresso/tools/bin/../lib/gcc/arm-none-eabi/4.8.4/armv7-m\libgcc.a(_arm_muldivsf3.o)
                0x0000221c                __mulsf3
                0x0000221c                __aeabi_fmul
                0x00002384                __aeabi_fdiv
                0x00002384                __divsf3
 .text          0x000024bc       0x4c c:/nxp/lpcxpresso_7.3.0_186/lpcxpresso/tools/bin/../lib/gcc/arm-none-eabi/4.8.4/armv7-m\libgcc.a(_arm_fixsfsi.o)
                0x000024bc                __aeabi_f2iz
                0x000024bc                __fixsfsi
 .text          0x00002508       0x2c c:/nxp/lpcxpresso_7.3.0_186/lpcxpresso/tools/bin/../lib/gcc/arm-none-eabi/4.8.4/armv7-m\libgcc.a(_aeabi_uldivmod.o)
                0x00002508                __aeabi_uldivmod
 .text          0x00002534       0x60 c:/nxp/lpcxpresso_7.3.0_186/lpcxpresso/tools/bin/../lib/gcc/arm-none-eabi/4.8.4/armv7-m\libgcc.a(bpabi.o)
                0x00002534                __gnu_ldivmod_helper
                0x00002564                __gnu_uldivmod_helper
 .text          0x00002594        0x4 c:/nxp/lpcxpresso_7.3.0_186/lpcxpresso/tools/bin/../lib/gcc/arm-none-eabi/4.8.4/armv7-m\libgcc.a(_dvmd_tls.o)
                0x00002594                __aeabi_idiv0
                0x00002594                __aeabi_ldiv0
 .text          0x00002598      0x2a0 c:/nxp/lpcxpresso_7.3.0_186/lpcxpresso/tools/bin/../lib/gcc/arm-none-eabi/4.8.4/armv7-m\libgcc.a(_divdi3.o)
                0x00002598                __divdi3
 .text          0x00002838      0x290 c:/nxp/lpcxpresso_7.3.0_186/lpcxpresso/tools/bin/../lib/gcc/arm-none-eabi/4.8.4/armv7-m\libgcc.a(_udivdi3.o)
                0x00002838                __udivdi3
 .text.abs      0x00002ac8        0x8 c:/nxp/lpcxpresso_7.3.0_186/lpcxpresso/tools/bin/../lib/gcc/arm-none-eabi/4.8.4/../../../../arm-none-eabi/lib/armv7-m\libc.a(lib_a-abs.o)
                0x00002ac8                abs
 .text.__errno  0x00002ad0        0xc c:/nxp/lpcxpresso_7.3.0_186/lpcxpresso/tools/bin/../lib/gcc/arm-none-eabi/4.8.4/../../../../arm-none-eabi/lib/armv7-m\libc.a(lib_a-errno.o)
                0x00002ad0                __errno
 .text._fclose_r
                0x00002adc       0x80 c:/nxp/lpcxpresso_7.3.0_186/lpcxpresso/tools/bin/../lib/gcc/arm-none-eabi/4.8.4/../../../../arm-none-eabi/lib/armv7-m\libc.a(lib_a-fclose.o)
                0x00002adc                _fclose_r
 .text.fclose   0x00002b5c       0x10 c:/nxp/lpcxpresso_7.3.0_186/lpcxpresso/tools/bin/../lib/gcc/arm-none-eabi/4.8.4/../../../../arm-none-eabi/lib/armv7-m\libc.a(lib_a-fclose.o)
                0x00002b5c                fclose
 .text.__sflush_r
                0x00002b6c      0x148 c:/nxp/lpcxpresso_7.3.0_186/lpcxpresso/tools/bin/../lib/gcc/arm-none-eabi/4.8.4/../../../../arm-none-eabi/lib/armv7-m\libc.a(lib_a-fflush.o)
                0x00002b6c                __sflush_r
 .text._fflush_r
                0x00002cb4       0x2c c:/nxp/lpcxpresso_7.3.0_186/lpcxpresso/tools/bin/../lib/gcc/arm-none-eabi/4.8.4/../../../../arm-none-eabi/lib/armv7-m\libc.a(lib_a-fflush.o)
                0x00002cb4                _fflush_r
 .text.fflush   0x00002ce0       0x24 c:/nxp/lpcxpresso_7.3.0_186/lpcxpresso/tools/bin/../lib/gcc/arm-none-eabi/4.8.4/../../../../arm-none-eabi/lib/armv7-m\libc.a(lib_a-fflush.o)
                0x00002ce0                fflush
 .text._cleanup_r
                0x00002d04        0xc c:/nxp/lpcxpresso_7.3.0_186/lpcxpresso/tools/bin/../lib/gcc/arm-none-eabi/4.8.4/../../../../arm-none-eabi/lib/armv7-m\libc.a(lib_a-findfp.o)
                0x00002d04                _cleanup_r
 .text.__sinit  0x00002d10       0xf4 c:/nxp/lpcxpresso_7.3.0_186/lpcxpresso/tools/bin/../lib/gcc/arm-none-eabi/4.8.4/../../../../arm-none-eabi/lib/armv7-m\libc.a(lib_a-findfp.o)
                0x00002d10                __sinit
 .text.__sfp_lock_acquire
                0x00002e04        0x4 c:/nxp/lpcxpresso_7.3.0_186/lpcxpresso/tools/bin/../lib/gcc/arm-none-eabi/4.8.4/../../../../arm-none-eabi/lib/armv7-m\libc.a(lib_a-findfp.o)
                0x00002e04                __sfp_lock_acquire
 .text.__sfp_lock_release
                0x00002e08        0x4 c:/nxp/lpcxpresso_7.3.0_186/lpcxpresso/tools/bin/../lib/gcc/arm-none-eabi/4.8.4/../../../../arm-none-eabi/lib/armv7-m\libc.a(lib_a-findfp.o)
                0x00002e08                __sfp_lock_release
 .text.fprintf  0x00002e0c       0x28 c:/nxp/lpcxpresso_7.3.0_186/lpcxpresso/tools/bin/../lib/gcc/arm-none-eabi/4.8.4/../../../../arm-none-eabi/lib/armv7-m\libc.a(lib_a-fprintf.o)
                0x00002e0c                fprintf
 .text._malloc_trim_r
                0x00002e34       0x9c c:/nxp/lpcxpresso_7.3.0_186/lpcxpresso/tools/bin/../lib/gcc/arm-none-eabi/4.8.4/../../../../arm-none-eabi/lib/armv7-m\libc.a(lib_a-freer.o)
                0x00002e34                _malloc_trim_r
 .text._free_r  0x00002ed0      0x198 c:/nxp/lpcxpresso_7.3.0_186/lpcxpresso/tools/bin/../lib/gcc/arm-none-eabi/4.8.4/../../../../arm-none-eabi/lib/armv7-m\libc.a(lib_a-freer.o)
                0x00002ed0                _free_r
 .text._fstat_r
                0x00003068       0x28 c:/nxp/lpcxpresso_7.3.0_186/lpcxpresso/tools/bin/../lib/gcc/arm-none-eabi/4.8.4/../../../../arm-none-eabi/lib/armv7-m\libc.a(lib_a-fstatr.o)
                0x00003068                _fstat_r
 .text.__sfvwrite_r
                0x00003090      0x318 c:/nxp/lpcxpresso_7.3.0_186/lpcxpresso/tools/bin/../lib/gcc/arm-none-eabi/4.8.4/../../../../arm-none-eabi/lib/armv7-m\libc.a(lib_a-fvwrite.o)
                0x00003090                __sfvwrite_r
 .text._fwalk   0x000033a8       0x48 c:/nxp/lpcxpresso_7.3.0_186/lpcxpresso/tools/bin/../lib/gcc/arm-none-eabi/4.8.4/../../../../arm-none-eabi/lib/armv7-m\libc.a(lib_a-fwalk.o)
                0x000033a8                _fwalk
 .text._fwalk_reent
                0x000033f0       0x4c c:/nxp/lpcxpresso_7.3.0_186/lpcxpresso/tools/bin/../lib/gcc/arm-none-eabi/4.8.4/../../../../arm-none-eabi/lib/armv7-m\libc.a(lib_a-fwalk.o)
                0x000033f0                _fwalk_reent
 .text.__libc_init_array
                0x0000343c       0x50 c:/nxp/lpcxpresso_7.3.0_186/lpcxpresso/tools/bin/../lib/gcc/arm-none-eabi/4.8.4/../../../../arm-none-eabi/lib/armv7-m\libc.a(lib_a-init.o)
                0x0000343c                __libc_init_array
 .text.__smakebuf_r
                0x0000348c       0xe0 c:/nxp/lpcxpresso_7.3.0_186/lpcxpresso/tools/bin/../lib/gcc/arm-none-eabi/4.8.4/../../../../arm-none-eabi/lib/armv7-m\libc.a(lib_a-makebuf.o)
                0x0000348c                __smakebuf_r
 .text.malloc   0x0000356c       0x10 c:/nxp/lpcxpresso_7.3.0_186/lpcxpresso/tools/bin/../lib/gcc/arm-none-eabi/4.8.4/../../../../arm-none-eabi/lib/armv7-m\libc.a(lib_a-malloc.o)
                0x0000356c                malloc
 .text.free     0x0000357c       0x10 c:/nxp/lpcxpresso_7.3.0_186/lpcxpresso/tools/bin/../lib/gcc/arm-none-eabi/4.8.4/../../../../arm-none-eabi/lib/armv7-m\libc.a(lib_a-malloc.o)
                0x0000357c                free
 .text._malloc_r
                0x0000358c      0x538 c:/nxp/lpcxpresso_7.3.0_186/lpcxpresso/tools/bin/../lib/gcc/arm-none-eabi/4.8.4/../../../../arm-none-eabi/lib/armv7-m\libc.a(lib_a-mallocr.o)
                0x0000358c                _malloc_r
 .text.memchr   0x00003ac4       0x94 c:/nxp/lpcxpresso_7.3.0_186/lpcxpresso/tools/bin/../lib/gcc/arm-none-eabi/4.8.4/../../../../arm-none-eabi/lib/armv7-m\libc.a(lib_a-memchr-stub.o)
                0x00003ac4                memchr
 .text          0x00003b58       0xec c:/nxp/lpcxpresso_7.3.0_186/lpcxpresso/tools/bin/../lib/gcc/arm-none-eabi/4.8.4/../../../../arm-none-eabi/lib/armv7-m\libc.a(lib_a-memcpy.o)
                0x00003b58                memcpy
 .text.memmove  0x00003c44       0xcc c:/nxp/lpcxpresso_7.3.0_186/lpcxpresso/tools/bin/../lib/gcc/arm-none-eabi/4.8.4/../../../../arm-none-eabi/lib/armv7-m\libc.a(lib_a-memmove.o)
                0x00003c44                memmove
 .text.memset   0x00003d10       0x94 c:/nxp/lpcxpresso_7.3.0_186/lpcxpresso/tools/bin/../lib/gcc/arm-none-eabi/4.8.4/../../../../arm-none-eabi/lib/armv7-m\libc.a(lib_a-memset.o)
                0x00003d10                memset
 .text.__malloc_lock
                0x00003da4        0x4 c:/nxp/lpcxpresso_7.3.0_186/lpcxpresso/tools/bin/../lib/gcc/arm-none-eabi/4.8.4/../../../../arm-none-eabi/lib/armv7-m\libc.a(lib_a-mlock.o)
                0x00003da4                __malloc_lock
 .text.__malloc_unlock
                0x00003da8        0x4 c:/nxp/lpcxpresso_7.3.0_186/lpcxpresso/tools/bin/../lib/gcc/arm-none-eabi/4.8.4/../../../../arm-none-eabi/lib/armv7-m\libc.a(lib_a-mlock.o)
                0x00003da8                __malloc_unlock
 .text._realloc_r
                0x00003dac      0x3c0 c:/nxp/lpcxpresso_7.3.0_186/lpcxpresso/tools/bin/../lib/gcc/arm-none-eabi/4.8.4/../../../../arm-none-eabi/lib/armv7-m\libc.a(lib_a-reallocr.o)
                0x00003dac                _realloc_r
 .text._sbrk_r  0x0000416c       0x24 c:/nxp/lpcxpresso_7.3.0_186/lpcxpresso/tools/bin/../lib/gcc/arm-none-eabi/4.8.4/../../../../arm-none-eabi/lib/armv7-m\libc.a(lib_a-sbrkr.o)
                0x0000416c                _sbrk_r
 .text.__sread  0x00004190       0x24 c:/nxp/lpcxpresso_7.3.0_186/lpcxpresso/tools/bin/../lib/gcc/arm-none-eabi/4.8.4/../../../../arm-none-eabi/lib/armv7-m\libc.a(lib_a-stdio.o)
                0x00004190                __sread
 .text.__swrite
                0x000041b4       0x38 c:/nxp/lpcxpresso_7.3.0_186/lpcxpresso/tools/bin/../lib/gcc/arm-none-eabi/4.8.4/../../../../arm-none-eabi/lib/armv7-m\libc.a(lib_a-stdio.o)
                0x000041b4                __swrite
 .text.__sseek  0x000041ec       0x20 c:/nxp/lpcxpresso_7.3.0_186/lpcxpresso/tools/bin/../lib/gcc/arm-none-eabi/4.8.4/../../../../arm-none-eabi/lib/armv7-m\libc.a(lib_a-stdio.o)
                0x000041ec                __sseek
 .text.__sclose
                0x0000420c        0x8 c:/nxp/lpcxpresso_7.3.0_186/lpcxpresso/tools/bin/../lib/gcc/arm-none-eabi/4.8.4/../../../../arm-none-eabi/lib/armv7-m\libc.a(lib_a-stdio.o)
                0x0000420c                __sclose
 .text          0x00004214      0x23c c:/nxp/lpcxpresso_7.3.0_186/lpcxpresso/tools/bin/../lib/gcc/arm-none-eabi/4.8.4/../../../../arm-none-eabi/lib/armv7-m\libc.a(lib_a-strcmp.o)
                0x00004214                strcmp
 .text.strlen   0x00004450       0x60 c:/nxp/lpcxpresso_7.3.0_186/lpcxpresso/tools/bin/../lib/gcc/arm-none-eabi/4.8.4/../../../../arm-none-eabi/lib/armv7-m\libc.a(lib_a-strlen.o)
                0x00004450                strlen
 .text._vfprintf_r
                0x000044b0     0x1524 c:/nxp/lpcxpresso_7.3.0_186/lpcxpresso/tools/bin/../lib/gcc/arm-none-eabi/4.8.4/../../../../arm-none-eabi/lib/armv7-m\libc.a(lib_a-vfprintf.o)
                0x000044b0                _vfprintf_r
 .text.vfprintf
                0x000059d4       0x18 c:/nxp/lpcxpresso_7.3.0_186/lpcxpresso/tools/bin/../lib/gcc/arm-none-eabi/4.8.4/../../../../arm-none-eabi/lib/armv7-m\libc.a(lib_a-vfprintf.o)
                0x000059d4                vfprintf
 .text.__sbprintf
                0x000059ec       0x7c c:/nxp/lpcxpresso_7.3.0_186/lpcxpresso/tools/bin/../lib/gcc/arm-none-eabi/4.8.4/../../../../arm-none-eabi/lib/armv7-m\libc.a(lib_a-vfprintf.o)
 .text.__swbuf_r
                0x00005a68       0xa8 c:/nxp/lpcxpresso_7.3.0_186/lpcxpresso/tools/bin/../lib/gcc/arm-none-eabi/4.8.4/../../../../arm-none-eabi/lib/armv7-m\libc.a(lib_a-wbuf.o)
                0x00005a68                __swbuf_r
 .text._write_r
                0x00005b10       0x28 c:/nxp/lpcxpresso_7.3.0_186/lpcxpresso/tools/bin/../lib/gcc/arm-none-eabi/4.8.4/../../../../arm-none-eabi/lib/armv7-m\libc.a(lib_a-writer.o)
                0x00005b10                _write_r
 .text.__swsetup_r
                0x00005b38       0xc4 c:/nxp/lpcxpresso_7.3.0_186/lpcxpresso/tools/bin/../lib/gcc/arm-none-eabi/4.8.4/../../../../arm-none-eabi/lib/armv7-m\libc.a(lib_a-wsetup.o)
                0x00005b38                __swsetup_r
 .text._close_r
                0x00005bfc       0x24 c:/nxp/lpcxpresso_7.3.0_186/lpcxpresso/tools/bin/../lib/gcc/arm-none-eabi/4.8.4/../../../../arm-none-eabi/lib/armv7-m\libc.a(lib_a-closer.o)
                0x00005bfc                _close_r
 .text.quorem   0x00005c20      0x134 c:/nxp/lpcxpresso_7.3.0_186/lpcxpresso/tools/bin/../lib/gcc/arm-none-eabi/4.8.4/../../../../arm-none-eabi/lib/armv7-m\libc.a(lib_a-dtoa.o)
 *fill*         0x00005d54        0x4 
 .text._dtoa_r  0x00005d58      0xe38 c:/nxp/lpcxpresso_7.3.0_186/lpcxpresso/tools/bin/../lib/gcc/arm-none-eabi/4.8.4/../../../../arm-none-eabi/lib/armv7-m\libc.a(lib_a-dtoa.o)
                0x00005d58                _dtoa_r
 .text._isatty_r
                0x00006b90       0x24 c:/nxp/lpcxpresso_7.3.0_186/lpcxpresso/tools/bin/../lib/gcc/arm-none-eabi/4.8.4/../../../../arm-none-eabi/lib/armv7-m\libc.a(lib_a-isattyr.o)
                0x00006b90                _isatty_r
 .text.__locale_charset
                0x00006bb4        0x8 c:/nxp/lpcxpresso_7.3.0_186/lpcxpresso/tools/bin/../lib/gcc/arm-none-eabi/4.8.4/../../../../arm-none-eabi/lib/armv7-m\libc.a(lib_a-locale.o)
                0x00006bb4                __locale_charset
 .text.__locale_mb_cur_max
                0x00006bbc        0xc c:/nxp/lpcxpresso_7.3.0_186/lpcxpresso/tools/bin/../lib/gcc/arm-none-eabi/4.8.4/../../../../arm-none-eabi/lib/armv7-m\libc.a(lib_a-locale.o)
                0x00006bbc                __locale_mb_cur_max
 .text._localeconv_r
                0x00006bc8        0x8 c:/nxp/lpcxpresso_7.3.0_186/lpcxpresso/tools/bin/../lib/gcc/arm-none-eabi/4.8.4/../../../../arm-none-eabi/lib/armv7-m\libc.a(lib_a-locale.o)
                0x00006bc8                _localeconv_r
 .text._lseek_r
                0x00006bd0       0x28 c:/nxp/lpcxpresso_7.3.0_186/lpcxpresso/tools/bin/../lib/gcc/arm-none-eabi/4.8.4/../../../../arm-none-eabi/lib/armv7-m\libc.a(lib_a-lseekr.o)
                0x00006bd0                _lseek_r
 .text._Balloc  0x00006bf8       0x4c c:/nxp/lpcxpresso_7.3.0_186/lpcxpresso/tools/bin/../lib/gcc/arm-none-eabi/4.8.4/../../../../arm-none-eabi/lib/armv7-m\libc.a(lib_a-mprec.o)
                0x00006bf8                _Balloc
 .text._Bfree   0x00006c44       0x14 c:/nxp/lpcxpresso_7.3.0_186/lpcxpresso/tools/bin/../lib/gcc/arm-none-eabi/4.8.4/../../../../arm-none-eabi/lib/armv7-m\libc.a(lib_a-mprec.o)
                0x00006c44                _Bfree
 .text.__multadd
                0x00006c58       0x94 c:/nxp/lpcxpresso_7.3.0_186/lpcxpresso/tools/bin/../lib/gcc/arm-none-eabi/4.8.4/../../../../arm-none-eabi/lib/armv7-m\libc.a(lib_a-mprec.o)
                0x00006c58                __multadd
 .text.__hi0bits
                0x00006cec       0x40 c:/nxp/lpcxpresso_7.3.0_186/lpcxpresso/tools/bin/../lib/gcc/arm-none-eabi/4.8.4/../../../../arm-none-eabi/lib/armv7-m\libc.a(lib_a-mprec.o)
                0x00006cec                __hi0bits
 .text.__lo0bits
                0x00006d2c       0x5c c:/nxp/lpcxpresso_7.3.0_186/lpcxpresso/tools/bin/../lib/gcc/arm-none-eabi/4.8.4/../../../../arm-none-eabi/lib/armv7-m\libc.a(lib_a-mprec.o)
                0x00006d2c                __lo0bits
 .text.__i2b    0x00006d88       0x14 c:/nxp/lpcxpresso_7.3.0_186/lpcxpresso/tools/bin/../lib/gcc/arm-none-eabi/4.8.4/../../../../arm-none-eabi/lib/armv7-m\libc.a(lib_a-mprec.o)
                0x00006d88                __i2b
 .text.__multiply
                0x00006d9c      0x13c c:/nxp/lpcxpresso_7.3.0_186/lpcxpresso/tools/bin/../lib/gcc/arm-none-eabi/4.8.4/../../../../arm-none-eabi/lib/armv7-m\libc.a(lib_a-mprec.o)
                0x00006d9c                __multiply
 .text.__pow5mult
                0x00006ed8       0x9c c:/nxp/lpcxpresso_7.3.0_186/lpcxpresso/tools/bin/../lib/gcc/arm-none-eabi/4.8.4/../../../../arm-none-eabi/lib/armv7-m\libc.a(lib_a-mprec.o)
                0x00006ed8                __pow5mult
 .text.__lshift
                0x00006f74       0xbc c:/nxp/lpcxpresso_7.3.0_186/lpcxpresso/tools/bin/../lib/gcc/arm-none-eabi/4.8.4/../../../../arm-none-eabi/lib/armv7-m\libc.a(lib_a-mprec.o)
                0x00006f74                __lshift
 .text.__mcmp   0x00007030       0x48 c:/nxp/lpcxpresso_7.3.0_186/lpcxpresso/tools/bin/../lib/gcc/arm-none-eabi/4.8.4/../../../../arm-none-eabi/lib/armv7-m\libc.a(lib_a-mprec.o)
                0x00007030                __mcmp
 .text.__mdiff  0x00007078       0xd8 c:/nxp/lpcxpresso_7.3.0_186/lpcxpresso/tools/bin/../lib/gcc/arm-none-eabi/4.8.4/../../../../arm-none-eabi/lib/armv7-m\libc.a(lib_a-mprec.o)
                0x00007078                __mdiff
 .text.__d2b    0x00007150       0xbc c:/nxp/lpcxpresso_7.3.0_186/lpcxpresso/tools/bin/../lib/gcc/arm-none-eabi/4.8.4/../../../../arm-none-eabi/lib/armv7-m\libc.a(lib_a-mprec.o)
                0x00007150                __d2b
 .text._read_r  0x0000720c       0x28 c:/nxp/lpcxpresso_7.3.0_186/lpcxpresso/tools/bin/../lib/gcc/arm-none-eabi/4.8.4/../../../../arm-none-eabi/lib/armv7-m\libc.a(lib_a-readr.o)
                0x0000720c                _read_r
 .text.__fpclassifyd
                0x00007234       0x50 c:/nxp/lpcxpresso_7.3.0_186/lpcxpresso/tools/bin/../lib/gcc/arm-none-eabi/4.8.4/../../../../arm-none-eabi/lib/armv7-m\libc.a(lib_a-s_fpclassify.o)
                0x00007234                __fpclassifyd
 .text.__sprint_r.part.0
                0x00007284       0x78 c:/nxp/lpcxpresso_7.3.0_186/lpcxpresso/tools/bin/../lib/gcc/arm-none-eabi/4.8.4/../../../../arm-none-eabi/lib/armv7-m\libc.a(lib_a-vfiprintf.o)
 .text.__sprint_r
                0x000072fc       0x18 c:/nxp/lpcxpresso_7.3.0_186/lpcxpresso/tools/bin/../lib/gcc/arm-none-eabi/4.8.4/../../../../arm-none-eabi/lib/armv7-m\libc.a(lib_a-vfiprintf.o)
                0x000072fc                __sprint_r
 .text._calloc_r
                0x00007314       0x60 c:/nxp/lpcxpresso_7.3.0_186/lpcxpresso/tools/bin/../lib/gcc/arm-none-eabi/4.8.4/../../../../arm-none-eabi/lib/armv7-m\libc.a(lib_a-callocr.o)
                0x00007314                _calloc_r
 .text._fputwc_r
                0x00007374       0xc0 c:/nxp/lpcxpresso_7.3.0_186/lpcxpresso/tools/bin/../lib/gcc/arm-none-eabi/4.8.4/../../../../arm-none-eabi/lib/armv7-m\libc.a(lib_a-fputwc.o)
                0x00007374                _fputwc_r
 .text._wcrtomb_r
                0x00007434       0x50 c:/nxp/lpcxpresso_7.3.0_186/lpcxpresso/tools/bin/../lib/gcc/arm-none-eabi/4.8.4/../../../../arm-none-eabi/lib/armv7-m\libc.a(lib_a-wcrtomb.o)
                0x00007434                _wcrtomb_r
 .text.__ascii_wctomb
                0x00007484       0x1c c:/nxp/lpcxpresso_7.3.0_186/lpcxpresso/tools/bin/../lib/gcc/arm-none-eabi/4.8.4/../../../../arm-none-eabi/lib/armv7-m\libc.a(lib_a-wctomb_r.o)
                0x00007484                __ascii_wctomb
 .text._ZSt17__throw_bad_allocv
                0x000074a0       0x20 c:/nxp/lpcxpresso_7.3.0_186/lpcxpresso/tools/bin/../lib/gcc/arm-none-eabi/4.8.4/../../../../arm-none-eabi/lib/armv7-m\libstdc++.a(functexcept.o)
                0x000074a0                std::__throw_bad_alloc()
 .text._ZSt19__throw_logic_errorPKc
                0x000074c0       0x54 c:/nxp/lpcxpresso_7.3.0_186/lpcxpresso/tools/bin/../lib/gcc/arm-none-eabi/4.8.4/../../../../arm-none-eabi/lib/armv7-m\libstdc++.a(functexcept.o)
                0x000074c0                std::__throw_logic_error(char const*)
 .text._ZSt20__throw_length_errorPKc
                0x00007514       0x54 c:/nxp/lpcxpresso_7.3.0_186/lpcxpresso/tools/bin/../lib/gcc/arm-none-eabi/4.8.4/../../../../arm-none-eabi/lib/armv7-m\libstdc++.a(functexcept.o)
                0x00007514                std::__throw_length_error(char const*)
 .text._ZSt20__throw_out_of_rangePKc
                0x00007568       0x54 c:/nxp/lpcxpresso_7.3.0_186/lpcxpresso/tools/bin/../lib/gcc/arm-none-eabi/4.8.4/../../../../arm-none-eabi/lib/armv7-m\libstdc++.a(functexcept.o)
                0x00007568                std::__throw_out_of_range(char const*)
 .text._ZNK12_GLOBAL__N_122generic_error_category4nameEv
                0x000075bc        0x8 c:/nxp/lpcxpresso_7.3.0_186/lpcxpresso/tools/bin/../lib/gcc/arm-none-eabi/4.8.4/../../../../arm-none-eabi/lib/armv7-m\libstdc++.a(system_error.o)
 .text._ZNK12_GLOBAL__N_121system_error_category4nameEv
                0x000075c4        0x8 c:/nxp/lpcxpresso_7.3.0_186/lpcxpresso/tools/bin/../lib/gcc/arm-none-eabi/4.8.4/../../../../arm-none-eabi/lib/armv7-m\libstdc++.a(system_error.o)
 .text._ZNSt14error_categoryD2Ev
                0x000075cc        0xc c:/nxp/lpcxpresso_7.3.0_186/lpcxpresso/tools/bin/../lib/gcc/arm-none-eabi/4.8.4/../../../../arm-none-eabi/lib/armv7-m\libstdc++.a(system_error.o)
                0x000075cc                std::error_category::~error_category()
                0x000075cc                std::error_category::~error_category()
 .text._ZNKSt14error_category23default_error_conditionEi
                0x000075d8        0x8 c:/nxp/lpcxpresso_7.3.0_186/lpcxpresso/tools/bin/../lib/gcc/arm-none-eabi/4.8.4/../../../../arm-none-eabi/lib/armv7-m\libstdc++.a(system_error.o)
                0x000075d8                std::error_category::default_error_condition(int) const
 .text._ZNKSt14error_category10equivalentEiRKSt15error_condition
                0x000075e0       0x30 c:/nxp/lpcxpresso_7.3.0_186/lpcxpresso/tools/bin/../lib/gcc/arm-none-eabi/4.8.4/../../../../arm-none-eabi/lib/armv7-m\libstdc++.a(system_error.o)
                0x000075e0                std::error_category::equivalent(int, std::error_condition const&) const
 .text._ZNKSt14error_category10equivalentERKSt10error_codei
                0x00007610       0x14 c:/nxp/lpcxpresso_7.3.0_186/lpcxpresso/tools/bin/../lib/gcc/arm-none-eabi/4.8.4/../../../../arm-none-eabi/lib/armv7-m\libstdc++.a(system_error.o)
                0x00007610                std::error_category::equivalent(std::error_code const&, int) const
 .text._ZN12_GLOBAL__N_121system_error_categoryD2Ev
                0x00007624        0xc c:/nxp/lpcxpresso_7.3.0_186/lpcxpresso/tools/bin/../lib/gcc/arm-none-eabi/4.8.4/../../../../arm-none-eabi/lib/armv7-m\libstdc++.a(system_error.o)
 .text._ZN12_GLOBAL__N_122generic_error_categoryD2Ev
                0x00007630        0xc c:/nxp/lpcxpresso_7.3.0_186/lpcxpresso/tools/bin/../lib/gcc/arm-none-eabi/4.8.4/../../../../arm-none-eabi/lib/armv7-m\libstdc++.a(system_error.o)
 .text._ZNSt14error_categoryD0Ev
                0x0000763c       0x14 c:/nxp/lpcxpresso_7.3.0_186/lpcxpresso/tools/bin/../lib/gcc/arm-none-eabi/4.8.4/../../../../arm-none-eabi/lib/armv7-m\libstdc++.a(system_error.o)
                0x0000763c                std::error_category::~error_category()
 .text._ZN12_GLOBAL__N_121system_error_categoryD0Ev
                0x00007650       0x14 c:/nxp/lpcxpresso_7.3.0_186/lpcxpresso/tools/bin/../lib/gcc/arm-none-eabi/4.8.4/../../../../arm-none-eabi/lib/armv7-m\libstdc++.a(system_error.o)
 .text._ZN12_GLOBAL__N_122generic_error_categoryD0Ev
                0x00007664       0x14 c:/nxp/lpcxpresso_7.3.0_186/lpcxpresso/tools/bin/../lib/gcc/arm-none-eabi/4.8.4/../../../../arm-none-eabi/lib/armv7-m\libstdc++.a(system_error.o)
 .text._ZNK12_GLOBAL__N_121system_error_category7messageEi
                0x00007678       0x1c c:/nxp/lpcxpresso_7.3.0_186/lpcxpresso/tools/bin/../lib/gcc/arm-none-eabi/4.8.4/../../../../arm-none-eabi/lib/armv7-m\libstdc++.a(system_error.o)
 .text._ZNK12_GLOBAL__N_122generic_error_category7messageEi
                0x00007694       0x1c c:/nxp/lpcxpresso_7.3.0_186/lpcxpresso/tools/bin/../lib/gcc/arm-none-eabi/4.8.4/../../../../arm-none-eabi/lib/armv7-m\libstdc++.a(system_error.o)
 .text.startup._GLOBAL__sub_I__ZNSt14error_categoryC2Ev
                0x000076b0       0x44 c:/nxp/lpcxpresso_7.3.0_186/lpcxpresso/tools/bin/../lib/gcc/arm-none-eabi/4.8.4/../../../../arm-none-eabi/lib/armv7-m\libstdc++.a(system_error.o)
 .text.__cxa_allocate_exception
                0x000076f4       0x58 c:/nxp/lpcxpresso_7.3.0_186/lpcxpresso/tools/bin/../lib/gcc/arm-none-eabi/4.8.4/../../../../arm-none-eabi/lib/armv7-m\libstdc++.a(eh_alloc.o)
                0x000076f4                __cxa_allocate_exception
 .text.__cxa_free_exception
                0x0000774c       0x34 c:/nxp/lpcxpresso_7.3.0_186/lpcxpresso/tools/bin/../lib/gcc/arm-none-eabi/4.8.4/../../../../arm-none-eabi/lib/armv7-m\libstdc++.a(eh_alloc.o)
                0x0000774c                __cxa_free_exception
 .text._ZL12read_sleb128PKhPl
                0x00007780       0x34 c:/nxp/lpcxpresso_7.3.0_186/lpcxpresso/tools/bin/../lib/gcc/arm-none-eabi/4.8.4/../../../../arm-none-eabi/lib/armv7-m\libstdc++.a(eh_personality.o)
 .text._ZL28read_encoded_value_with_basehjPKhPj
                0x000077b4       0xb0 c:/nxp/lpcxpresso_7.3.0_186/lpcxpresso/tools/bin/../lib/gcc/arm-none-eabi/4.8.4/../../../../arm-none-eabi/lib/armv7-m\libstdc++.a(eh_personality.o)
 .text._ZL21base_of_encoded_valuehP15_Unwind_Context
                0x00007864       0x4c c:/nxp/lpcxpresso_7.3.0_186/lpcxpresso/tools/bin/../lib/gcc/arm-none-eabi/4.8.4/../../../../arm-none-eabi/lib/armv7-m\libstdc++.a(eh_personality.o)
 .text._ZL17parse_lsda_headerP15_Unwind_ContextPKhP16lsda_header_info
                0x000078b0       0x94 c:/nxp/lpcxpresso_7.3.0_186/lpcxpresso/tools/bin/../lib/gcc/arm-none-eabi/4.8.4/../../../../arm-none-eabi/lib/armv7-m\libstdc++.a(eh_personality.o)
 .text.__gxx_personality_v0
                0x00007944      0x40c c:/nxp/lpcxpresso_7.3.0_186/lpcxpresso/tools/bin/../lib/gcc/arm-none-eabi/4.8.4/../../../../arm-none-eabi/lib/armv7-m\libstdc++.a(eh_personality.o)
                0x00007944                __gxx_personality_v0
 .text._ZL23__gxx_exception_cleanup19_Unwind_Reason_CodeP21_Unwind_Control_Block
                0x00007d50       0x44 c:/nxp/lpcxpresso_7.3.0_186/lpcxpresso/tools/bin/../lib/gcc/arm-none-eabi/4.8.4/../../../../arm-none-eabi/lib/armv7-m\libstdc++.a(eh_throw.o)
 .text.__cxa_throw
                0x00007d94       0x90 c:/nxp/lpcxpresso_7.3.0_186/lpcxpresso/tools/bin/../lib/gcc/arm-none-eabi/4.8.4/../../../../arm-none-eabi/lib/armv7-m\libstdc++.a(eh_throw.o)
                0x00007d94                __cxa_throw
 .text.__cxa_rethrow
                0x00007e24       0x70 c:/nxp/lpcxpresso_7.3.0_186/lpcxpresso/tools/bin/../lib/gcc/arm-none-eabi/4.8.4/../../../../arm-none-eabi/lib/armv7-m\libstdc++.a(eh_throw.o)
                0x00007e24                __cxa_rethrow
 .text.__cxa_end_cleanup
                0x00007e94        0xc c:/nxp/lpcxpresso_7.3.0_186/lpcxpresso/tools/bin/../lib/gcc/arm-none-eabi/4.8.4/../../../../arm-none-eabi/lib/armv7-m\libstdc++.a(eh_arm.o)
                0x00007e94                __cxa_end_cleanup
 .text.__cxa_type_match
                0x00007ea0       0xac c:/nxp/lpcxpresso_7.3.0_186/lpcxpresso/tools/bin/../lib/gcc/arm-none-eabi/4.8.4/../../../../arm-none-eabi/lib/armv7-m\libstdc++.a(eh_arm.o)
                0x00007ea0                __cxa_type_match
 .text.__cxa_begin_cleanup
                0x00007f4c       0x64 c:/nxp/lpcxpresso_7.3.0_186/lpcxpresso/tools/bin/../lib/gcc/arm-none-eabi/4.8.4/../../../../arm-none-eabi/lib/armv7-m\libstdc++.a(eh_arm.o)
                0x00007f4c                __cxa_begin_cleanup
 .text.__gnu_end_cleanup
                0x00007fb0       0x70 c:/nxp/lpcxpresso_7.3.0_186/lpcxpresso/tools/bin/../lib/gcc/arm-none-eabi/4.8.4/../../../../arm-none-eabi/lib/armv7-m\libstdc++.a(eh_arm.o)
                0x00007fb0                __gnu_end_cleanup
 .text._ZNKSt9bad_alloc4whatEv
                0x00008020        0x8 c:/nxp/lpcxpresso_7.3.0_186/lpcxpresso/tools/bin/../lib/gcc/arm-none-eabi/4.8.4/../../../../arm-none-eabi/lib/armv7-m\libstdc++.a(bad_alloc.o)
                0x00008020                std::bad_alloc::what() const
 .text._ZNSt9bad_allocD2Ev
                0x00008028       0x14 c:/nxp/lpcxpresso_7.3.0_186/lpcxpresso/tools/bin/../lib/gcc/arm-none-eabi/4.8.4/../../../../arm-none-eabi/lib/armv7-m\libstdc++.a(bad_alloc.o)
                0x00008028                std::bad_alloc::~bad_alloc()
                0x00008028                std::bad_alloc::~bad_alloc()
 .text._ZNSt9bad_allocD0Ev
                0x0000803c       0x1c c:/nxp/lpcxpresso_7.3.0_186/lpcxpresso/tools/bin/../lib/gcc/arm-none-eabi/4.8.4/../../../../arm-none-eabi/lib/armv7-m\libstdc++.a(bad_alloc.o)
                0x0000803c                std::bad_alloc::~bad_alloc()
 .text.__cxa_get_globals_fast
                0x00008058        0x8 c:/nxp/lpcxpresso_7.3.0_186/lpcxpresso/tools/bin/../lib/gcc/arm-none-eabi/4.8.4/../../../../arm-none-eabi/lib/armv7-m\libstdc++.a(eh_globals.o)
                0x00008058                __cxa_get_globals_fast
 .text.__cxa_get_globals
                0x00008060        0x8 c:/nxp/lpcxpresso_7.3.0_186/lpcxpresso/tools/bin/../lib/gcc/arm-none-eabi/4.8.4/../../../../arm-none-eabi/lib/armv7-m\libstdc++.a(eh_globals.o)
                0x00008060                __cxa_get_globals
 .text._ZN10__cxxabiv1L24__is_gxx_exception_classEPc
                0x00008068       0x3c c:/nxp/lpcxpresso_7.3.0_186/lpcxpresso/tools/bin/../lib/gcc/arm-none-eabi/4.8.4/../../../../arm-none-eabi/lib/armv7-m\libstdc++.a(eh_call.o)
 .text.__cxa_call_terminate
                0x000080a4       0x20 c:/nxp/lpcxpresso_7.3.0_186/lpcxpresso/tools/bin/../lib/gcc/arm-none-eabi/4.8.4/../../../../arm-none-eabi/lib/armv7-m\libstdc++.a(eh_call.o)
                0x000080a4                __cxa_call_terminate
 .text.__cxa_call_unexpected
                0x000080c4       0xdc c:/nxp/lpcxpresso_7.3.0_186/lpcxpresso/tools/bin/../lib/gcc/arm-none-eabi/4.8.4/../../../../arm-none-eabi/lib/armv7-m\libstdc++.a(eh_call.o)
                0x000080c4                __cxa_call_unexpected
 .text._ZNK10__cxxabiv117__class_type_info11__do_upcastEPKS0_PPv
                0x000081a0       0x38 c:/nxp/lpcxpresso_7.3.0_186/lpcxpresso/tools/bin/../lib/gcc/arm-none-eabi/4.8.4/../../../../arm-none-eabi/lib/armv7-m\libstdc++.a(class_type_info.o)
                0x000081a0                __cxxabiv1::__class_type_info::__do_upcast(__cxxabiv1::__class_type_info const*, void**) const
 .text._ZNK10__cxxabiv117__class_type_info20__do_find_public_srcEiPKvPKS0_S2_
                0x000081d8        0xc c:/nxp/lpcxpresso_7.3.0_186/lpcxpresso/tools/bin/../lib/gcc/arm-none-eabi/4.8.4/../../../../arm-none-eabi/lib/armv7-m\libstdc++.a(class_type_info.o)
                0x000081d8                __cxxabiv1::__class_type_info::__do_find_public_src(int, void const*, __cxxabiv1::__class_type_info const*, void const*) const
 .text._ZN10__cxxabiv117__class_type_infoD2Ev
                0x000081e4       0x14 c:/nxp/lpcxpresso_7.3.0_186/lpcxpresso/tools/bin/../lib/gcc/arm-none-eabi/4.8.4/../../../../arm-none-eabi/lib/armv7-m\libstdc++.a(class_type_info.o)
                0x000081e4                __cxxabiv1::__class_type_info::~__class_type_info()
                0x000081e4                __cxxabiv1::__class_type_info::~__class_type_info()
 .text._ZN10__cxxabiv117__class_type_infoD0Ev
                0x000081f8       0x1c c:/nxp/lpcxpresso_7.3.0_186/lpcxpresso/tools/bin/../lib/gcc/arm-none-eabi/4.8.4/../../../../arm-none-eabi/lib/armv7-m\libstdc++.a(class_type_info.o)
                0x000081f8                __cxxabiv1::__class_type_info::~__class_type_info()
 .text._ZNK10__cxxabiv117__class_type_info11__do_upcastEPKS0_PKvRNS0_15__upcast_resultE
                0x00008214       0x18 c:/nxp/lpcxpresso_7.3.0_186/lpcxpresso/tools/bin/../lib/gcc/arm-none-eabi/4.8.4/../../../../arm-none-eabi/lib/armv7-m\libstdc++.a(class_type_info.o)
                0x00008214                __cxxabiv1::__class_type_info::__do_upcast(__cxxabiv1::__class_type_info const*, void const*, __cxxabiv1::__class_type_info::__upcast_result&) const
 .text._ZNK10__cxxabiv117__class_type_info10__do_catchEPKSt9type_infoPPvj
                0x0000822c       0x24 c:/nxp/lpcxpresso_7.3.0_186/lpcxpresso/tools/bin/../lib/gcc/arm-none-eabi/4.8.4/../../../../arm-none-eabi/lib/armv7-m\libstdc++.a(class_type_info.o)
                0x0000822c                __cxxabiv1::__class_type_info::__do_catch(std::type_info const*, void**, unsigned int) const
 .text._ZNK10__cxxabiv117__class_type_info12__do_dyncastEiNS0_10__sub_kindEPKS0_PKvS3_S5_RNS0_16__dyncast_resultE
                0x00008250       0x40 c:/nxp/lpcxpresso_7.3.0_186/lpcxpresso/tools/bin/../lib/gcc/arm-none-eabi/4.8.4/../../../../arm-none-eabi/lib/armv7-m\libstdc++.a(class_type_info.o)
                0x00008250                __cxxabiv1::__class_type_info::__do_dyncast(int, __cxxabiv1::__class_type_info::__sub_kind, __cxxabiv1::__class_type_info const*, void const*, __cxxabiv1::__class_type_info const*, void const*, __cxxabiv1::__class_type_info::__dyncast_result&) const
 .text._ZNSt9exceptionD2Ev
                0x00008290        0xc c:/nxp/lpcxpresso_7.3.0_186/lpcxpresso/tools/bin/../lib/gcc/arm-none-eabi/4.8.4/../../../../arm-none-eabi/lib/armv7-m\libstdc++.a(eh_exception.o)
                0x00008290                std::exception::~exception()
                0x00008290                std::exception::~exception()
 .text._ZNSt13bad_exceptionD2Ev
                0x0000829c        0xc c:/nxp/lpcxpresso_7.3.0_186/lpcxpresso/tools/bin/../lib/gcc/arm-none-eabi/4.8.4/../../../../arm-none-eabi/lib/armv7-m\libstdc++.a(eh_exception.o)
                0x0000829c                std::bad_exception::~bad_exception()
                0x0000829c                std::bad_exception::~bad_exception()
 .text._ZNKSt9exception4whatEv
                0x000082a8        0x8 c:/nxp/lpcxpresso_7.3.0_186/lpcxpresso/tools/bin/../lib/gcc/arm-none-eabi/4.8.4/../../../../arm-none-eabi/lib/armv7-m\libstdc++.a(eh_exception.o)
                0x000082a8                std::exception::what() const
 .text._ZNKSt13bad_exception4whatEv
                0x000082b0        0x8 c:/nxp/lpcxpresso_7.3.0_186/lpcxpresso/tools/bin/../lib/gcc/arm-none-eabi/4.8.4/../../../../arm-none-eabi/lib/armv7-m\libstdc++.a(eh_exception.o)
                0x000082b0                std::bad_exception::what() const
 .text._ZNSt9exceptionD0Ev
                0x000082b8       0x14 c:/nxp/lpcxpresso_7.3.0_186/lpcxpresso/tools/bin/../lib/gcc/arm-none-eabi/4.8.4/../../../../arm-none-eabi/lib/armv7-m\libstdc++.a(eh_exception.o)
                0x000082b8                std::exception::~exception()
 .text._ZNSt13bad_exceptionD0Ev
                0x000082cc       0x14 c:/nxp/lpcxpresso_7.3.0_186/lpcxpresso/tools/bin/../lib/gcc/arm-none-eabi/4.8.4/../../../../arm-none-eabi/lib/armv7-m\libstdc++.a(eh_exception.o)
                0x000082cc                std::bad_exception::~bad_exception()
 .text._ZN10__cxxabiv120__si_class_type_infoD2Ev
                0x000082e0       0x14 c:/nxp/lpcxpresso_7.3.0_186/lpcxpresso/tools/bin/../lib/gcc/arm-none-eabi/4.8.4/../../../../arm-none-eabi/lib/armv7-m\libstdc++.a(si_class_type_info.o)
                0x000082e0                __cxxabiv1::__si_class_type_info::~__si_class_type_info()
                0x000082e0                __cxxabiv1::__si_class_type_info::~__si_class_type_info()
 .text._ZN10__cxxabiv120__si_class_type_infoD0Ev
                0x000082f4       0x1c c:/nxp/lpcxpresso_7.3.0_186/lpcxpresso/tools/bin/../lib/gcc/arm-none-eabi/4.8.4/../../../../arm-none-eabi/lib/armv7-m\libstdc++.a(si_class_type_info.o)
                0x000082f4                __cxxabiv1::__si_class_type_info::~__si_class_type_info()
 .text._ZNK10__cxxabiv120__si_class_type_info20__do_find_public_srcEiPKvPKNS_17__class_type_infoES2_
                0x00008310       0x34 c:/nxp/lpcxpresso_7.3.0_186/lpcxpresso/tools/bin/../lib/gcc/arm-none-eabi/4.8.4/../../../../arm-none-eabi/lib/armv7-m\libstdc++.a(si_class_type_info.o)
                0x00008310                __cxxabiv1::__si_class_type_info::__do_find_public_src(int, void const*, __cxxabiv1::__class_type_info const*, void const*) const
 .text._ZNK10__cxxabiv120__si_class_type_info12__do_dyncastEiNS_17__class_type_info10__sub_kindEPKS1_PKvS4_S6_RNS1_16__dyncast_resultE
                0x00008344       0x98 c:/nxp/lpcxpresso_7.3.0_186/lpcxpresso/tools/bin/../lib/gcc/arm-none-eabi/4.8.4/../../../../arm-none-eabi/lib/armv7-m\libstdc++.a(si_class_type_info.o)
                0x00008344                __cxxabiv1::__si_class_type_info::__do_dyncast(int, __cxxabiv1::__class_type_info::__sub_kind, __cxxabiv1::__class_type_info const*, void const*, __cxxabiv1::__class_type_info const*, void const*, __cxxabiv1::__class_type_info::__dyncast_result&) const
 .text._ZNK10__cxxabiv120__si_class_type_info11__do_upcastEPKNS_17__class_type_infoEPKvRNS1_15__upcast_resultE
                0x000083dc       0x20 c:/nxp/lpcxpresso_7.3.0_186/lpcxpresso/tools/bin/../lib/gcc/arm-none-eabi/4.8.4/../../../../arm-none-eabi/lib/armv7-m\libstdc++.a(si_class_type_info.o)
                0x000083dc                __cxxabiv1::__si_class_type_info::__do_upcast(__cxxabiv1::__class_type_info const*, void const*, __cxxabiv1::__class_type_info::__upcast_result&) const
 .text._ZN10__cxxabiv111__terminateEPFvvE
                0x000083fc       0x28 c:/nxp/lpcxpresso_7.3.0_186/lpcxpresso/tools/bin/../lib/gcc/arm-none-eabi/4.8.4/../../../../arm-none-eabi/lib/armv7-m\libstdc++.a(eh_terminate.o)
                0x000083fc                __cxxabiv1::__terminate(void (*)())
 .text._ZSt9terminatev
                0x00008424       0x10 c:/nxp/lpcxpresso_7.3.0_186/lpcxpresso/tools/bin/../lib/gcc/arm-none-eabi/4.8.4/../../../../arm-none-eabi/lib/armv7-m\libstdc++.a(eh_terminate.o)
                0x00008424                std::terminate()
 .text._ZN10__cxxabiv112__unexpectedEPFvvE
                0x00008434        0x8 c:/nxp/lpcxpresso_7.3.0_186/lpcxpresso/tools/bin/../lib/gcc/arm-none-eabi/4.8.4/../../../../arm-none-eabi/lib/armv7-m\libstdc++.a(eh_terminate.o)
                0x00008434                __cxxabiv1::__unexpected(void (*)())
 .text._ZSt10unexpectedv
                0x0000843c       0x10 c:/nxp/lpcxpresso_7.3.0_186/lpcxpresso/tools/bin/../lib/gcc/arm-none-eabi/4.8.4/../../../../arm-none-eabi/lib/armv7-m\libstdc++.a(eh_terminate.o)
                0x0000843c                std::unexpected()
 .text._ZNKSt11logic_error4whatEv
                0x0000844c        0x4 c:/nxp/lpcxpresso_7.3.0_186/lpcxpresso/tools/bin/../lib/gcc/arm-none-eabi/4.8.4/../../../../arm-none-eabi/lib/armv7-m\libstdc++.a(stdexcept.o)
                0x0000844c                std::logic_error::what() const
 .text._ZNSt11logic_errorD2Ev
                0x00008450       0x40 c:/nxp/lpcxpresso_7.3.0_186/lpcxpresso/tools/bin/../lib/gcc/arm-none-eabi/4.8.4/../../../../arm-none-eabi/lib/armv7-m\libstdc++.a(stdexcept.o)
                0x00008450                std::logic_error::~logic_error()
                0x00008450                std::logic_error::~logic_error()
 .text._ZNSt11logic_errorD0Ev
                0x00008490       0x14 c:/nxp/lpcxpresso_7.3.0_186/lpcxpresso/tools/bin/../lib/gcc/arm-none-eabi/4.8.4/../../../../arm-none-eabi/lib/armv7-m\libstdc++.a(stdexcept.o)
                0x00008490                std::logic_error::~logic_error()
 .text._ZNSt12length_errorD2Ev
                0x000084a4       0x14 c:/nxp/lpcxpresso_7.3.0_186/lpcxpresso/tools/bin/../lib/gcc/arm-none-eabi/4.8.4/../../../../arm-none-eabi/lib/armv7-m\libstdc++.a(stdexcept.o)
                0x000084a4                std::length_error::~length_error()
                0x000084a4                std::length_error::~length_error()
 .text._ZNSt12length_errorD0Ev
                0x000084b8       0x1c c:/nxp/lpcxpresso_7.3.0_186/lpcxpresso/tools/bin/../lib/gcc/arm-none-eabi/4.8.4/../../../../arm-none-eabi/lib/armv7-m\libstdc++.a(stdexcept.o)
                0x000084b8                std::length_error::~length_error()
 .text._ZNSt12out_of_rangeD2Ev
                0x000084d4       0x14 c:/nxp/lpcxpresso_7.3.0_186/lpcxpresso/tools/bin/../lib/gcc/arm-none-eabi/4.8.4/../../../../arm-none-eabi/lib/armv7-m\libstdc++.a(stdexcept.o)
                0x000084d4                std::out_of_range::~out_of_range()
                0x000084d4                std::out_of_range::~out_of_range()
 .text._ZNSt12out_of_rangeD0Ev
                0x000084e8       0x1c c:/nxp/lpcxpresso_7.3.0_186/lpcxpresso/tools/bin/../lib/gcc/arm-none-eabi/4.8.4/../../../../arm-none-eabi/lib/armv7-m\libstdc++.a(stdexcept.o)
                0x000084e8                std::out_of_range::~out_of_range()
 .text._ZNSt11logic_errorC2ERKSs
                0x00008504       0x20 c:/nxp/lpcxpresso_7.3.0_186/lpcxpresso/tools/bin/../lib/gcc/arm-none-eabi/4.8.4/../../../../arm-none-eabi/lib/armv7-m\libstdc++.a(stdexcept.o)
                0x00008504                std::logic_error::logic_error(std::string const&)
                0x00008504                std::logic_error::logic_error(std::string const&)
 .text._ZNSt12length_errorC2ERKSs
                0x00008524       0x14 c:/nxp/lpcxpresso_7.3.0_186/lpcxpresso/tools/bin/../lib/gcc/arm-none-eabi/4.8.4/../../../../arm-none-eabi/lib/armv7-m\libstdc++.a(stdexcept.o)
                0x00008524                std::length_error::length_error(std::string const&)
                0x00008524                std::length_error::length_error(std::string const&)
 .text._ZNSt12out_of_rangeC2ERKSs
                0x00008538       0x14 c:/nxp/lpcxpresso_7.3.0_186/lpcxpresso/tools/bin/../lib/gcc/arm-none-eabi/4.8.4/../../../../arm-none-eabi/lib/armv7-m\libstdc++.a(stdexcept.o)
                0x00008538                std::out_of_range::out_of_range(std::string const&)
                0x00008538                std::out_of_range::out_of_range(std::string const&)
 .text._ZNSs4_Rep9_S_createEjjRKSaIcE
                0x0000854c       0x58 c:/nxp/lpcxpresso_7.3.0_186/lpcxpresso/tools/bin/../lib/gcc/arm-none-eabi/4.8.4/../../../../arm-none-eabi/lib/armv7-m\libstdc++.a(string-inst.o)
                0x0000854c                std::string::_Rep::_S_create(unsigned int, unsigned int, std::allocator<char> const&)
 .text._ZNSs4_Rep10_M_destroyERKSaIcE
                0x000085a4        0x4 c:/nxp/lpcxpresso_7.3.0_186/lpcxpresso/tools/bin/../lib/gcc/arm-none-eabi/4.8.4/../../../../arm-none-eabi/lib/armv7-m\libstdc++.a(string-inst.o)
                0x000085a4                std::string::_Rep::_M_destroy(std::allocator<char> const&)
 .text.unlikely._ZNSs4_Rep10_M_disposeERKSaIcE.part.11
                0x000085a8       0x14 c:/nxp/lpcxpresso_7.3.0_186/lpcxpresso/tools/bin/../lib/gcc/arm-none-eabi/4.8.4/../../../../arm-none-eabi/lib/armv7-m\libstdc++.a(string-inst.o)
 .text._ZNSs4_Rep10_M_disposeERKSaIcE
                0x000085bc       0x10 c:/nxp/lpcxpresso_7.3.0_186/lpcxpresso/tools/bin/../lib/gcc/arm-none-eabi/4.8.4/../../../../arm-none-eabi/lib/armv7-m\libstdc++.a(string-inst.o)
                0x000085bc                std::string::_Rep::_M_dispose(std::allocator<char> const&)
 .text._ZNSs4_Rep8_M_cloneERKSaIcEj
                0x000085cc       0x50 c:/nxp/lpcxpresso_7.3.0_186/lpcxpresso/tools/bin/../lib/gcc/arm-none-eabi/4.8.4/../../../../arm-none-eabi/lib/armv7-m\libstdc++.a(string-inst.o)
                0x000085cc                std::string::_Rep::_M_clone(std::allocator<char> const&, unsigned int)
 .text._ZNSsC2ERKSs
                0x0000861c       0x40 c:/nxp/lpcxpresso_7.3.0_186/lpcxpresso/tools/bin/../lib/gcc/arm-none-eabi/4.8.4/../../../../arm-none-eabi/lib/armv7-m\libstdc++.a(string-inst.o)
                0x0000861c                std::basic_string<char, std::char_traits<char>, std::allocator<char> >::basic_string(std::string const&)
                0x0000861c                std::basic_string<char, std::char_traits<char>, std::allocator<char> >::basic_string(std::string const&)
 .text._ZNSs12_S_constructIPKcEEPcT_S3_RKSaIcESt20forward_iterator_tag
                0x0000865c       0x70 c:/nxp/lpcxpresso_7.3.0_186/lpcxpresso/tools/bin/../lib/gcc/arm-none-eabi/4.8.4/../../../../arm-none-eabi/lib/armv7-m\libstdc++.a(string-inst.o)
                0x0000865c                char* std::string::_S_construct<char const*>(char const*, char const*, std::allocator<char> const&, std::forward_iterator_tag)
 .text._ZNSsC2EPKcRKSaIcE
                0x000086cc       0x2c c:/nxp/lpcxpresso_7.3.0_186/lpcxpresso/tools/bin/../lib/gcc/arm-none-eabi/4.8.4/../../../../arm-none-eabi/lib/armv7-m\libstdc++.a(string-inst.o)
                0x000086cc                std::basic_string<char, std::char_traits<char>, std::allocator<char> >::basic_string(char const*, std::allocator<char> const&)
                0x000086cc                std::basic_string<char, std::char_traits<char>, std::allocator<char> >::basic_string(char const*, std::allocator<char> const&)
 .text.__cxa_begin_catch
                0x000086f8       0x8c c:/nxp/lpcxpresso_7.3.0_186/lpcxpresso/tools/bin/../lib/gcc/arm-none-eabi/4.8.4/../../../../arm-none-eabi/lib/armv7-m\libstdc++.a(eh_catch.o)
                0x000086f8                __cxa_begin_catch
 .text.__cxa_end_catch
                0x00008784       0x8c c:/nxp/lpcxpresso_7.3.0_186/lpcxpresso/tools/bin/../lib/gcc/arm-none-eabi/4.8.4/../../../../arm-none-eabi/lib/armv7-m\libstdc++.a(eh_catch.o)
                0x00008784                __cxa_end_catch
 .text._ZNSt9type_infoD2Ev
                0x00008810        0xc c:/nxp/lpcxpresso_7.3.0_186/lpcxpresso/tools/bin/../lib/gcc/arm-none-eabi/4.8.4/../../../../arm-none-eabi/lib/armv7-m\libstdc++.a(tinfo.o)
                0x00008810                std::type_info::~type_info()
                0x00008810                std::type_info::~type_info()
 .text._ZNKSt9type_info14__is_pointer_pEv
                0x0000881c        0x4 c:/nxp/lpcxpresso_7.3.0_186/lpcxpresso/tools/bin/../lib/gcc/arm-none-eabi/4.8.4/../../../../arm-none-eabi/lib/armv7-m\libstdc++.a(tinfo.o)
                0x0000881c                std::type_info::__is_pointer_p() const
 .text._ZNKSt9type_info15__is_function_pEv
                0x00008820        0x4 c:/nxp/lpcxpresso_7.3.0_186/lpcxpresso/tools/bin/../lib/gcc/arm-none-eabi/4.8.4/../../../../arm-none-eabi/lib/armv7-m\libstdc++.a(tinfo.o)
                0x00008820                std::type_info::__is_function_p() const
 .text._ZNKSt9type_info11__do_upcastEPKN10__cxxabiv117__class_type_infoEPPv
                0x00008824        0x4 c:/nxp/lpcxpresso_7.3.0_186/lpcxpresso/tools/bin/../lib/gcc/arm-none-eabi/4.8.4/../../../../arm-none-eabi/lib/armv7-m\libstdc++.a(tinfo.o)
                0x00008824                std::type_info::__do_upcast(__cxxabiv1::__class_type_info const*, void**) const
 .text._ZNSt9type_infoD0Ev
                0x00008828       0x14 c:/nxp/lpcxpresso_7.3.0_186/lpcxpresso/tools/bin/../lib/gcc/arm-none-eabi/4.8.4/../../../../arm-none-eabi/lib/armv7-m\libstdc++.a(tinfo.o)
                0x00008828                std::type_info::~type_info()
 .text._ZNKSt9type_infoeqERKS_
                0x0000883c       0x30 c:/nxp/lpcxpresso_7.3.0_186/lpcxpresso/tools/bin/../lib/gcc/arm-none-eabi/4.8.4/../../../../arm-none-eabi/lib/armv7-m\libstdc++.a(tinfo.o)
                0x0000883c                std::type_info::operator==(std::type_info const&) const
 .text._ZNKSt9type_info10__do_catchEPKS_PPvj
                0x0000886c        0x4 c:/nxp/lpcxpresso_7.3.0_186/lpcxpresso/tools/bin/../lib/gcc/arm-none-eabi/4.8.4/../../../../arm-none-eabi/lib/armv7-m\libstdc++.a(tinfo.o)
                0x0000886c                std::type_info::__do_catch(std::type_info const*, void**, unsigned int) const
 .text._sbrk    0x00008870       0x3c c:/nxp/lpcxpresso_7.3.0_186/lpcxpresso/tools/bin/../lib/gcc/arm-none-eabi/4.8.4/../../../../arm-none-eabi/lib/armv7-m\libcr_newlib_nohost.a(_cr_sbrk.o)
                0x00008870                _sbrk
 .text.abort    0x000088ac        0x2 c:/nxp/lpcxpresso_7.3.0_186/lpcxpresso/tools/bin/../lib/gcc/arm-none-eabi/4.8.4/../../../../arm-none-eabi/lib/armv7-m\libcr_newlib_nohost.a(cr_abort.o)
                0x000088ac                abort
 *fill*         0x000088ae        0x2 
 .text.__check_heap_overflow
                0x000088b0       0x18 c:/nxp/lpcxpresso_7.3.0_186/lpcxpresso/tools/bin/../lib/gcc/arm-none-eabi/4.8.4/../../../../arm-none-eabi/lib/armv7-m\libcr_newlib_nohost.a(_cr_check_heap.o)
                0x000088b0                __check_heap_overflow
 .text          0x000088c8       0x54 c:/nxp/lpcxpresso_7.3.0_186/lpcxpresso/tools/bin/../lib/gcc/arm-none-eabi/4.8.4/armv7-m\crtbegin.o
 .text          0x0000891c      0x424 c:/nxp/lpcxpresso_7.3.0_186/lpcxpresso/tools/bin/../lib/gcc/arm-none-eabi/4.8.4/armv7-m\libgcc.a(_arm_muldivdf3.o)
                0x0000891c                __aeabi_dmul
                0x0000891c                __muldf3
                0x00008b70                __divdf3
                0x00008b70                __aeabi_ddiv
 .text          0x00008d40      0x110 c:/nxp/lpcxpresso_7.3.0_186/lpcxpresso/tools/bin/../lib/gcc/arm-none-eabi/4.8.4/armv7-m\libgcc.a(_arm_cmpdf2.o)
                0x00008d40                __gtdf2
                0x00008d40                __gedf2
                0x00008d48                __ltdf2
                0x00008d48                __ledf2
                0x00008d50                __nedf2
                0x00008d50                __eqdf2
                0x00008d50                __cmpdf2
                0x00008dcc                __aeabi_cdrcmple
                0x00008ddc                __aeabi_cdcmpeq
                0x00008ddc                __aeabi_cdcmple
                0x00008dec                __aeabi_dcmpeq
                0x00008e00                __aeabi_dcmplt
                0x00008e14                __aeabi_dcmple
                0x00008e28                __aeabi_dcmpge
                0x00008e3c                __aeabi_dcmpgt
 .text          0x00008e50      0xa28 c:/nxp/lpcxpresso_7.3.0_186/lpcxpresso/tools/bin/../lib/gcc/arm-none-eabi/4.8.4/armv7-m\libgcc.a(unwind-arm.o)
                0x00009134                _Unwind_GetCFA
                0x00009138                __gnu_Unwind_RaiseException
                0x00009198                __gnu_Unwind_ForcedUnwind
                0x000091ac                __gnu_Unwind_Resume
                0x000091f0                __gnu_Unwind_Resume_or_Rethrow
                0x0000920c                _Unwind_Complete
                0x00009210                _Unwind_DeleteException
                0x00009220                _Unwind_VRS_Get
                0x00009270                _Unwind_VRS_Set
                0x000092c0                __gnu_Unwind_Backtrace
                0x00009614                __aeabi_unwind_cpp_pr0
                0x0000961c                __aeabi_unwind_cpp_pr1
                0x00009624                __aeabi_unwind_cpp_pr2
                0x0000962c                _Unwind_VRS_Pop
 .text          0x00009878      0x1ac c:/nxp/lpcxpresso_7.3.0_186/lpcxpresso/tools/bin/../lib/gcc/arm-none-eabi/4.8.4/armv7-m\libgcc.a(libunwind.o)
                0x00009878                __restore_core_regs
                0x00009878                restore_core_regs
                0x00009890                __gnu_Unwind_Restore_VFP
                0x00009898                __gnu_Unwind_Save_VFP
                0x000098a0                __gnu_Unwind_Restore_VFP_D
                0x000098a8                __gnu_Unwind_Save_VFP_D
                0x000098b0                __gnu_Unwind_Restore_VFP_D_16_to_31
                0x000098b8                __gnu_Unwind_Save_VFP_D_16_to_31
                0x000098c0                __gnu_Unwind_Restore_WMMXD
                0x00009904                __gnu_Unwind_Save_WMMXD
                0x00009948                __gnu_Unwind_Restore_WMMXC
                0x0000995c                __gnu_Unwind_Save_WMMXC
                0x00009970                ___Unwind_RaiseException
                0x00009970                _Unwind_RaiseException
                0x00009994                _Unwind_Resume
                0x00009994                ___Unwind_Resume
                0x000099b8                _Unwind_Resume_or_Rethrow
                0x000099b8                ___Unwind_Resume_or_Rethrow
                0x000099dc                _Unwind_ForcedUnwind
                0x000099dc                ___Unwind_ForcedUnwind
                0x00009a00                ___Unwind_Backtrace
                0x00009a00                _Unwind_Backtrace
 .text          0x00009a24      0x33c c:/nxp/lpcxpresso_7.3.0_186/lpcxpresso/tools/bin/../lib/gcc/arm-none-eabi/4.8.4/armv7-m\libgcc.a(pr-support.o)
                0x00009a78                __gnu_unwind_execute
                0x00009d08                __gnu_unwind_frame
                0x00009d30                _Unwind_GetRegionStart
                0x00009d3c                _Unwind_GetLanguageSpecificData
                0x00009d50                _Unwind_GetDataRelBase
                0x00009d58                _Unwind_GetTextRelBase
 .text._strerror_r
                0x00009d60      0x39c c:/nxp/lpcxpresso_7.3.0_186/lpcxpresso/tools/bin/../lib/gcc/arm-none-eabi/4.8.4/../../../../arm-none-eabi/lib/armv7-m\libc.a(lib_a-strerror.o)
                0x00009d60                _strerror_r
 .text.strerror
                0x0000a0fc       0x14 c:/nxp/lpcxpresso_7.3.0_186/lpcxpresso/tools/bin/../lib/gcc/arm-none-eabi/4.8.4/../../../../arm-none-eabi/lib/armv7-m\libc.a(lib_a-strerror.o)
                0x0000a0fc                strerror
 .text._user_strerror
                0x0000a110        0x4 c:/nxp/lpcxpresso_7.3.0_186/lpcxpresso/tools/bin/../lib/gcc/arm-none-eabi/4.8.4/../../../../arm-none-eabi/lib/armv7-m\libc.a(lib_a-u_strerr.o)
                0x0000a110                _user_strerror
 *(.rodata .rodata.*)
 .rodata.str1.4
                0x0000a114       0xb3 ./main.o
                                 0xb4 (size before relaxing)
 *fill*         0x0000a1c7        0x1 
 .rodata.str1.4
                0x0000a1c8        0xe C:/Users/chatchai/Desktop/my_project/app_lcd/mbed/TARGET_LPC1768/TOOLCHAIN_GCC_CR/retarget.o
                                 0x10 (size before relaxing)
 *fill*         0x0000a1d6        0x2 
 .rodata.str1.4
                0x0000a1d8       0x4f C:/Users/chatchai/Desktop/my_project/app_lcd/mbed/TARGET_LPC1768/TOOLCHAIN_GCC_CR/board.o
                                 0x68 (size before relaxing)
 *fill*         0x0000a227        0x1 
 .rodata.PinMap_UART_RTS
                0x0000a228       0x24 C:\Users\chatchai\Desktop\my_project\app_lcd\mbed\TARGET_LPC1768\TOOLCHAIN_GCC_CR\libmbed.a(serial_api.o)
 .rodata.PinMap_UART_RX
                0x0000a24c       0x6c C:\Users\chatchai\Desktop\my_project\app_lcd\mbed\TARGET_LPC1768\TOOLCHAIN_GCC_CR\libmbed.a(serial_api.o)
 .rodata.CSWTCH.9
                0x0000a2b8       0x10 C:\Users\chatchai\Desktop\my_project\app_lcd\mbed\TARGET_LPC1768\TOOLCHAIN_GCC_CR\libmbed.a(serial_api.o)
 .rodata.str1.4
                0x0000a2c8      0x1ac C:\Users\chatchai\Desktop\my_project\app_lcd\mbed\TARGET_LPC1768\TOOLCHAIN_GCC_CR\libmbed.a(serial_api.o)
                                0x1c4 (size before relaxing)
 .rodata.PinMap_UART_TX
                0x0000a474       0x6c C:\Users\chatchai\Desktop\my_project\app_lcd\mbed\TARGET_LPC1768\TOOLCHAIN_GCC_CR\libmbed.a(serial_api.o)
 .rodata.PinMap_UART_CTS
                0x0000a4e0       0x24 C:\Users\chatchai\Desktop\my_project\app_lcd\mbed\TARGET_LPC1768\TOOLCHAIN_GCC_CR\libmbed.a(serial_api.o)
 .rodata.str1.4
                0x0000a504       0x31 C:\Users\chatchai\Desktop\my_project\app_lcd\mbed\TARGET_LPC1768\TOOLCHAIN_GCC_CR\libmbed.a(assert.o)
                                 0x34 (size before relaxing)
 .rodata.str1.4
                0x00000000       0x68 C:\Users\chatchai\Desktop\my_project\app_lcd\mbed\TARGET_LPC1768\TOOLCHAIN_GCC_CR\libmbed.a(gpio.o)
 *fill*         0x0000a535        0x3 
 .rodata.str1.4
                0x0000a538       0x48 C:\Users\chatchai\Desktop\my_project\app_lcd\mbed\TARGET_LPC1768\TOOLCHAIN_GCC_CR\libmbed.a(pinmap_common.o)
 .rodata.str1.4
                0x0000a580       0x66 C:\Users\chatchai\Desktop\my_project\app_lcd\mbed\TARGET_LPC1768\TOOLCHAIN_GCC_CR\libmbed.a(pinmap.o)
                                 0x68 (size before relaxing)
 *fill*         0x0000a5e6        0x2 
 .rodata.str1.4
                0x0000a5e8       0x54 C:\Users\chatchai\Desktop\my_project\app_lcd\mbed\TARGET_LPC1768\TOOLCHAIN_GCC_CR\libmbed.a(gpio_api.o)
                                 0x80 (size before relaxing)
 .rodata.str1.4
                0x0000a63c        0x2 c:/nxp/lpcxpresso_7.3.0_186/lpcxpresso/tools/bin/../lib/gcc/arm-none-eabi/4.8.4/../../../../arm-none-eabi/lib/armv7-m\libc.a(lib_a-impure.o)
                                  0x4 (size before relaxing)
 *fill*         0x0000a63e        0x2 
 .rodata._global_impure_ptr
                0x0000a640        0x4 c:/nxp/lpcxpresso_7.3.0_186/lpcxpresso/tools/bin/../lib/gcc/arm-none-eabi/4.8.4/../../../../arm-none-eabi/lib/armv7-m\libc.a(lib_a-impure.o)
                0x0000a640                _global_impure_ptr
 .rodata.blanks.6777
                0x0000a644       0x10 c:/nxp/lpcxpresso_7.3.0_186/lpcxpresso/tools/bin/../lib/gcc/arm-none-eabi/4.8.4/../../../../arm-none-eabi/lib/armv7-m\libc.a(lib_a-vfprintf.o)
 .rodata.str1.4
                0x0000a654       0x42 c:/nxp/lpcxpresso_7.3.0_186/lpcxpresso/tools/bin/../lib/gcc/arm-none-eabi/4.8.4/../../../../arm-none-eabi/lib/armv7-m\libc.a(lib_a-vfprintf.o)
                                 0x44 (size before relaxing)
 *fill*         0x0000a696        0x2 
 .rodata.zeroes.6778
                0x0000a698       0x10 c:/nxp/lpcxpresso_7.3.0_186/lpcxpresso/tools/bin/../lib/gcc/arm-none-eabi/4.8.4/../../../../arm-none-eabi/lib/armv7-m\libc.a(lib_a-vfprintf.o)
 .rodata.str1.4
                0x0000a6a8       0x10 c:/nxp/lpcxpresso_7.3.0_186/lpcxpresso/tools/bin/../lib/gcc/arm-none-eabi/4.8.4/../../../../arm-none-eabi/lib/armv7-m\libc.a(lib_a-dtoa.o)
                                 0x14 (size before relaxing)
 .rodata.str1.4
                0x0000a6b8        0xa c:/nxp/lpcxpresso_7.3.0_186/lpcxpresso/tools/bin/../lib/gcc/arm-none-eabi/4.8.4/../../../../arm-none-eabi/lib/armv7-m\libc.a(lib_a-locale.o)
                                 0x14 (size before relaxing)
 *fill*         0x0000a6c2        0x6 
 .rodata.__mprec_tens
                0x0000a6c8       0xc8 c:/nxp/lpcxpresso_7.3.0_186/lpcxpresso/tools/bin/../lib/gcc/arm-none-eabi/4.8.4/../../../../arm-none-eabi/lib/armv7-m\libc.a(lib_a-mprec.o)
                0x0000a6c8                __mprec_tens
 .rodata.__mprec_bigtens
                0x0000a790       0x28 c:/nxp/lpcxpresso_7.3.0_186/lpcxpresso/tools/bin/../lib/gcc/arm-none-eabi/4.8.4/../../../../arm-none-eabi/lib/armv7-m\libc.a(lib_a-mprec.o)
                0x0000a790                __mprec_bigtens
 .rodata.p05.5269
                0x0000a7b8        0xc c:/nxp/lpcxpresso_7.3.0_186/lpcxpresso/tools/bin/../lib/gcc/arm-none-eabi/4.8.4/../../../../arm-none-eabi/lib/armv7-m\libc.a(lib_a-mprec.o)
 .rodata._ZTSN12_GLOBAL__N_121system_error_categoryE
                0x0000a7c4       0x2c c:/nxp/lpcxpresso_7.3.0_186/lpcxpresso/tools/bin/../lib/gcc/arm-none-eabi/4.8.4/../../../../arm-none-eabi/lib/armv7-m\libstdc++.a(system_error.o)
 .rodata._ZTVSt14error_category
                0x0000a7f0       0x28 c:/nxp/lpcxpresso_7.3.0_186/lpcxpresso/tools/bin/../lib/gcc/arm-none-eabi/4.8.4/../../../../arm-none-eabi/lib/armv7-m\libstdc++.a(system_error.o)
                0x0000a7f0                vtable for std::error_category
 .rodata._ZTVN12_GLOBAL__N_121system_error_categoryE
                0x0000a818       0x28 c:/nxp/lpcxpresso_7.3.0_186/lpcxpresso/tools/bin/../lib/gcc/arm-none-eabi/4.8.4/../../../../arm-none-eabi/lib/armv7-m\libstdc++.a(system_error.o)
 .rodata._ZTSSt14error_category
                0x0000a840       0x14 c:/nxp/lpcxpresso_7.3.0_186/lpcxpresso/tools/bin/../lib/gcc/arm-none-eabi/4.8.4/../../../../arm-none-eabi/lib/armv7-m\libstdc++.a(system_error.o)
                0x0000a840                typeinfo name for std::error_category
 *fill*         0x0000a854        0x4 
 .rodata._ZTVN12_GLOBAL__N_122generic_error_categoryE
                0x0000a858       0x28 c:/nxp/lpcxpresso_7.3.0_186/lpcxpresso/tools/bin/../lib/gcc/arm-none-eabi/4.8.4/../../../../arm-none-eabi/lib/armv7-m\libstdc++.a(system_error.o)
 .rodata.str1.4
                0x0000a880        0xf c:/nxp/lpcxpresso_7.3.0_186/lpcxpresso/tools/bin/../lib/gcc/arm-none-eabi/4.8.4/../../../../arm-none-eabi/lib/armv7-m\libstdc++.a(system_error.o)
                                 0x10 (size before relaxing)
 *fill*         0x0000a88f        0x1 
 .rodata._ZTISt14error_category
                0x0000a890        0x8 c:/nxp/lpcxpresso_7.3.0_186/lpcxpresso/tools/bin/../lib/gcc/arm-none-eabi/4.8.4/../../../../arm-none-eabi/lib/armv7-m\libstdc++.a(system_error.o)
                0x0000a890                typeinfo for std::error_category
 .rodata._ZTSN12_GLOBAL__N_122generic_error_categoryE
                0x0000a898       0x2c c:/nxp/lpcxpresso_7.3.0_186/lpcxpresso/tools/bin/../lib/gcc/arm-none-eabi/4.8.4/../../../../arm-none-eabi/lib/armv7-m\libstdc++.a(system_error.o)
 .rodata._ZTIN12_GLOBAL__N_121system_error_categoryE
                0x0000a8c4        0xc c:/nxp/lpcxpresso_7.3.0_186/lpcxpresso/tools/bin/../lib/gcc/arm-none-eabi/4.8.4/../../../../arm-none-eabi/lib/armv7-m\libstdc++.a(system_error.o)
 .rodata._ZTIN12_GLOBAL__N_122generic_error_categoryE
                0x0000a8d0        0xc c:/nxp/lpcxpresso_7.3.0_186/lpcxpresso/tools/bin/../lib/gcc/arm-none-eabi/4.8.4/../../../../arm-none-eabi/lib/armv7-m\libstdc++.a(system_error.o)
 *fill*         0x0000a8dc        0x4 
 .rodata._ZTVSt9bad_alloc
                0x0000a8e0       0x18 c:/nxp/lpcxpresso_7.3.0_186/lpcxpresso/tools/bin/../lib/gcc/arm-none-eabi/4.8.4/../../../../arm-none-eabi/lib/armv7-m\libstdc++.a(bad_alloc.o)
                0x0000a8e0                vtable for std::bad_alloc
 .rodata._ZTISt9bad_alloc
                0x0000a8f8        0xc c:/nxp/lpcxpresso_7.3.0_186/lpcxpresso/tools/bin/../lib/gcc/arm-none-eabi/4.8.4/../../../../arm-none-eabi/lib/armv7-m\libstdc++.a(bad_alloc.o)
                0x0000a8f8                typeinfo for std::bad_alloc
 .rodata.str1.4
                0x0000a904        0xf c:/nxp/lpcxpresso_7.3.0_186/lpcxpresso/tools/bin/../lib/gcc/arm-none-eabi/4.8.4/../../../../arm-none-eabi/lib/armv7-m\libstdc++.a(bad_alloc.o)
                                 0x10 (size before relaxing)
 *fill*         0x0000a913        0x1 
 .rodata._ZTSSt9bad_alloc
                0x0000a914       0x10 c:/nxp/lpcxpresso_7.3.0_186/lpcxpresso/tools/bin/../lib/gcc/arm-none-eabi/4.8.4/../../../../arm-none-eabi/lib/armv7-m\libstdc++.a(bad_alloc.o)
                0x0000a914                typeinfo name for std::bad_alloc
 *fill*         0x0000a924        0x4 
 .rodata._ZTVN10__cxxabiv117__class_type_infoE
                0x0000a928       0x30 c:/nxp/lpcxpresso_7.3.0_186/lpcxpresso/tools/bin/../lib/gcc/arm-none-eabi/4.8.4/../../../../arm-none-eabi/lib/armv7-m\libstdc++.a(class_type_info.o)
                0x0000a928                vtable for __cxxabiv1::__class_type_info
 .rodata._ZTIN10__cxxabiv117__class_type_infoE
                0x0000a958        0xc c:/nxp/lpcxpresso_7.3.0_186/lpcxpresso/tools/bin/../lib/gcc/arm-none-eabi/4.8.4/../../../../arm-none-eabi/lib/armv7-m\libstdc++.a(class_type_info.o)
                0x0000a958                typeinfo for __cxxabiv1::__class_type_info
 .rodata._ZTSN10__cxxabiv117__class_type_infoE
                0x0000a964       0x24 c:/nxp/lpcxpresso_7.3.0_186/lpcxpresso/tools/bin/../lib/gcc/arm-none-eabi/4.8.4/../../../../arm-none-eabi/lib/armv7-m\libstdc++.a(class_type_info.o)
                0x0000a964                typeinfo name for __cxxabiv1::__class_type_info
 .rodata._ZTVSt9exception
                0x0000a988       0x18 c:/nxp/lpcxpresso_7.3.0_186/lpcxpresso/tools/bin/../lib/gcc/arm-none-eabi/4.8.4/../../../../arm-none-eabi/lib/armv7-m\libstdc++.a(eh_exception.o)
                0x0000a988                vtable for std::exception
 .rodata._ZTIN10__cxxabiv115__forced_unwindE
                0x0000a9a0        0x8 c:/nxp/lpcxpresso_7.3.0_186/lpcxpresso/tools/bin/../lib/gcc/arm-none-eabi/4.8.4/../../../../arm-none-eabi/lib/armv7-m\libstdc++.a(eh_exception.o)
                0x0000a9a0                typeinfo for __cxxabiv1::__forced_unwind
 .rodata._ZTISt9exception
                0x0000a9a8        0x8 c:/nxp/lpcxpresso_7.3.0_186/lpcxpresso/tools/bin/../lib/gcc/arm-none-eabi/4.8.4/../../../../arm-none-eabi/lib/armv7-m\libstdc++.a(eh_exception.o)
                0x0000a9a8                typeinfo for std::exception
 .rodata._ZTSSt13bad_exception
                0x0000a9b0       0x14 c:/nxp/lpcxpresso_7.3.0_186/lpcxpresso/tools/bin/../lib/gcc/arm-none-eabi/4.8.4/../../../../arm-none-eabi/lib/armv7-m\libstdc++.a(eh_exception.o)
                0x0000a9b0                typeinfo name for std::bad_exception
 .rodata.str1.4
                0x0000a9c4       0x23 c:/nxp/lpcxpresso_7.3.0_186/lpcxpresso/tools/bin/../lib/gcc/arm-none-eabi/4.8.4/../../../../arm-none-eabi/lib/armv7-m\libstdc++.a(eh_exception.o)
                                 0x24 (size before relaxing)
 *fill*         0x0000a9e7        0x1 
 .rodata._ZTSN10__cxxabiv119__foreign_exceptionE
                0x0000a9e8       0x24 c:/nxp/lpcxpresso_7.3.0_186/lpcxpresso/tools/bin/../lib/gcc/arm-none-eabi/4.8.4/../../../../arm-none-eabi/lib/armv7-m\libstdc++.a(eh_exception.o)
                0x0000a9e8                typeinfo name for __cxxabiv1::__foreign_exception
 .rodata._ZTIN10__cxxabiv119__foreign_exceptionE
                0x0000aa0c        0x8 c:/nxp/lpcxpresso_7.3.0_186/lpcxpresso/tools/bin/../lib/gcc/arm-none-eabi/4.8.4/../../../../arm-none-eabi/lib/armv7-m\libstdc++.a(eh_exception.o)
                0x0000aa0c                typeinfo for __cxxabiv1::__foreign_exception
 *fill*         0x0000aa14        0x4 
 .rodata._ZTVSt13bad_exception
                0x0000aa18       0x18 c:/nxp/lpcxpresso_7.3.0_186/lpcxpresso/tools/bin/../lib/gcc/arm-none-eabi/4.8.4/../../../../arm-none-eabi/lib/armv7-m\libstdc++.a(eh_exception.o)
                0x0000aa18                vtable for std::bad_exception
 .rodata._ZTSSt9exception
                0x0000aa30       0x10 c:/nxp/lpcxpresso_7.3.0_186/lpcxpresso/tools/bin/../lib/gcc/arm-none-eabi/4.8.4/../../../../arm-none-eabi/lib/armv7-m\libstdc++.a(eh_exception.o)
                0x0000aa30                typeinfo name for std::exception
 .rodata._ZTSN10__cxxabiv115__forced_unwindE
                0x0000aa40       0x20 c:/nxp/lpcxpresso_7.3.0_186/lpcxpresso/tools/bin/../lib/gcc/arm-none-eabi/4.8.4/../../../../arm-none-eabi/lib/armv7-m\libstdc++.a(eh_exception.o)
                0x0000aa40                typeinfo name for __cxxabiv1::__forced_unwind
 .rodata._ZTISt13bad_exception
                0x0000aa60        0xc c:/nxp/lpcxpresso_7.3.0_186/lpcxpresso/tools/bin/../lib/gcc/arm-none-eabi/4.8.4/../../../../arm-none-eabi/lib/armv7-m\libstdc++.a(eh_exception.o)
                0x0000aa60                typeinfo for std::bad_exception
 *fill*         0x0000aa6c        0x4 
 .rodata._ZTVN10__cxxabiv120__si_class_type_infoE
                0x0000aa70       0x30 c:/nxp/lpcxpresso_7.3.0_186/lpcxpresso/tools/bin/../lib/gcc/arm-none-eabi/4.8.4/../../../../arm-none-eabi/lib/armv7-m\libstdc++.a(si_class_type_info.o)
                0x0000aa70                vtable for __cxxabiv1::__si_class_type_info
 .rodata._ZTIN10__cxxabiv120__si_class_type_infoE
                0x0000aaa0        0xc c:/nxp/lpcxpresso_7.3.0_186/lpcxpresso/tools/bin/../lib/gcc/arm-none-eabi/4.8.4/../../../../arm-none-eabi/lib/armv7-m\libstdc++.a(si_class_type_info.o)
                0x0000aaa0                typeinfo for __cxxabiv1::__si_class_type_info
 .rodata._ZTSN10__cxxabiv120__si_class_type_infoE
                0x0000aaac       0x28 c:/nxp/lpcxpresso_7.3.0_186/lpcxpresso/tools/bin/../lib/gcc/arm-none-eabi/4.8.4/../../../../arm-none-eabi/lib/armv7-m\libstdc++.a(si_class_type_info.o)
                0x0000aaac                typeinfo name for __cxxabiv1::__si_class_type_info
 .rodata._ZTISt11logic_error
                0x0000aad4        0xc c:/nxp/lpcxpresso_7.3.0_186/lpcxpresso/tools/bin/../lib/gcc/arm-none-eabi/4.8.4/../../../../arm-none-eabi/lib/armv7-m\libstdc++.a(stdexcept.o)
                0x0000aad4                typeinfo for std::logic_error
 .rodata._ZTSSt12out_of_range
                0x0000aae0       0x14 c:/nxp/lpcxpresso_7.3.0_186/lpcxpresso/tools/bin/../lib/gcc/arm-none-eabi/4.8.4/../../../../arm-none-eabi/lib/armv7-m\libstdc++.a(stdexcept.o)
                0x0000aae0                typeinfo name for std::out_of_range
 .rodata._ZTSSt11logic_error
                0x0000aaf4       0x10 c:/nxp/lpcxpresso_7.3.0_186/lpcxpresso/tools/bin/../lib/gcc/arm-none-eabi/4.8.4/../../../../arm-none-eabi/lib/armv7-m\libstdc++.a(stdexcept.o)
                0x0000aaf4                typeinfo name for std::logic_error
 *fill*         0x0000ab04        0x4 
 .rodata._ZTVSt12out_of_range
                0x0000ab08       0x18 c:/nxp/lpcxpresso_7.3.0_186/lpcxpresso/tools/bin/../lib/gcc/arm-none-eabi/4.8.4/../../../../arm-none-eabi/lib/armv7-m\libstdc++.a(stdexcept.o)
                0x0000ab08                vtable for std::out_of_range
 .rodata._ZTVSt11logic_error
                0x0000ab20       0x18 c:/nxp/lpcxpresso_7.3.0_186/lpcxpresso/tools/bin/../lib/gcc/arm-none-eabi/4.8.4/../../../../arm-none-eabi/lib/armv7-m\libstdc++.a(stdexcept.o)
                0x0000ab20                vtable for std::logic_error
 .rodata._ZTISt12out_of_range
                0x0000ab38        0xc c:/nxp/lpcxpresso_7.3.0_186/lpcxpresso/tools/bin/../lib/gcc/arm-none-eabi/4.8.4/../../../../arm-none-eabi/lib/armv7-m\libstdc++.a(stdexcept.o)
                0x0000ab38                typeinfo for std::out_of_range
 .rodata._ZTSSt12length_error
                0x0000ab44       0x14 c:/nxp/lpcxpresso_7.3.0_186/lpcxpresso/tools/bin/../lib/gcc/arm-none-eabi/4.8.4/../../../../arm-none-eabi/lib/armv7-m\libstdc++.a(stdexcept.o)
                0x0000ab44                typeinfo name for std::length_error
 .rodata._ZTISt12length_error
                0x0000ab58        0xc c:/nxp/lpcxpresso_7.3.0_186/lpcxpresso/tools/bin/../lib/gcc/arm-none-eabi/4.8.4/../../../../arm-none-eabi/lib/armv7-m\libstdc++.a(stdexcept.o)
                0x0000ab58                typeinfo for std::length_error
 *fill*         0x0000ab64        0x4 
 .rodata._ZTVSt12length_error
                0x0000ab68       0x18 c:/nxp/lpcxpresso_7.3.0_186/lpcxpresso/tools/bin/../lib/gcc/arm-none-eabi/4.8.4/../../../../arm-none-eabi/lib/armv7-m\libstdc++.a(stdexcept.o)
                0x0000ab68                vtable for std::length_error
 .rodata.str1.4
                0x0000ab80      0x161 c:/nxp/lpcxpresso_7.3.0_186/lpcxpresso/tools/bin/../lib/gcc/arm-none-eabi/4.8.4/../../../../arm-none-eabi/lib/armv7-m\libstdc++.a(string-inst.o)
                                0x164 (size before relaxing)
 *fill*         0x0000ace1        0x3 
 .rodata._ZTISt9type_info
                0x0000ace4        0x8 c:/nxp/lpcxpresso_7.3.0_186/lpcxpresso/tools/bin/../lib/gcc/arm-none-eabi/4.8.4/../../../../arm-none-eabi/lib/armv7-m\libstdc++.a(tinfo.o)
                0x0000ace4                typeinfo for std::type_info
 .rodata._ZTSSt9type_info
                0x0000acec       0x10 c:/nxp/lpcxpresso_7.3.0_186/lpcxpresso/tools/bin/../lib/gcc/arm-none-eabi/4.8.4/../../../../arm-none-eabi/lib/armv7-m\libstdc++.a(tinfo.o)
                0x0000acec                typeinfo name for std::type_info
 *fill*         0x0000acfc        0x4 
 .rodata._ZTVSt9type_info
                0x0000ad00       0x20 c:/nxp/lpcxpresso_7.3.0_186/lpcxpresso/tools/bin/../lib/gcc/arm-none-eabi/4.8.4/../../../../arm-none-eabi/lib/armv7-m\libstdc++.a(tinfo.o)
                0x0000ad00                vtable for std::type_info
 .rodata.str1.4
                0x0000ad20      0x638 c:/nxp/lpcxpresso_7.3.0_186/lpcxpresso/tools/bin/../lib/gcc/arm-none-eabi/4.8.4/../../../../arm-none-eabi/lib/armv7-m\libc.a(lib_a-strerror.o)
                                0x63c (size before relaxing)
                0x0000b358                . = ALIGN (0x4)
                0x0000b358                . = ALIGN (0x4)
 *(.init)
 .init          0x0000b358        0x4 c:/nxp/lpcxpresso_7.3.0_186/lpcxpresso/tools/bin/../lib/gcc/arm-none-eabi/4.8.4/armv7-m\crti.o
                0x0000b358                _init
 .init          0x0000b35c        0x8 c:/nxp/lpcxpresso_7.3.0_186/lpcxpresso/tools/bin/../lib/gcc/arm-none-eabi/4.8.4/armv7-m\crtn.o